<!doctype html public "-//w3c//dtd html 4.0 transitional//en">
<html><head>
<title>Static Call Graph - [.\Demo\Demo.axf]</title></head>
<body><HR>
<H1>Static Call Graph for image .\Demo\Demo.axf</H1><HR>
<BR><P>#&#060CALLGRAPH&#062# ARM Linker, 5060750: Last Updated: Thu Mar 28 11:59:18 2019
<BR><P>
<H3>Maximum Stack Usage =        240 bytes + Unknown(Cycles, Untraceable Function Pointers)</H3><H3>
Call chain for Maximum Stack Depth:</H3>
main &rArr; USBH_Process &rArr; USBH_HandleEnum &rArr; USBH_Get_StringDesc &rArr; USBH_GetDescriptor &rArr; USBH_CtlReq &rArr; USBH_SubmitSetupRequest
<P>
<H3>
Mutually Recursive functions
</H3> <LI><a href="#[35]">ADC_IRQHandler</a>&nbsp;&nbsp;&nbsp;&rArr;&nbsp;&nbsp;&nbsp;<a href="#[35]">ADC_IRQHandler</a><BR>
</UL>
<P>
<H3>
Function Pointers
</H3><UL>
 <LI><a href="#[35]">ADC_IRQHandler</a> from startup_stm32f4xx.o(.text) referenced from startup_stm32f4xx.o(RESET)
 <LI><a href="#[1d]">BusFault_Handler</a> from stm32f4xx_it.o(i.BusFault_Handler) referenced from startup_stm32f4xx.o(RESET)
 <LI><a href="#[37]">CAN1_RX0_IRQHandler</a> from startup_stm32f4xx.o(.text) referenced from startup_stm32f4xx.o(RESET)
 <LI><a href="#[38]">CAN1_RX1_IRQHandler</a> from startup_stm32f4xx.o(.text) referenced from startup_stm32f4xx.o(RESET)
 <LI><a href="#[39]">CAN1_SCE_IRQHandler</a> from startup_stm32f4xx.o(.text) referenced from startup_stm32f4xx.o(RESET)
 <LI><a href="#[36]">CAN1_TX_IRQHandler</a> from startup_stm32f4xx.o(.text) referenced from startup_stm32f4xx.o(RESET)
 <LI><a href="#[63]">CAN2_RX0_IRQHandler</a> from startup_stm32f4xx.o(.text) referenced from startup_stm32f4xx.o(RESET)
 <LI><a href="#[64]">CAN2_RX1_IRQHandler</a> from startup_stm32f4xx.o(.text) referenced from startup_stm32f4xx.o(RESET)
 <LI><a href="#[65]">CAN2_SCE_IRQHandler</a> from startup_stm32f4xx.o(.text) referenced from startup_stm32f4xx.o(RESET)
 <LI><a href="#[62]">CAN2_TX_IRQHandler</a> from startup_stm32f4xx.o(.text) referenced from startup_stm32f4xx.o(RESET)
 <LI><a href="#[72]">CRYP_IRQHandler</a> from startup_stm32f4xx.o(.text) referenced from startup_stm32f4xx.o(RESET)
 <LI><a href="#[71]">DCMI_IRQHandler</a> from startup_stm32f4xx.o(.text) referenced from startup_stm32f4xx.o(RESET)
 <LI><a href="#[2e]">DMA1_Stream0_IRQHandler</a> from startup_stm32f4xx.o(.text) referenced from startup_stm32f4xx.o(RESET)
 <LI><a href="#[2f]">DMA1_Stream1_IRQHandler</a> from startup_stm32f4xx.o(.text) referenced from startup_stm32f4xx.o(RESET)
 <LI><a href="#[30]">DMA1_Stream2_IRQHandler</a> from startup_stm32f4xx.o(.text) referenced from startup_stm32f4xx.o(RESET)
 <LI><a href="#[31]">DMA1_Stream3_IRQHandler</a> from startup_stm32f4xx.o(.text) referenced from startup_stm32f4xx.o(RESET)
 <LI><a href="#[32]">DMA1_Stream4_IRQHandler</a> from startup_stm32f4xx.o(.text) referenced from startup_stm32f4xx.o(RESET)
 <LI><a href="#[33]">DMA1_Stream5_IRQHandler</a> from startup_stm32f4xx.o(.text) referenced from startup_stm32f4xx.o(RESET)
 <LI><a href="#[34]">DMA1_Stream6_IRQHandler</a> from startup_stm32f4xx.o(.text) referenced from startup_stm32f4xx.o(RESET)
 <LI><a href="#[52]">DMA1_Stream7_IRQHandler</a> from startup_stm32f4xx.o(.text) referenced from startup_stm32f4xx.o(RESET)
 <LI><a href="#[5b]">DMA2_Stream0_IRQHandler</a> from startup_stm32f4xx.o(.text) referenced from startup_stm32f4xx.o(RESET)
 <LI><a href="#[5c]">DMA2_Stream1_IRQHandler</a> from startup_stm32f4xx.o(.text) referenced from startup_stm32f4xx.o(RESET)
 <LI><a href="#[5d]">DMA2_Stream2_IRQHandler</a> from startup_stm32f4xx.o(.text) referenced from startup_stm32f4xx.o(RESET)
 <LI><a href="#[5e]">DMA2_Stream3_IRQHandler</a> from startup_stm32f4xx.o(.text) referenced from startup_stm32f4xx.o(RESET)
 <LI><a href="#[5f]">DMA2_Stream4_IRQHandler</a> from startup_stm32f4xx.o(.text) referenced from startup_stm32f4xx.o(RESET)
 <LI><a href="#[67]">DMA2_Stream5_IRQHandler</a> from startup_stm32f4xx.o(.text) referenced from startup_stm32f4xx.o(RESET)
 <LI><a href="#[68]">DMA2_Stream6_IRQHandler</a> from startup_stm32f4xx.o(.text) referenced from startup_stm32f4xx.o(RESET)
 <LI><a href="#[69]">DMA2_Stream7_IRQHandler</a> from startup_stm32f4xx.o(.text) referenced from startup_stm32f4xx.o(RESET)
 <LI><a href="#[20]">DebugMon_Handler</a> from stm32f4xx_it.o(i.DebugMon_Handler) referenced from startup_stm32f4xx.o(RESET)
 <LI><a href="#[60]">ETH_IRQHandler</a> from startup_stm32f4xx.o(.text) referenced from startup_stm32f4xx.o(RESET)
 <LI><a href="#[61]">ETH_WKUP_IRQHandler</a> from startup_stm32f4xx.o(.text) referenced from startup_stm32f4xx.o(RESET)
 <LI><a href="#[29]">EXTI0_IRQHandler</a> from startup_stm32f4xx.o(.text) referenced from startup_stm32f4xx.o(RESET)
 <LI><a href="#[4b]">EXTI15_10_IRQHandler</a> from startup_stm32f4xx.o(.text) referenced from startup_stm32f4xx.o(RESET)
 <LI><a href="#[2a]">EXTI1_IRQHandler</a> from startup_stm32f4xx.o(.text) referenced from startup_stm32f4xx.o(RESET)
 <LI><a href="#[2b]">EXTI2_IRQHandler</a> from startup_stm32f4xx.o(.text) referenced from startup_stm32f4xx.o(RESET)
 <LI><a href="#[2c]">EXTI3_IRQHandler</a> from startup_stm32f4xx.o(.text) referenced from startup_stm32f4xx.o(RESET)
 <LI><a href="#[2d]">EXTI4_IRQHandler</a> from startup_stm32f4xx.o(.text) referenced from startup_stm32f4xx.o(RESET)
 <LI><a href="#[3a]">EXTI9_5_IRQHandler</a> from startup_stm32f4xx.o(.text) referenced from startup_stm32f4xx.o(RESET)
 <LI><a href="#[27]">FLASH_IRQHandler</a> from startup_stm32f4xx.o(.text) referenced from startup_stm32f4xx.o(RESET)
 <LI><a href="#[74]">FPU_IRQHandler</a> from startup_stm32f4xx.o(.text) referenced from startup_stm32f4xx.o(RESET)
 <LI><a href="#[53]">FSMC_IRQHandler</a> from startup_stm32f4xx.o(.text) referenced from startup_stm32f4xx.o(RESET)
 <LI><a href="#[73]">HASH_RNG_IRQHandler</a> from startup_stm32f4xx.o(.text) referenced from startup_stm32f4xx.o(RESET)
 <LI><a href="#[1b]">HardFault_Handler</a> from stm32f4xx_it.o(i.HardFault_Handler) referenced from startup_stm32f4xx.o(RESET)
 <LI><a href="#[43]">I2C1_ER_IRQHandler</a> from startup_stm32f4xx.o(.text) referenced from startup_stm32f4xx.o(RESET)
 <LI><a href="#[42]">I2C1_EV_IRQHandler</a> from startup_stm32f4xx.o(.text) referenced from startup_stm32f4xx.o(RESET)
 <LI><a href="#[45]">I2C2_ER_IRQHandler</a> from startup_stm32f4xx.o(.text) referenced from startup_stm32f4xx.o(RESET)
 <LI><a href="#[44]">I2C2_EV_IRQHandler</a> from startup_stm32f4xx.o(.text) referenced from startup_stm32f4xx.o(RESET)
 <LI><a href="#[6c]">I2C3_ER_IRQHandler</a> from startup_stm32f4xx.o(.text) referenced from startup_stm32f4xx.o(RESET)
 <LI><a href="#[6b]">I2C3_EV_IRQHandler</a> from startup_stm32f4xx.o(.text) referenced from startup_stm32f4xx.o(RESET)
 <LI><a href="#[1c]">MemManage_Handler</a> from stm32f4xx_it.o(i.MemManage_Handler) referenced from startup_stm32f4xx.o(RESET)
 <LI><a href="#[1a]">NMI_Handler</a> from stm32f4xx_it.o(i.NMI_Handler) referenced from startup_stm32f4xx.o(RESET)
 <LI><a href="#[66]">OTG_FS_IRQHandler</a> from stm32f4xx_it.o(i.OTG_FS_IRQHandler) referenced from startup_stm32f4xx.o(RESET)
 <LI><a href="#[4d]">OTG_FS_WKUP_IRQHandler</a> from startup_stm32f4xx.o(.text) referenced from startup_stm32f4xx.o(RESET)
 <LI><a href="#[6e]">OTG_HS_EP1_IN_IRQHandler</a> from startup_stm32f4xx.o(.text) referenced from startup_stm32f4xx.o(RESET)
 <LI><a href="#[6d]">OTG_HS_EP1_OUT_IRQHandler</a> from startup_stm32f4xx.o(.text) referenced from startup_stm32f4xx.o(RESET)
 <LI><a href="#[70]">OTG_HS_IRQHandler</a> from startup_stm32f4xx.o(.text) referenced from startup_stm32f4xx.o(RESET)
 <LI><a href="#[6f]">OTG_HS_WKUP_IRQHandler</a> from startup_stm32f4xx.o(.text) referenced from startup_stm32f4xx.o(RESET)
 <LI><a href="#[24]">PVD_IRQHandler</a> from startup_stm32f4xx.o(.text) referenced from startup_stm32f4xx.o(RESET)
 <LI><a href="#[21]">PendSV_Handler</a> from stm32f4xx_it.o(i.PendSV_Handler) referenced from startup_stm32f4xx.o(RESET)
 <LI><a href="#[28]">RCC_IRQHandler</a> from startup_stm32f4xx.o(.text) referenced from startup_stm32f4xx.o(RESET)
 <LI><a href="#[4c]">RTC_Alarm_IRQHandler</a> from startup_stm32f4xx.o(.text) referenced from startup_stm32f4xx.o(RESET)
 <LI><a href="#[26]">RTC_WKUP_IRQHandler</a> from startup_stm32f4xx.o(.text) referenced from startup_stm32f4xx.o(RESET)
 <LI><a href="#[19]">Reset_Handler</a> from startup_stm32f4xx.o(.text) referenced from startup_stm32f4xx.o(RESET)
 <LI><a href="#[54]">SDIO_IRQHandler</a> from startup_stm32f4xx.o(.text) referenced from startup_stm32f4xx.o(RESET)
 <LI><a href="#[46]">SPI1_IRQHandler</a> from startup_stm32f4xx.o(.text) referenced from startup_stm32f4xx.o(RESET)
 <LI><a href="#[47]">SPI2_IRQHandler</a> from startup_stm32f4xx.o(.text) referenced from startup_stm32f4xx.o(RESET)
 <LI><a href="#[56]">SPI3_IRQHandler</a> from startup_stm32f4xx.o(.text) referenced from startup_stm32f4xx.o(RESET)
 <LI><a href="#[1f]">SVC_Handler</a> from stm32f4xx_it.o(i.SVC_Handler) referenced from startup_stm32f4xx.o(RESET)
 <LI><a href="#[22]">SysTick_Handler</a> from stm32f4xx_it.o(i.SysTick_Handler) referenced from startup_stm32f4xx.o(RESET)
 <LI><a href="#[76]">SystemInit</a> from system_stm32f4xx.o(i.SystemInit) referenced from startup_stm32f4xx.o(.text)
 <LI><a href="#[25]">TAMP_STAMP_IRQHandler</a> from startup_stm32f4xx.o(.text) referenced from startup_stm32f4xx.o(RESET)
 <LI><a href="#[3b]">TIM1_BRK_TIM9_IRQHandler</a> from startup_stm32f4xx.o(.text) referenced from startup_stm32f4xx.o(RESET)
 <LI><a href="#[3e]">TIM1_CC_IRQHandler</a> from startup_stm32f4xx.o(.text) referenced from startup_stm32f4xx.o(RESET)
 <LI><a href="#[3d]">TIM1_TRG_COM_TIM11_IRQHandler</a> from startup_stm32f4xx.o(.text) referenced from startup_stm32f4xx.o(RESET)
 <LI><a href="#[3c]">TIM1_UP_TIM10_IRQHandler</a> from startup_stm32f4xx.o(.text) referenced from startup_stm32f4xx.o(RESET)
 <LI><a href="#[3f]">TIM2_IRQHandler</a> from stm32f4xx_it.o(i.TIM2_IRQHandler) referenced from startup_stm32f4xx.o(RESET)
 <LI><a href="#[40]">TIM3_IRQHandler</a> from stm32f4xx_it.o(i.TIM3_IRQHandler) referenced from startup_stm32f4xx.o(RESET)
 <LI><a href="#[41]">TIM4_IRQHandler</a> from startup_stm32f4xx.o(.text) referenced from startup_stm32f4xx.o(RESET)
 <LI><a href="#[55]">TIM5_IRQHandler</a> from startup_stm32f4xx.o(.text) referenced from startup_stm32f4xx.o(RESET)
 <LI><a href="#[59]">TIM6_DAC_IRQHandler</a> from startup_stm32f4xx.o(.text) referenced from startup_stm32f4xx.o(RESET)
 <LI><a href="#[5a]">TIM7_IRQHandler</a> from startup_stm32f4xx.o(.text) referenced from startup_stm32f4xx.o(RESET)
 <LI><a href="#[4e]">TIM8_BRK_TIM12_IRQHandler</a> from startup_stm32f4xx.o(.text) referenced from startup_stm32f4xx.o(RESET)
 <LI><a href="#[51]">TIM8_CC_IRQHandler</a> from startup_stm32f4xx.o(.text) referenced from startup_stm32f4xx.o(RESET)
 <LI><a href="#[50]">TIM8_TRG_COM_TIM14_IRQHandler</a> from startup_stm32f4xx.o(.text) referenced from startup_stm32f4xx.o(RESET)
 <LI><a href="#[4f]">TIM8_UP_TIM13_IRQHandler</a> from startup_stm32f4xx.o(.text) referenced from startup_stm32f4xx.o(RESET)
 <LI><a href="#[57]">UART4_IRQHandler</a> from startup_stm32f4xx.o(.text) referenced from startup_stm32f4xx.o(RESET)
 <LI><a href="#[58]">UART5_IRQHandler</a> from startup_stm32f4xx.o(.text) referenced from startup_stm32f4xx.o(RESET)
 <LI><a href="#[48]">USART1_IRQHandler</a> from startup_stm32f4xx.o(.text) referenced from startup_stm32f4xx.o(RESET)
 <LI><a href="#[49]">USART2_IRQHandler</a> from startup_stm32f4xx.o(.text) referenced from startup_stm32f4xx.o(RESET)
 <LI><a href="#[4a]">USART3_IRQHandler</a> from startup_stm32f4xx.o(.text) referenced from startup_stm32f4xx.o(RESET)
 <LI><a href="#[6a]">USART6_IRQHandler</a> from startup_stm32f4xx.o(.text) referenced from startup_stm32f4xx.o(RESET)
 <LI><a href="#[14]">USBH_ADK_ClassRequest</a> from usbh_adk_core.o(i.USBH_ADK_ClassRequest) referenced 2 times from usbh_adk_core.o(.data)
 <LI><a href="#[15]">USBH_ADK_Handle</a> from usbh_adk_core.o(i.USBH_ADK_Handle) referenced 2 times from usbh_adk_core.o(.data)
 <LI><a href="#[13]">USBH_ADK_InterfaceDeInit</a> from usbh_adk_core.o(i.USBH_ADK_InterfaceDeInit) referenced 2 times from usbh_adk_core.o(.data)
 <LI><a href="#[12]">USBH_ADK_InterfaceInit</a> from usbh_adk_core.o(i.USBH_ADK_InterfaceInit) referenced 2 times from usbh_adk_core.o(.data)
 <LI><a href="#[17]">USBH_Connected</a> from usbh_core.o(i.USBH_Connected) referenced 2 times from usbh_core.o(.data)
 <LI><a href="#[18]">USBH_Disconnected</a> from usbh_core.o(i.USBH_Disconnected) referenced 2 times from usbh_core.o(.data)
 <LI><a href="#[16]">USBH_SOF</a> from usbh_core.o(i.USBH_SOF) referenced 2 times from usbh_core.o(.data)
 <LI><a href="#[f]">USBH_USR_ADK_Application</a> from usbh_usr.o(i.USBH_USR_ADK_Application) referenced 2 times from usbh_usr.o(.data)
 <LI><a href="#[9]">USBH_USR_Configuration_DescAvailable</a> from usbh_usr.o(i.USBH_USR_Configuration_DescAvailable) referenced 2 times from usbh_usr.o(.data)
 <LI><a href="#[1]">USBH_USR_DeInit</a> from usbh_usr.o(i.USBH_USR_DeInit) referenced 2 times from usbh_usr.o(.data)
 <LI><a href="#[8]">USBH_USR_DeviceAddressAssigned</a> from usbh_usr.o(i.USBH_USR_DeviceAddressAssigned) referenced 2 times from usbh_usr.o(.data)
 <LI><a href="#[2]">USBH_USR_DeviceAttached</a> from usbh_usr.o(i.USBH_USR_DeviceAttached) referenced 2 times from usbh_usr.o(.data)
 <LI><a href="#[4]">USBH_USR_DeviceDisconnected</a> from usbh_usr.o(i.USBH_USR_DeviceDisconnected) referenced 2 times from usbh_usr.o(.data)
 <LI><a href="#[10]">USBH_USR_DeviceNotSupported</a> from usbh_usr.o(i.USBH_USR_DeviceNotSupported) referenced 2 times from usbh_usr.o(.data)
 <LI><a href="#[6]">USBH_USR_DeviceSpeedDetected</a> from usbh_usr.o(i.USBH_USR_DeviceSpeedDetected) referenced 2 times from usbh_usr.o(.data)
 <LI><a href="#[7]">USBH_USR_Device_DescAvailable</a> from usbh_usr.o(i.USBH_USR_Device_DescAvailable) referenced 2 times from usbh_usr.o(.data)
 <LI><a href="#[d]">USBH_USR_EnumerationDone</a> from usbh_usr.o(i.USBH_USR_EnumerationDone) referenced 2 times from usbh_usr.o(.data)
 <LI><a href="#[0]">USBH_USR_Init</a> from usbh_usr.o(i.USBH_USR_Init) referenced 2 times from usbh_usr.o(.data)
 <LI><a href="#[a]">USBH_USR_Manufacturer_String</a> from usbh_usr.o(i.USBH_USR_Manufacturer_String) referenced 2 times from usbh_usr.o(.data)
 <LI><a href="#[5]">USBH_USR_OverCurrentDetected</a> from usbh_usr.o(i.USBH_USR_OverCurrentDetected) referenced 2 times from usbh_usr.o(.data)
 <LI><a href="#[b]">USBH_USR_Product_String</a> from usbh_usr.o(i.USBH_USR_Product_String) referenced 2 times from usbh_usr.o(.data)
 <LI><a href="#[3]">USBH_USR_ResetDevice</a> from usbh_usr.o(i.USBH_USR_ResetDevice) referenced 2 times from usbh_usr.o(.data)
 <LI><a href="#[c]">USBH_USR_SerialNum_String</a> from usbh_usr.o(i.USBH_USR_SerialNum_String) referenced 2 times from usbh_usr.o(.data)
 <LI><a href="#[11]">USBH_USR_UnrecoveredError</a> from usbh_usr.o(i.USBH_USR_UnrecoveredError) referenced 2 times from usbh_usr.o(.data)
 <LI><a href="#[e]">USBH_USR_UserInput</a> from usbh_usr.o(i.USBH_USR_UserInput) referenced 2 times from usbh_usr.o(.data)
 <LI><a href="#[1e]">UsageFault_Handler</a> from stm32f4xx_it.o(i.UsageFault_Handler) referenced from startup_stm32f4xx.o(RESET)
 <LI><a href="#[23]">WWDG_IRQHandler</a> from startup_stm32f4xx.o(.text) referenced from startup_stm32f4xx.o(RESET)
 <LI><a href="#[77]">__main</a> from entry.o(.ARM.Collect$$$$00000000) referenced from startup_stm32f4xx.o(.text)
 <LI><a href="#[75]">main</a> from main.o(i.main) referenced from entry9a.o(.ARM.Collect$$$$0000000B)
</UL>
<P>
<H3>
Global Symbols
</H3>
<P><STRONG><a name="[77]"></a>__main</STRONG> (Thumb, 0 bytes, Stack size unknown bytes, entry.o(.ARM.Collect$$$$00000000))
<BR>[Address Reference Count : 1]<UL><LI> startup_stm32f4xx.o(.text)
</UL>
<P><STRONG><a name="[121]"></a>_main_stk</STRONG> (Thumb, 0 bytes, Stack size unknown bytes, entry2.o(.ARM.Collect$$$$00000001))

<P><STRONG><a name="[78]"></a>_main_scatterload</STRONG> (Thumb, 0 bytes, Stack size unknown bytes, entry5.o(.ARM.Collect$$$$00000004))
<BR><BR>[Calls]<UL><LI><a href="#[79]">&gt;&gt;</a>&nbsp;&nbsp;&nbsp;__scatterload
</UL>

<P><STRONG><a name="[87]"></a>__main_after_scatterload</STRONG> (Thumb, 0 bytes, Stack size unknown bytes, entry5.o(.ARM.Collect$$$$00000004))
<BR><BR>[Called By]<UL><LI><a href="#[79]">&gt;&gt;</a>&nbsp;&nbsp;&nbsp;__scatterload
</UL>

<P><STRONG><a name="[122]"></a>_main_clock</STRONG> (Thumb, 0 bytes, Stack size unknown bytes, entry7b.o(.ARM.Collect$$$$00000008))

<P><STRONG><a name="[123]"></a>_main_cpp_init</STRONG> (Thumb, 0 bytes, Stack size unknown bytes, entry8b.o(.ARM.Collect$$$$0000000A))

<P><STRONG><a name="[124]"></a>_main_init</STRONG> (Thumb, 0 bytes, Stack size unknown bytes, entry9a.o(.ARM.Collect$$$$0000000B))

<P><STRONG><a name="[125]"></a>__rt_final_cpp</STRONG> (Thumb, 0 bytes, Stack size unknown bytes, entry10a.o(.ARM.Collect$$$$0000000D))

<P><STRONG><a name="[126]"></a>__rt_final_exit</STRONG> (Thumb, 0 bytes, Stack size unknown bytes, entry11a.o(.ARM.Collect$$$$0000000F))

<P><STRONG><a name="[19]"></a>Reset_Handler</STRONG> (Thumb, 8 bytes, Stack size 0 bytes, startup_stm32f4xx.o(.text))
<BR>[Address Reference Count : 1]<UL><LI> startup_stm32f4xx.o(RESET)
</UL>
<P><STRONG><a name="[35]"></a>ADC_IRQHandler</STRONG> (Thumb, 0 bytes, Stack size 0 bytes, startup_stm32f4xx.o(.text))
<BR><BR>[Calls]<UL><LI><a href="#[35]">&gt;&gt;</a>&nbsp;&nbsp;&nbsp;ADC_IRQHandler
</UL>
<BR>[Called By]<UL><LI><a href="#[35]">&gt;&gt;</a>&nbsp;&nbsp;&nbsp;ADC_IRQHandler
</UL>
<BR>[Address Reference Count : 1]<UL><LI> startup_stm32f4xx.o(RESET)
</UL>
<P><STRONG><a name="[37]"></a>CAN1_RX0_IRQHandler</STRONG> (Thumb, 0 bytes, Stack size 0 bytes, startup_stm32f4xx.o(.text))
<BR>[Address Reference Count : 1]<UL><LI> startup_stm32f4xx.o(RESET)
</UL>
<P><STRONG><a name="[38]"></a>CAN1_RX1_IRQHandler</STRONG> (Thumb, 0 bytes, Stack size 0 bytes, startup_stm32f4xx.o(.text))
<BR>[Address Reference Count : 1]<UL><LI> startup_stm32f4xx.o(RESET)
</UL>
<P><STRONG><a name="[39]"></a>CAN1_SCE_IRQHandler</STRONG> (Thumb, 0 bytes, Stack size 0 bytes, startup_stm32f4xx.o(.text))
<BR>[Address Reference Count : 1]<UL><LI> startup_stm32f4xx.o(RESET)
</UL>
<P><STRONG><a name="[36]"></a>CAN1_TX_IRQHandler</STRONG> (Thumb, 0 bytes, Stack size 0 bytes, startup_stm32f4xx.o(.text))
<BR>[Address Reference Count : 1]<UL><LI> startup_stm32f4xx.o(RESET)
</UL>
<P><STRONG><a name="[63]"></a>CAN2_RX0_IRQHandler</STRONG> (Thumb, 0 bytes, Stack size 0 bytes, startup_stm32f4xx.o(.text))
<BR>[Address Reference Count : 1]<UL><LI> startup_stm32f4xx.o(RESET)
</UL>
<P><STRONG><a name="[64]"></a>CAN2_RX1_IRQHandler</STRONG> (Thumb, 0 bytes, Stack size 0 bytes, startup_stm32f4xx.o(.text))
<BR>[Address Reference Count : 1]<UL><LI> startup_stm32f4xx.o(RESET)
</UL>
<P><STRONG><a name="[65]"></a>CAN2_SCE_IRQHandler</STRONG> (Thumb, 0 bytes, Stack size 0 bytes, startup_stm32f4xx.o(.text))
<BR>[Address Reference Count : 1]<UL><LI> startup_stm32f4xx.o(RESET)
</UL>
<P><STRONG><a name="[62]"></a>CAN2_TX_IRQHandler</STRONG> (Thumb, 0 bytes, Stack size 0 bytes, startup_stm32f4xx.o(.text))
<BR>[Address Reference Count : 1]<UL><LI> startup_stm32f4xx.o(RESET)
</UL>
<P><STRONG><a name="[72]"></a>CRYP_IRQHandler</STRONG> (Thumb, 0 bytes, Stack size 0 bytes, startup_stm32f4xx.o(.text))
<BR>[Address Reference Count : 1]<UL><LI> startup_stm32f4xx.o(RESET)
</UL>
<P><STRONG><a name="[71]"></a>DCMI_IRQHandler</STRONG> (Thumb, 0 bytes, Stack size 0 bytes, startup_stm32f4xx.o(.text))
<BR>[Address Reference Count : 1]<UL><LI> startup_stm32f4xx.o(RESET)
</UL>
<P><STRONG><a name="[2e]"></a>DMA1_Stream0_IRQHandler</STRONG> (Thumb, 0 bytes, Stack size 0 bytes, startup_stm32f4xx.o(.text))
<BR>[Address Reference Count : 1]<UL><LI> startup_stm32f4xx.o(RESET)
</UL>
<P><STRONG><a name="[2f]"></a>DMA1_Stream1_IRQHandler</STRONG> (Thumb, 0 bytes, Stack size 0 bytes, startup_stm32f4xx.o(.text))
<BR>[Address Reference Count : 1]<UL><LI> startup_stm32f4xx.o(RESET)
</UL>
<P><STRONG><a name="[30]"></a>DMA1_Stream2_IRQHandler</STRONG> (Thumb, 0 bytes, Stack size 0 bytes, startup_stm32f4xx.o(.text))
<BR>[Address Reference Count : 1]<UL><LI> startup_stm32f4xx.o(RESET)
</UL>
<P><STRONG><a name="[31]"></a>DMA1_Stream3_IRQHandler</STRONG> (Thumb, 0 bytes, Stack size 0 bytes, startup_stm32f4xx.o(.text))
<BR>[Address Reference Count : 1]<UL><LI> startup_stm32f4xx.o(RESET)
</UL>
<P><STRONG><a name="[32]"></a>DMA1_Stream4_IRQHandler</STRONG> (Thumb, 0 bytes, Stack size 0 bytes, startup_stm32f4xx.o(.text))
<BR>[Address Reference Count : 1]<UL><LI> startup_stm32f4xx.o(RESET)
</UL>
<P><STRONG><a name="[33]"></a>DMA1_Stream5_IRQHandler</STRONG> (Thumb, 0 bytes, Stack size 0 bytes, startup_stm32f4xx.o(.text))
<BR>[Address Reference Count : 1]<UL><LI> startup_stm32f4xx.o(RESET)
</UL>
<P><STRONG><a name="[34]"></a>DMA1_Stream6_IRQHandler</STRONG> (Thumb, 0 bytes, Stack size 0 bytes, startup_stm32f4xx.o(.text))
<BR>[Address Reference Count : 1]<UL><LI> startup_stm32f4xx.o(RESET)
</UL>
<P><STRONG><a name="[52]"></a>DMA1_Stream7_IRQHandler</STRONG> (Thumb, 0 bytes, Stack size 0 bytes, startup_stm32f4xx.o(.text))
<BR>[Address Reference Count : 1]<UL><LI> startup_stm32f4xx.o(RESET)
</UL>
<P><STRONG><a name="[5b]"></a>DMA2_Stream0_IRQHandler</STRONG> (Thumb, 0 bytes, Stack size 0 bytes, startup_stm32f4xx.o(.text))
<BR>[Address Reference Count : 1]<UL><LI> startup_stm32f4xx.o(RESET)
</UL>
<P><STRONG><a name="[5c]"></a>DMA2_Stream1_IRQHandler</STRONG> (Thumb, 0 bytes, Stack size 0 bytes, startup_stm32f4xx.o(.text))
<BR>[Address Reference Count : 1]<UL><LI> startup_stm32f4xx.o(RESET)
</UL>
<P><STRONG><a name="[5d]"></a>DMA2_Stream2_IRQHandler</STRONG> (Thumb, 0 bytes, Stack size 0 bytes, startup_stm32f4xx.o(.text))
<BR>[Address Reference Count : 1]<UL><LI> startup_stm32f4xx.o(RESET)
</UL>
<P><STRONG><a name="[5e]"></a>DMA2_Stream3_IRQHandler</STRONG> (Thumb, 0 bytes, Stack size 0 bytes, startup_stm32f4xx.o(.text))
<BR>[Address Reference Count : 1]<UL><LI> startup_stm32f4xx.o(RESET)
</UL>
<P><STRONG><a name="[5f]"></a>DMA2_Stream4_IRQHandler</STRONG> (Thumb, 0 bytes, Stack size 0 bytes, startup_stm32f4xx.o(.text))
<BR>[Address Reference Count : 1]<UL><LI> startup_stm32f4xx.o(RESET)
</UL>
<P><STRONG><a name="[67]"></a>DMA2_Stream5_IRQHandler</STRONG> (Thumb, 0 bytes, Stack size 0 bytes, startup_stm32f4xx.o(.text))
<BR>[Address Reference Count : 1]<UL><LI> startup_stm32f4xx.o(RESET)
</UL>
<P><STRONG><a name="[68]"></a>DMA2_Stream6_IRQHandler</STRONG> (Thumb, 0 bytes, Stack size 0 bytes, startup_stm32f4xx.o(.text))
<BR>[Address Reference Count : 1]<UL><LI> startup_stm32f4xx.o(RESET)
</UL>
<P><STRONG><a name="[69]"></a>DMA2_Stream7_IRQHandler</STRONG> (Thumb, 0 bytes, Stack size 0 bytes, startup_stm32f4xx.o(.text))
<BR>[Address Reference Count : 1]<UL><LI> startup_stm32f4xx.o(RESET)
</UL>
<P><STRONG><a name="[60]"></a>ETH_IRQHandler</STRONG> (Thumb, 0 bytes, Stack size 0 bytes, startup_stm32f4xx.o(.text))
<BR>[Address Reference Count : 1]<UL><LI> startup_stm32f4xx.o(RESET)
</UL>
<P><STRONG><a name="[61]"></a>ETH_WKUP_IRQHandler</STRONG> (Thumb, 0 bytes, Stack size 0 bytes, startup_stm32f4xx.o(.text))
<BR>[Address Reference Count : 1]<UL><LI> startup_stm32f4xx.o(RESET)
</UL>
<P><STRONG><a name="[29]"></a>EXTI0_IRQHandler</STRONG> (Thumb, 0 bytes, Stack size 0 bytes, startup_stm32f4xx.o(.text))
<BR>[Address Reference Count : 1]<UL><LI> startup_stm32f4xx.o(RESET)
</UL>
<P><STRONG><a name="[4b]"></a>EXTI15_10_IRQHandler</STRONG> (Thumb, 0 bytes, Stack size 0 bytes, startup_stm32f4xx.o(.text))
<BR>[Address Reference Count : 1]<UL><LI> startup_stm32f4xx.o(RESET)
</UL>
<P><STRONG><a name="[2a]"></a>EXTI1_IRQHandler</STRONG> (Thumb, 0 bytes, Stack size 0 bytes, startup_stm32f4xx.o(.text))
<BR>[Address Reference Count : 1]<UL><LI> startup_stm32f4xx.o(RESET)
</UL>
<P><STRONG><a name="[2b]"></a>EXTI2_IRQHandler</STRONG> (Thumb, 0 bytes, Stack size 0 bytes, startup_stm32f4xx.o(.text))
<BR>[Address Reference Count : 1]<UL><LI> startup_stm32f4xx.o(RESET)
</UL>
<P><STRONG><a name="[2c]"></a>EXTI3_IRQHandler</STRONG> (Thumb, 0 bytes, Stack size 0 bytes, startup_stm32f4xx.o(.text))
<BR>[Address Reference Count : 1]<UL><LI> startup_stm32f4xx.o(RESET)
</UL>
<P><STRONG><a name="[2d]"></a>EXTI4_IRQHandler</STRONG> (Thumb, 0 bytes, Stack size 0 bytes, startup_stm32f4xx.o(.text))
<BR>[Address Reference Count : 1]<UL><LI> startup_stm32f4xx.o(RESET)
</UL>
<P><STRONG><a name="[3a]"></a>EXTI9_5_IRQHandler</STRONG> (Thumb, 0 bytes, Stack size 0 bytes, startup_stm32f4xx.o(.text))
<BR>[Address Reference Count : 1]<UL><LI> startup_stm32f4xx.o(RESET)
</UL>
<P><STRONG><a name="[27]"></a>FLASH_IRQHandler</STRONG> (Thumb, 0 bytes, Stack size 0 bytes, startup_stm32f4xx.o(.text))
<BR>[Address Reference Count : 1]<UL><LI> startup_stm32f4xx.o(RESET)
</UL>
<P><STRONG><a name="[74]"></a>FPU_IRQHandler</STRONG> (Thumb, 0 bytes, Stack size 0 bytes, startup_stm32f4xx.o(.text))
<BR>[Address Reference Count : 1]<UL><LI> startup_stm32f4xx.o(RESET)
</UL>
<P><STRONG><a name="[53]"></a>FSMC_IRQHandler</STRONG> (Thumb, 0 bytes, Stack size 0 bytes, startup_stm32f4xx.o(.text))
<BR>[Address Reference Count : 1]<UL><LI> startup_stm32f4xx.o(RESET)
</UL>
<P><STRONG><a name="[73]"></a>HASH_RNG_IRQHandler</STRONG> (Thumb, 0 bytes, Stack size 0 bytes, startup_stm32f4xx.o(.text))
<BR>[Address Reference Count : 1]<UL><LI> startup_stm32f4xx.o(RESET)
</UL>
<P><STRONG><a name="[43]"></a>I2C1_ER_IRQHandler</STRONG> (Thumb, 0 bytes, Stack size 0 bytes, startup_stm32f4xx.o(.text))
<BR>[Address Reference Count : 1]<UL><LI> startup_stm32f4xx.o(RESET)
</UL>
<P><STRONG><a name="[42]"></a>I2C1_EV_IRQHandler</STRONG> (Thumb, 0 bytes, Stack size 0 bytes, startup_stm32f4xx.o(.text))
<BR>[Address Reference Count : 1]<UL><LI> startup_stm32f4xx.o(RESET)
</UL>
<P><STRONG><a name="[45]"></a>I2C2_ER_IRQHandler</STRONG> (Thumb, 0 bytes, Stack size 0 bytes, startup_stm32f4xx.o(.text))
<BR>[Address Reference Count : 1]<UL><LI> startup_stm32f4xx.o(RESET)
</UL>
<P><STRONG><a name="[44]"></a>I2C2_EV_IRQHandler</STRONG> (Thumb, 0 bytes, Stack size 0 bytes, startup_stm32f4xx.o(.text))
<BR>[Address Reference Count : 1]<UL><LI> startup_stm32f4xx.o(RESET)
</UL>
<P><STRONG><a name="[6c]"></a>I2C3_ER_IRQHandler</STRONG> (Thumb, 0 bytes, Stack size 0 bytes, startup_stm32f4xx.o(.text))
<BR>[Address Reference Count : 1]<UL><LI> startup_stm32f4xx.o(RESET)
</UL>
<P><STRONG><a name="[6b]"></a>I2C3_EV_IRQHandler</STRONG> (Thumb, 0 bytes, Stack size 0 bytes, startup_stm32f4xx.o(.text))
<BR>[Address Reference Count : 1]<UL><LI> startup_stm32f4xx.o(RESET)
</UL>
<P><STRONG><a name="[4d]"></a>OTG_FS_WKUP_IRQHandler</STRONG> (Thumb, 0 bytes, Stack size 0 bytes, startup_stm32f4xx.o(.text))
<BR>[Address Reference Count : 1]<UL><LI> startup_stm32f4xx.o(RESET)
</UL>
<P><STRONG><a name="[6e]"></a>OTG_HS_EP1_IN_IRQHandler</STRONG> (Thumb, 0 bytes, Stack size 0 bytes, startup_stm32f4xx.o(.text))
<BR>[Address Reference Count : 1]<UL><LI> startup_stm32f4xx.o(RESET)
</UL>
<P><STRONG><a name="[6d]"></a>OTG_HS_EP1_OUT_IRQHandler</STRONG> (Thumb, 0 bytes, Stack size 0 bytes, startup_stm32f4xx.o(.text))
<BR>[Address Reference Count : 1]<UL><LI> startup_stm32f4xx.o(RESET)
</UL>
<P><STRONG><a name="[70]"></a>OTG_HS_IRQHandler</STRONG> (Thumb, 0 bytes, Stack size 0 bytes, startup_stm32f4xx.o(.text))
<BR>[Address Reference Count : 1]<UL><LI> startup_stm32f4xx.o(RESET)
</UL>
<P><STRONG><a name="[6f]"></a>OTG_HS_WKUP_IRQHandler</STRONG> (Thumb, 0 bytes, Stack size 0 bytes, startup_stm32f4xx.o(.text))
<BR>[Address Reference Count : 1]<UL><LI> startup_stm32f4xx.o(RESET)
</UL>
<P><STRONG><a name="[24]"></a>PVD_IRQHandler</STRONG> (Thumb, 0 bytes, Stack size 0 bytes, startup_stm32f4xx.o(.text))
<BR>[Address Reference Count : 1]<UL><LI> startup_stm32f4xx.o(RESET)
</UL>
<P><STRONG><a name="[28]"></a>RCC_IRQHandler</STRONG> (Thumb, 0 bytes, Stack size 0 bytes, startup_stm32f4xx.o(.text))
<BR>[Address Reference Count : 1]<UL><LI> startup_stm32f4xx.o(RESET)
</UL>
<P><STRONG><a name="[4c]"></a>RTC_Alarm_IRQHandler</STRONG> (Thumb, 0 bytes, Stack size 0 bytes, startup_stm32f4xx.o(.text))
<BR>[Address Reference Count : 1]<UL><LI> startup_stm32f4xx.o(RESET)
</UL>
<P><STRONG><a name="[26]"></a>RTC_WKUP_IRQHandler</STRONG> (Thumb, 0 bytes, Stack size 0 bytes, startup_stm32f4xx.o(.text))
<BR>[Address Reference Count : 1]<UL><LI> startup_stm32f4xx.o(RESET)
</UL>
<P><STRONG><a name="[54]"></a>SDIO_IRQHandler</STRONG> (Thumb, 0 bytes, Stack size 0 bytes, startup_stm32f4xx.o(.text))
<BR>[Address Reference Count : 1]<UL><LI> startup_stm32f4xx.o(RESET)
</UL>
<P><STRONG><a name="[46]"></a>SPI1_IRQHandler</STRONG> (Thumb, 0 bytes, Stack size 0 bytes, startup_stm32f4xx.o(.text))
<BR>[Address Reference Count : 1]<UL><LI> startup_stm32f4xx.o(RESET)
</UL>
<P><STRONG><a name="[47]"></a>SPI2_IRQHandler</STRONG> (Thumb, 0 bytes, Stack size 0 bytes, startup_stm32f4xx.o(.text))
<BR>[Address Reference Count : 1]<UL><LI> startup_stm32f4xx.o(RESET)
</UL>
<P><STRONG><a name="[56]"></a>SPI3_IRQHandler</STRONG> (Thumb, 0 bytes, Stack size 0 bytes, startup_stm32f4xx.o(.text))
<BR>[Address Reference Count : 1]<UL><LI> startup_stm32f4xx.o(RESET)
</UL>
<P><STRONG><a name="[25]"></a>TAMP_STAMP_IRQHandler</STRONG> (Thumb, 0 bytes, Stack size 0 bytes, startup_stm32f4xx.o(.text))
<BR>[Address Reference Count : 1]<UL><LI> startup_stm32f4xx.o(RESET)
</UL>
<P><STRONG><a name="[3b]"></a>TIM1_BRK_TIM9_IRQHandler</STRONG> (Thumb, 0 bytes, Stack size 0 bytes, startup_stm32f4xx.o(.text))
<BR>[Address Reference Count : 1]<UL><LI> startup_stm32f4xx.o(RESET)
</UL>
<P><STRONG><a name="[3e]"></a>TIM1_CC_IRQHandler</STRONG> (Thumb, 0 bytes, Stack size 0 bytes, startup_stm32f4xx.o(.text))
<BR>[Address Reference Count : 1]<UL><LI> startup_stm32f4xx.o(RESET)
</UL>
<P><STRONG><a name="[3d]"></a>TIM1_TRG_COM_TIM11_IRQHandler</STRONG> (Thumb, 0 bytes, Stack size 0 bytes, startup_stm32f4xx.o(.text))
<BR>[Address Reference Count : 1]<UL><LI> startup_stm32f4xx.o(RESET)
</UL>
<P><STRONG><a name="[3c]"></a>TIM1_UP_TIM10_IRQHandler</STRONG> (Thumb, 0 bytes, Stack size 0 bytes, startup_stm32f4xx.o(.text))
<BR>[Address Reference Count : 1]<UL><LI> startup_stm32f4xx.o(RESET)
</UL>
<P><STRONG><a name="[41]"></a>TIM4_IRQHandler</STRONG> (Thumb, 0 bytes, Stack size 0 bytes, startup_stm32f4xx.o(.text))
<BR>[Address Reference Count : 1]<UL><LI> startup_stm32f4xx.o(RESET)
</UL>
<P><STRONG><a name="[55]"></a>TIM5_IRQHandler</STRONG> (Thumb, 0 bytes, Stack size 0 bytes, startup_stm32f4xx.o(.text))
<BR>[Address Reference Count : 1]<UL><LI> startup_stm32f4xx.o(RESET)
</UL>
<P><STRONG><a name="[59]"></a>TIM6_DAC_IRQHandler</STRONG> (Thumb, 0 bytes, Stack size 0 bytes, startup_stm32f4xx.o(.text))
<BR>[Address Reference Count : 1]<UL><LI> startup_stm32f4xx.o(RESET)
</UL>
<P><STRONG><a name="[5a]"></a>TIM7_IRQHandler</STRONG> (Thumb, 0 bytes, Stack size 0 bytes, startup_stm32f4xx.o(.text))
<BR>[Address Reference Count : 1]<UL><LI> startup_stm32f4xx.o(RESET)
</UL>
<P><STRONG><a name="[4e]"></a>TIM8_BRK_TIM12_IRQHandler</STRONG> (Thumb, 0 bytes, Stack size 0 bytes, startup_stm32f4xx.o(.text))
<BR>[Address Reference Count : 1]<UL><LI> startup_stm32f4xx.o(RESET)
</UL>
<P><STRONG><a name="[51]"></a>TIM8_CC_IRQHandler</STRONG> (Thumb, 0 bytes, Stack size 0 bytes, startup_stm32f4xx.o(.text))
<BR>[Address Reference Count : 1]<UL><LI> startup_stm32f4xx.o(RESET)
</UL>
<P><STRONG><a name="[50]"></a>TIM8_TRG_COM_TIM14_IRQHandler</STRONG> (Thumb, 0 bytes, Stack size 0 bytes, startup_stm32f4xx.o(.text))
<BR>[Address Reference Count : 1]<UL><LI> startup_stm32f4xx.o(RESET)
</UL>
<P><STRONG><a name="[4f]"></a>TIM8_UP_TIM13_IRQHandler</STRONG> (Thumb, 0 bytes, Stack size 0 bytes, startup_stm32f4xx.o(.text))
<BR>[Address Reference Count : 1]<UL><LI> startup_stm32f4xx.o(RESET)
</UL>
<P><STRONG><a name="[57]"></a>UART4_IRQHandler</STRONG> (Thumb, 0 bytes, Stack size 0 bytes, startup_stm32f4xx.o(.text))
<BR>[Address Reference Count : 1]<UL><LI> startup_stm32f4xx.o(RESET)
</UL>
<P><STRONG><a name="[58]"></a>UART5_IRQHandler</STRONG> (Thumb, 0 bytes, Stack size 0 bytes, startup_stm32f4xx.o(.text))
<BR>[Address Reference Count : 1]<UL><LI> startup_stm32f4xx.o(RESET)
</UL>
<P><STRONG><a name="[48]"></a>USART1_IRQHandler</STRONG> (Thumb, 0 bytes, Stack size 0 bytes, startup_stm32f4xx.o(.text))
<BR>[Address Reference Count : 1]<UL><LI> startup_stm32f4xx.o(RESET)
</UL>
<P><STRONG><a name="[49]"></a>USART2_IRQHandler</STRONG> (Thumb, 0 bytes, Stack size 0 bytes, startup_stm32f4xx.o(.text))
<BR>[Address Reference Count : 1]<UL><LI> startup_stm32f4xx.o(RESET)
</UL>
<P><STRONG><a name="[4a]"></a>USART3_IRQHandler</STRONG> (Thumb, 0 bytes, Stack size 0 bytes, startup_stm32f4xx.o(.text))
<BR>[Address Reference Count : 1]<UL><LI> startup_stm32f4xx.o(RESET)
</UL>
<P><STRONG><a name="[6a]"></a>USART6_IRQHandler</STRONG> (Thumb, 0 bytes, Stack size 0 bytes, startup_stm32f4xx.o(.text))
<BR>[Address Reference Count : 1]<UL><LI> startup_stm32f4xx.o(RESET)
</UL>
<P><STRONG><a name="[23]"></a>WWDG_IRQHandler</STRONG> (Thumb, 0 bytes, Stack size 0 bytes, startup_stm32f4xx.o(.text))
<BR>[Address Reference Count : 1]<UL><LI> startup_stm32f4xx.o(RESET)
</UL>
<P><STRONG><a name="[c8]"></a>__aeabi_memcpy</STRONG> (Thumb, 36 bytes, Stack size 0 bytes, memcpya.o(.text))
<BR><BR>[Called By]<UL><LI><a href="#[ca]">&gt;&gt;</a>&nbsp;&nbsp;&nbsp;USBH_ADK_write
<LI><a href="#[c7]">&gt;&gt;</a>&nbsp;&nbsp;&nbsp;USBH_ADK_read
<LI><a href="#[75]">&gt;&gt;</a>&nbsp;&nbsp;&nbsp;main
<LI><a href="#[d9]">&gt;&gt;</a>&nbsp;&nbsp;&nbsp;USBH_HandleEnum
</UL>

<P><STRONG><a name="[127]"></a>__aeabi_memcpy4</STRONG> (Thumb, 0 bytes, Stack size 0 bytes, memcpya.o(.text), UNUSED)

<P><STRONG><a name="[128]"></a>__aeabi_memcpy8</STRONG> (Thumb, 0 bytes, Stack size 0 bytes, memcpya.o(.text), UNUSED)

<P><STRONG><a name="[7b]"></a>__aeabi_memset</STRONG> (Thumb, 14 bytes, Stack size 0 bytes, memseta.o(.text), UNUSED)
<BR><BR>[Called By]<UL><LI><a href="#[7c]">&gt;&gt;</a>&nbsp;&nbsp;&nbsp;_memset$wrapper
<LI><a href="#[7a]">&gt;&gt;</a>&nbsp;&nbsp;&nbsp;__aeabi_memclr
</UL>

<P><STRONG><a name="[129]"></a>__aeabi_memset4</STRONG> (Thumb, 0 bytes, Stack size 0 bytes, memseta.o(.text), UNUSED)

<P><STRONG><a name="[12a]"></a>__aeabi_memset8</STRONG> (Thumb, 0 bytes, Stack size 0 bytes, memseta.o(.text), UNUSED)

<P><STRONG><a name="[7a]"></a>__aeabi_memclr</STRONG> (Thumb, 4 bytes, Stack size 0 bytes, memseta.o(.text), UNUSED)
<BR><BR>[Calls]<UL><LI><a href="#[7b]">&gt;&gt;</a>&nbsp;&nbsp;&nbsp;__aeabi_memset
</UL>

<P><STRONG><a name="[11c]"></a>__aeabi_memclr4</STRONG> (Thumb, 0 bytes, Stack size 0 bytes, memseta.o(.text))
<BR><BR>[Called By]<UL><LI><a href="#[11d]">&gt;&gt;</a>&nbsp;&nbsp;&nbsp;readbatvoltage
<LI><a href="#[75]">&gt;&gt;</a>&nbsp;&nbsp;&nbsp;main
</UL>

<P><STRONG><a name="[12b]"></a>__aeabi_memclr8</STRONG> (Thumb, 0 bytes, Stack size 0 bytes, memseta.o(.text), UNUSED)

<P><STRONG><a name="[7c]"></a>_memset$wrapper</STRONG> (Thumb, 18 bytes, Stack size 8 bytes, memseta.o(.text), UNUSED)
<BR><BR>[Calls]<UL><LI><a href="#[7b]">&gt;&gt;</a>&nbsp;&nbsp;&nbsp;__aeabi_memset
</UL>

<P><STRONG><a name="[dd]"></a>strstr</STRONG> (Thumb, 36 bytes, Stack size 12 bytes, strstr.o(.text))
<BR><BR>[Stack]<UL><LI>Max Depth = 12<LI>Call Chain = strstr
</UL>
<BR>[Called By]<UL><LI><a href="#[d9]">&gt;&gt;</a>&nbsp;&nbsp;&nbsp;USBH_HandleEnum
</UL>

<P><STRONG><a name="[c1]"></a>strncpy</STRONG> (Thumb, 24 bytes, Stack size 8 bytes, strncpy.o(.text))
<BR><BR>[Stack]<UL><LI>Max Depth = 8<LI>Call Chain = strncpy
</UL>
<BR>[Called By]<UL><LI><a href="#[c0]">&gt;&gt;</a>&nbsp;&nbsp;&nbsp;USBH_ADK_Init
</UL>

<P><STRONG><a name="[c9]"></a>strlen</STRONG> (Thumb, 14 bytes, Stack size 0 bytes, strlen.o(.text))
<BR><BR>[Called By]<UL><LI><a href="#[b7]">&gt;&gt;</a>&nbsp;&nbsp;&nbsp;USBH_ADK_sendString
<LI><a href="#[75]">&gt;&gt;</a>&nbsp;&nbsp;&nbsp;main
</UL>

<P><STRONG><a name="[7d]"></a>__aeabi_dadd</STRONG> (Thumb, 322 bytes, Stack size 48 bytes, dadd.o(.text))
<BR><BR>[Stack]<UL><LI>Max Depth = 88<LI>Call Chain = __aeabi_dadd &rArr; _double_epilogue &rArr; _double_round
</UL>
<BR>[Calls]<UL><LI><a href="#[7f]">&gt;&gt;</a>&nbsp;&nbsp;&nbsp;__aeabi_lasr
<LI><a href="#[7e]">&gt;&gt;</a>&nbsp;&nbsp;&nbsp;__aeabi_llsl
<LI><a href="#[81]">&gt;&gt;</a>&nbsp;&nbsp;&nbsp;_double_round
<LI><a href="#[80]">&gt;&gt;</a>&nbsp;&nbsp;&nbsp;_double_epilogue
</UL>
<BR>[Called By]<UL><LI><a href="#[11d]">&gt;&gt;</a>&nbsp;&nbsp;&nbsp;readbatvoltage
<LI><a href="#[83]">&gt;&gt;</a>&nbsp;&nbsp;&nbsp;__aeabi_drsub
<LI><a href="#[82]">&gt;&gt;</a>&nbsp;&nbsp;&nbsp;__aeabi_dsub
</UL>

<P><STRONG><a name="[82]"></a>__aeabi_dsub</STRONG> (Thumb, 6 bytes, Stack size 0 bytes, dadd.o(.text), UNUSED)
<BR><BR>[Calls]<UL><LI><a href="#[7d]">&gt;&gt;</a>&nbsp;&nbsp;&nbsp;__aeabi_dadd
</UL>

<P><STRONG><a name="[83]"></a>__aeabi_drsub</STRONG> (Thumb, 6 bytes, Stack size 0 bytes, dadd.o(.text), UNUSED)
<BR><BR>[Calls]<UL><LI><a href="#[7d]">&gt;&gt;</a>&nbsp;&nbsp;&nbsp;__aeabi_dadd
</UL>

<P><STRONG><a name="[11e]"></a>__aeabi_f2d</STRONG> (Thumb, 38 bytes, Stack size 0 bytes, f2d.o(.text))
<BR><BR>[Called By]<UL><LI><a href="#[11d]">&gt;&gt;</a>&nbsp;&nbsp;&nbsp;readbatvoltage
</UL>

<P><STRONG><a name="[12c]"></a>__aeabi_cdcmpeq</STRONG> (Thumb, 0 bytes, Stack size 0 bytes, cdcmple.o(.text), UNUSED)

<P><STRONG><a name="[120]"></a>__aeabi_cdcmple</STRONG> (Thumb, 48 bytes, Stack size 0 bytes, cdcmple.o(.text))
<BR><BR>[Called By]<UL><LI><a href="#[11d]">&gt;&gt;</a>&nbsp;&nbsp;&nbsp;readbatvoltage
</UL>

<P><STRONG><a name="[11f]"></a>__aeabi_cdrcmple</STRONG> (Thumb, 48 bytes, Stack size 0 bytes, cdrcmple.o(.text))
<BR><BR>[Called By]<UL><LI><a href="#[11d]">&gt;&gt;</a>&nbsp;&nbsp;&nbsp;readbatvoltage
</UL>

<P><STRONG><a name="[84]"></a>__aeabi_d2f</STRONG> (Thumb, 56 bytes, Stack size 8 bytes, d2f.o(.text))
<BR><BR>[Stack]<UL><LI>Max Depth = 8<LI>Call Chain = __aeabi_d2f
</UL>
<BR>[Calls]<UL><LI><a href="#[85]">&gt;&gt;</a>&nbsp;&nbsp;&nbsp;_float_round
</UL>
<BR>[Called By]<UL><LI><a href="#[11d]">&gt;&gt;</a>&nbsp;&nbsp;&nbsp;readbatvoltage
</UL>

<P><STRONG><a name="[7e]"></a>__aeabi_llsl</STRONG> (Thumb, 30 bytes, Stack size 0 bytes, llshl.o(.text))
<BR><BR>[Called By]<UL><LI><a href="#[7d]">&gt;&gt;</a>&nbsp;&nbsp;&nbsp;__aeabi_dadd
<LI><a href="#[80]">&gt;&gt;</a>&nbsp;&nbsp;&nbsp;_double_epilogue
</UL>

<P><STRONG><a name="[12d]"></a>_ll_shift_l</STRONG> (Thumb, 0 bytes, Stack size 0 bytes, llshl.o(.text), UNUSED)

<P><STRONG><a name="[7f]"></a>__aeabi_lasr</STRONG> (Thumb, 36 bytes, Stack size 0 bytes, llsshr.o(.text))
<BR><BR>[Called By]<UL><LI><a href="#[7d]">&gt;&gt;</a>&nbsp;&nbsp;&nbsp;__aeabi_dadd
</UL>

<P><STRONG><a name="[12e]"></a>_ll_sshift_r</STRONG> (Thumb, 0 bytes, Stack size 0 bytes, llsshr.o(.text), UNUSED)

<P><STRONG><a name="[12f]"></a>__I$use$fp</STRONG> (Thumb, 0 bytes, Stack size 0 bytes, iusefp.o(.text), UNUSED)

<P><STRONG><a name="[85]"></a>_float_round</STRONG> (Thumb, 18 bytes, Stack size 0 bytes, fepilogue.o(.text))
<BR><BR>[Called By]<UL><LI><a href="#[84]">&gt;&gt;</a>&nbsp;&nbsp;&nbsp;__aeabi_d2f
</UL>

<P><STRONG><a name="[130]"></a>_float_epilogue</STRONG> (Thumb, 92 bytes, Stack size 4 bytes, fepilogue.o(.text), UNUSED)

<P><STRONG><a name="[81]"></a>_double_round</STRONG> (Thumb, 30 bytes, Stack size 8 bytes, depilogue.o(.text))
<BR><BR>[Stack]<UL><LI>Max Depth = 8<LI>Call Chain = _double_round
</UL>
<BR>[Called By]<UL><LI><a href="#[7d]">&gt;&gt;</a>&nbsp;&nbsp;&nbsp;__aeabi_dadd
<LI><a href="#[80]">&gt;&gt;</a>&nbsp;&nbsp;&nbsp;_double_epilogue
</UL>

<P><STRONG><a name="[80]"></a>_double_epilogue</STRONG> (Thumb, 156 bytes, Stack size 32 bytes, depilogue.o(.text))
<BR><BR>[Stack]<UL><LI>Max Depth = 40<LI>Call Chain = _double_epilogue &rArr; _double_round
</UL>
<BR>[Calls]<UL><LI><a href="#[86]">&gt;&gt;</a>&nbsp;&nbsp;&nbsp;__aeabi_llsr
<LI><a href="#[7e]">&gt;&gt;</a>&nbsp;&nbsp;&nbsp;__aeabi_llsl
<LI><a href="#[81]">&gt;&gt;</a>&nbsp;&nbsp;&nbsp;_double_round
</UL>
<BR>[Called By]<UL><LI><a href="#[7d]">&gt;&gt;</a>&nbsp;&nbsp;&nbsp;__aeabi_dadd
</UL>

<P><STRONG><a name="[79]"></a>__scatterload</STRONG> (Thumb, 28 bytes, Stack size 0 bytes, init.o(.text))
<BR><BR>[Calls]<UL><LI><a href="#[87]">&gt;&gt;</a>&nbsp;&nbsp;&nbsp;__main_after_scatterload
</UL>
<BR>[Called By]<UL><LI><a href="#[78]">&gt;&gt;</a>&nbsp;&nbsp;&nbsp;_main_scatterload
</UL>

<P><STRONG><a name="[131]"></a>__scatterload_rt2</STRONG> (Thumb, 0 bytes, Stack size 0 bytes, init.o(.text), UNUSED)

<P><STRONG><a name="[86]"></a>__aeabi_llsr</STRONG> (Thumb, 32 bytes, Stack size 0 bytes, llushr.o(.text))
<BR><BR>[Called By]<UL><LI><a href="#[80]">&gt;&gt;</a>&nbsp;&nbsp;&nbsp;_double_epilogue
</UL>

<P><STRONG><a name="[132]"></a>_ll_ushift_r</STRONG> (Thumb, 0 bytes, Stack size 0 bytes, llushr.o(.text), UNUSED)

<P><STRONG><a name="[133]"></a>__decompress</STRONG> (Thumb, 0 bytes, Stack size unknown bytes, __dczerorl2.o(.text), UNUSED)

<P><STRONG><a name="[134]"></a>__decompress1</STRONG> (Thumb, 86 bytes, Stack size unknown bytes, __dczerorl2.o(.text), UNUSED)

<P><STRONG><a name="[1d]"></a>BusFault_Handler</STRONG> (Thumb, 4 bytes, Stack size 0 bytes, stm32f4xx_it.o(i.BusFault_Handler))
<BR>[Address Reference Count : 1]<UL><LI> startup_stm32f4xx.o(RESET)
</UL>
<P><STRONG><a name="[20]"></a>DebugMon_Handler</STRONG> (Thumb, 2 bytes, Stack size 0 bytes, stm32f4xx_it.o(i.DebugMon_Handler))
<BR>[Address Reference Count : 1]<UL><LI> startup_stm32f4xx.o(RESET)
</UL>
<P><STRONG><a name="[f6]"></a>Delay</STRONG> (Thumb, 20 bytes, Stack size 8 bytes, main.o(i.Delay))
<BR><BR>[Stack]<UL><LI>Max Depth = 8<LI>Call Chain = Delay
</UL>
<BR>[Called By]<UL><LI><a href="#[f1]">&gt;&gt;</a>&nbsp;&nbsp;&nbsp;USBH_Process
<LI><a href="#[11a]">&gt;&gt;</a>&nbsp;&nbsp;&nbsp;poweron_adkinit
<LI><a href="#[75]">&gt;&gt;</a>&nbsp;&nbsp;&nbsp;main
<LI><a href="#[f7]">&gt;&gt;</a>&nbsp;&nbsp;&nbsp;reinit_ADK
</UL>

<P><STRONG><a name="[8f]"></a>EnableTimerInterrupt</STRONG> (Thumb, 32 bytes, Stack size 8 bytes, main.o(i.EnableTimerInterrupt))
<BR><BR>[Stack]<UL><LI>Max Depth = 24<LI>Call Chain = EnableTimerInterrupt &rArr; NVIC_Init
</UL>
<BR>[Calls]<UL><LI><a href="#[90]">&gt;&gt;</a>&nbsp;&nbsp;&nbsp;NVIC_Init
</UL>
<BR>[Called By]<UL><LI><a href="#[75]">&gt;&gt;</a>&nbsp;&nbsp;&nbsp;main
</UL>

<P><STRONG><a name="[a4]"></a>GPIO_Init</STRONG> (Thumb, 144 bytes, Stack size 20 bytes, stm32f4xx_gpio.o(i.GPIO_Init))
<BR><BR>[Stack]<UL><LI>Max Depth = 20<LI>Call Chain = GPIO_Init
</UL>
<BR>[Called By]<UL><LI><a href="#[e0]">&gt;&gt;</a>&nbsp;&nbsp;&nbsp;USB_OTG_BSP_Init
<LI><a href="#[e1]">&gt;&gt;</a>&nbsp;&nbsp;&nbsp;USB_OTG_BSP_ConfigVBUS
<LI><a href="#[a0]">&gt;&gt;</a>&nbsp;&nbsp;&nbsp;I2C_LowLevel_Init
<LI><a href="#[117]">&gt;&gt;</a>&nbsp;&nbsp;&nbsp;chargercontrol_pins
</UL>

<P><STRONG><a name="[a5]"></a>GPIO_PinAFConfig</STRONG> (Thumb, 70 bytes, Stack size 20 bytes, stm32f4xx_gpio.o(i.GPIO_PinAFConfig))
<BR><BR>[Stack]<UL><LI>Max Depth = 20<LI>Call Chain = GPIO_PinAFConfig
</UL>
<BR>[Called By]<UL><LI><a href="#[e0]">&gt;&gt;</a>&nbsp;&nbsp;&nbsp;USB_OTG_BSP_Init
<LI><a href="#[a0]">&gt;&gt;</a>&nbsp;&nbsp;&nbsp;I2C_LowLevel_Init
</UL>

<P><STRONG><a name="[af]"></a>GPIO_ReadInputDataBit</STRONG> (Thumb, 18 bytes, Stack size 0 bytes, stm32f4xx_gpio.o(i.GPIO_ReadInputDataBit))
<BR><BR>[Called By]<UL><LI><a href="#[ae]">&gt;&gt;</a>&nbsp;&nbsp;&nbsp;STM_EVAL_PBGetState
</UL>

<P><STRONG><a name="[f8]"></a>GPIO_ResetBits</STRONG> (Thumb, 4 bytes, Stack size 0 bytes, stm32f4xx_gpio.o(i.GPIO_ResetBits))
<BR><BR>[Called By]<UL><LI><a href="#[f9]">&gt;&gt;</a>&nbsp;&nbsp;&nbsp;USB_OTG_BSP_DriveVBUS
<LI><a href="#[e1]">&gt;&gt;</a>&nbsp;&nbsp;&nbsp;USB_OTG_BSP_ConfigVBUS
</UL>

<P><STRONG><a name="[fa]"></a>GPIO_SetBits</STRONG> (Thumb, 4 bytes, Stack size 0 bytes, stm32f4xx_gpio.o(i.GPIO_SetBits))
<BR><BR>[Called By]<UL><LI><a href="#[f9]">&gt;&gt;</a>&nbsp;&nbsp;&nbsp;USB_OTG_BSP_DriveVBUS
</UL>

<P><STRONG><a name="[b4]"></a>GPIO_ToggleBits</STRONG> (Thumb, 8 bytes, Stack size 0 bytes, stm32f4xx_gpio.o(i.GPIO_ToggleBits))
<BR><BR>[Called By]<UL><LI><a href="#[40]">&gt;&gt;</a>&nbsp;&nbsp;&nbsp;TIM3_IRQHandler
</UL>

<P><STRONG><a name="[119]"></a>GPIO_WriteBit</STRONG> (Thumb, 10 bytes, Stack size 0 bytes, stm32f4xx_gpio.o(i.GPIO_WriteBit))
<BR><BR>[Called By]<UL><LI><a href="#[11a]">&gt;&gt;</a>&nbsp;&nbsp;&nbsp;poweron_adkinit
<LI><a href="#[b5]">&gt;&gt;</a>&nbsp;&nbsp;&nbsp;poweroff
<LI><a href="#[118]">&gt;&gt;</a>&nbsp;&nbsp;&nbsp;ledshow
<LI><a href="#[f7]">&gt;&gt;</a>&nbsp;&nbsp;&nbsp;reinit_ADK
</UL>

<P><STRONG><a name="[d8]"></a>HCD_GetCurrentFrame</STRONG> (Thumb, 10 bytes, Stack size 0 bytes, usb_hcd.o(i.HCD_GetCurrentFrame))
<BR><BR>[Called By]<UL><LI><a href="#[d7]">&gt;&gt;</a>&nbsp;&nbsp;&nbsp;USBH_HandleControl
</UL>

<P><STRONG><a name="[f3]"></a>HCD_GetCurrentSpeed</STRONG> (Thumb, 20 bytes, Stack size 8 bytes, usb_hcd.o(i.HCD_GetCurrentSpeed))
<BR><BR>[Stack]<UL><LI>Max Depth = 8<LI>Call Chain = HCD_GetCurrentSpeed
</UL>
<BR>[Called By]<UL><LI><a href="#[f1]">&gt;&gt;</a>&nbsp;&nbsp;&nbsp;USBH_Process
</UL>

<P><STRONG><a name="[bc]"></a>HCD_GetHCState</STRONG> (Thumb, 10 bytes, Stack size 0 bytes, usb_hcd.o(i.HCD_GetHCState))
<BR><BR>[Called By]<UL><LI><a href="#[15]">&gt;&gt;</a>&nbsp;&nbsp;&nbsp;USBH_ADK_Handle
</UL>

<P><STRONG><a name="[bb]"></a>HCD_GetURB_State</STRONG> (Thumb, 10 bytes, Stack size 0 bytes, usb_hcd.o(i.HCD_GetURB_State))
<BR><BR>[Called By]<UL><LI><a href="#[15]">&gt;&gt;</a>&nbsp;&nbsp;&nbsp;USBH_ADK_Handle
<LI><a href="#[d7]">&gt;&gt;</a>&nbsp;&nbsp;&nbsp;USBH_HandleControl
</UL>

<P><STRONG><a name="[bd]"></a>HCD_GetXferCnt</STRONG> (Thumb, 12 bytes, Stack size 0 bytes, usb_hcd.o(i.HCD_GetXferCnt))
<BR><BR>[Called By]<UL><LI><a href="#[15]">&gt;&gt;</a>&nbsp;&nbsp;&nbsp;USBH_ADK_Handle
<LI><a href="#[c7]">&gt;&gt;</a>&nbsp;&nbsp;&nbsp;USBH_ADK_read
</UL>

<P><STRONG><a name="[91]"></a>HCD_Init</STRONG> (Thumb, 96 bytes, Stack size 16 bytes, usb_hcd.o(i.HCD_Init))
<BR><BR>[Stack]<UL><LI>Max Depth = 120<LI>Call Chain = HCD_Init &rArr; USB_OTG_CoreInitHost &rArr; USB_OTG_FlushTxFifo &rArr; USB_OTG_BSP_uDelay &rArr; BSP_Delay &rArr; BSP_SetTime
</UL>
<BR>[Calls]<UL><LI><a href="#[95]">&gt;&gt;</a>&nbsp;&nbsp;&nbsp;USB_OTG_SetCurrentMode
<LI><a href="#[92]">&gt;&gt;</a>&nbsp;&nbsp;&nbsp;USB_OTG_SelectCore
<LI><a href="#[97]">&gt;&gt;</a>&nbsp;&nbsp;&nbsp;USB_OTG_EnableGlobalInt
<LI><a href="#[93]">&gt;&gt;</a>&nbsp;&nbsp;&nbsp;USB_OTG_DisableGlobalInt
<LI><a href="#[96]">&gt;&gt;</a>&nbsp;&nbsp;&nbsp;USB_OTG_CoreInitHost
<LI><a href="#[94]">&gt;&gt;</a>&nbsp;&nbsp;&nbsp;USB_OTG_CoreInit
</UL>
<BR>[Called By]<UL><LI><a href="#[df]">&gt;&gt;</a>&nbsp;&nbsp;&nbsp;USBH_Init
</UL>

<P><STRONG><a name="[f2]"></a>HCD_IsDeviceConnected</STRONG> (Thumb, 8 bytes, Stack size 0 bytes, usb_hcd.o(i.HCD_IsDeviceConnected))
<BR><BR>[Called By]<UL><LI><a href="#[f1]">&gt;&gt;</a>&nbsp;&nbsp;&nbsp;USBH_Process
</UL>

<P><STRONG><a name="[98]"></a>HCD_ResetPort</STRONG> (Thumb, 14 bytes, Stack size 8 bytes, usb_hcd.o(i.HCD_ResetPort))
<BR><BR>[Stack]<UL><LI>Max Depth = 72<LI>Call Chain = HCD_ResetPort &rArr; USB_OTG_ResetPort &rArr; USB_OTG_BSP_mDelay &rArr; BSP_Delay &rArr; BSP_SetTime
</UL>
<BR>[Calls]<UL><LI><a href="#[99]">&gt;&gt;</a>&nbsp;&nbsp;&nbsp;USB_OTG_ResetPort
</UL>
<BR>[Called By]<UL><LI><a href="#[f1]">&gt;&gt;</a>&nbsp;&nbsp;&nbsp;USBH_Process
<LI><a href="#[d9]">&gt;&gt;</a>&nbsp;&nbsp;&nbsp;USBH_HandleEnum
</UL>

<P><STRONG><a name="[9a]"></a>HCD_SubmitRequest</STRONG> (Thumb, 32 bytes, Stack size 16 bytes, usb_hcd.o(i.HCD_SubmitRequest))
<BR><BR>[Stack]<UL><LI>Max Depth = 100<LI>Call Chain = HCD_SubmitRequest &rArr; USB_OTG_HC_StartXfer &rArr; USB_OTG_WritePacket
</UL>
<BR>[Calls]<UL><LI><a href="#[9b]">&gt;&gt;</a>&nbsp;&nbsp;&nbsp;USB_OTG_HC_StartXfer
</UL>
<BR>[Called By]<UL><LI><a href="#[be]">&gt;&gt;</a>&nbsp;&nbsp;&nbsp;USBH_BulkSendData
<LI><a href="#[bf]">&gt;&gt;</a>&nbsp;&nbsp;&nbsp;USBH_BulkReceiveData
<LI><a href="#[cf]">&gt;&gt;</a>&nbsp;&nbsp;&nbsp;USBH_CtlSendSetup
<LI><a href="#[ce]">&gt;&gt;</a>&nbsp;&nbsp;&nbsp;USBH_CtlSendData
<LI><a href="#[cc]">&gt;&gt;</a>&nbsp;&nbsp;&nbsp;USBH_CtlReceiveData
</UL>

<P><STRONG><a name="[1b]"></a>HardFault_Handler</STRONG> (Thumb, 4 bytes, Stack size 0 bytes, stm32f4xx_it.o(i.HardFault_Handler))
<BR>[Address Reference Count : 1]<UL><LI> startup_stm32f4xx.o(RESET)
</UL>
<P><STRONG><a name="[113]"></a>I2C_CheckEvent</STRONG> (Thumb, 42 bytes, Stack size 16 bytes, stm32f4xx_i2c.o(i.I2C_CheckEvent))
<BR><BR>[Stack]<UL><LI>Max Depth = 16<LI>Call Chain = I2C_CheckEvent
</UL>
<BR>[Called By]<UL><LI><a href="#[111]">&gt;&gt;</a>&nbsp;&nbsp;&nbsp;Write_24Cxx
</UL>

<P><STRONG><a name="[a6]"></a>I2C_Cmd</STRONG> (Thumb, 24 bytes, Stack size 0 bytes, stm32f4xx_i2c.o(i.I2C_Cmd))
<BR><BR>[Called By]<UL><LI><a href="#[a0]">&gt;&gt;</a>&nbsp;&nbsp;&nbsp;I2C_LowLevel_Init
</UL>

<P><STRONG><a name="[112]"></a>I2C_GenerateSTART</STRONG> (Thumb, 24 bytes, Stack size 0 bytes, stm32f4xx_i2c.o(i.I2C_GenerateSTART))
<BR><BR>[Called By]<UL><LI><a href="#[111]">&gt;&gt;</a>&nbsp;&nbsp;&nbsp;Write_24Cxx
</UL>

<P><STRONG><a name="[116]"></a>I2C_GenerateSTOP</STRONG> (Thumb, 24 bytes, Stack size 0 bytes, stm32f4xx_i2c.o(i.I2C_GenerateSTOP))
<BR><BR>[Called By]<UL><LI><a href="#[111]">&gt;&gt;</a>&nbsp;&nbsp;&nbsp;Write_24Cxx
</UL>

<P><STRONG><a name="[9e]"></a>I2C_Init</STRONG> (Thumb, 218 bytes, Stack size 48 bytes, stm32f4xx_i2c.o(i.I2C_Init))
<BR><BR>[Stack]<UL><LI>Max Depth = 68<LI>Call Chain = I2C_Init &rArr; RCC_GetClocksFreq
</UL>
<BR>[Calls]<UL><LI><a href="#[9f]">&gt;&gt;</a>&nbsp;&nbsp;&nbsp;RCC_GetClocksFreq
</UL>
<BR>[Called By]<UL><LI><a href="#[a0]">&gt;&gt;</a>&nbsp;&nbsp;&nbsp;I2C_LowLevel_Init
</UL>

<P><STRONG><a name="[a0]"></a>I2C_LowLevel_Init</STRONG> (Thumb, 164 bytes, Stack size 32 bytes, i2clib.o(i.I2C_LowLevel_Init))
<BR><BR>[Stack]<UL><LI>Max Depth = 100<LI>Call Chain = I2C_LowLevel_Init &rArr; I2C_Init &rArr; RCC_GetClocksFreq
</UL>
<BR>[Calls]<UL><LI><a href="#[a5]">&gt;&gt;</a>&nbsp;&nbsp;&nbsp;GPIO_PinAFConfig
<LI><a href="#[a1]">&gt;&gt;</a>&nbsp;&nbsp;&nbsp;RCC_APB1PeriphClockCmd
<LI><a href="#[a3]">&gt;&gt;</a>&nbsp;&nbsp;&nbsp;RCC_AHB1PeriphClockCmd
<LI><a href="#[a4]">&gt;&gt;</a>&nbsp;&nbsp;&nbsp;GPIO_Init
<LI><a href="#[a2]">&gt;&gt;</a>&nbsp;&nbsp;&nbsp;RCC_APB1PeriphResetCmd
<LI><a href="#[9e]">&gt;&gt;</a>&nbsp;&nbsp;&nbsp;I2C_Init
<LI><a href="#[a6]">&gt;&gt;</a>&nbsp;&nbsp;&nbsp;I2C_Cmd
</UL>
<BR>[Called By]<UL><LI><a href="#[75]">&gt;&gt;</a>&nbsp;&nbsp;&nbsp;main
</UL>

<P><STRONG><a name="[a7]"></a>I2C_RdBuf</STRONG> (Thumb, 280 bytes, Stack size 16 bytes, i2clib.o(i.I2C_RdBuf))
<BR><BR>[Stack]<UL><LI>Max Depth = 32<LI>Call Chain = I2C_RdBuf &rArr; I2C_Read
</UL>
<BR>[Calls]<UL><LI><a href="#[9d]">&gt;&gt;</a>&nbsp;&nbsp;&nbsp;WaitSR1FlagsSet
<LI><a href="#[aa]">&gt;&gt;</a>&nbsp;&nbsp;&nbsp;WaitLineIdle
<LI><a href="#[a8]">&gt;&gt;</a>&nbsp;&nbsp;&nbsp;I2C_Start
<LI><a href="#[a9]">&gt;&gt;</a>&nbsp;&nbsp;&nbsp;I2C_Read
<LI><a href="#[9c]">&gt;&gt;</a>&nbsp;&nbsp;&nbsp;I2C_Addr
</UL>
<BR>[Called By]<UL><LI><a href="#[ab]">&gt;&gt;</a>&nbsp;&nbsp;&nbsp;I2C_RdData
</UL>

<P><STRONG><a name="[ab]"></a>I2C_RdData</STRONG> (Thumb, 60 bytes, Stack size 24 bytes, i2clib.o(i.I2C_RdData))
<BR><BR>[Stack]<UL><LI>Max Depth = 56<LI>Call Chain = I2C_RdData &rArr; I2C_RdBuf &rArr; I2C_Read
</UL>
<BR>[Calls]<UL><LI><a href="#[a7]">&gt;&gt;</a>&nbsp;&nbsp;&nbsp;I2C_RdBuf
<LI><a href="#[9d]">&gt;&gt;</a>&nbsp;&nbsp;&nbsp;WaitSR1FlagsSet
<LI><a href="#[a8]">&gt;&gt;</a>&nbsp;&nbsp;&nbsp;I2C_Start
<LI><a href="#[9c]">&gt;&gt;</a>&nbsp;&nbsp;&nbsp;I2C_Addr
</UL>
<BR>[Called By]<UL><LI><a href="#[11d]">&gt;&gt;</a>&nbsp;&nbsp;&nbsp;readbatvoltage
</UL>

<P><STRONG><a name="[114]"></a>I2C_Send7bitAddress</STRONG> (Thumb, 16 bytes, Stack size 0 bytes, stm32f4xx_i2c.o(i.I2C_Send7bitAddress))
<BR><BR>[Called By]<UL><LI><a href="#[111]">&gt;&gt;</a>&nbsp;&nbsp;&nbsp;Write_24Cxx
</UL>

<P><STRONG><a name="[115]"></a>I2C_SendData</STRONG> (Thumb, 4 bytes, Stack size 0 bytes, stm32f4xx_i2c.o(i.I2C_SendData))
<BR><BR>[Called By]<UL><LI><a href="#[111]">&gt;&gt;</a>&nbsp;&nbsp;&nbsp;Write_24Cxx
</UL>

<P><STRONG><a name="[ac]"></a>InitializeTimer</STRONG> (Thumb, 68 bytes, Stack size 16 bytes, main.o(i.InitializeTimer))
<BR><BR>[Stack]<UL><LI>Max Depth = 16<LI>Call Chain = InitializeTimer
</UL>
<BR>[Calls]<UL><LI><a href="#[8c]">&gt;&gt;</a>&nbsp;&nbsp;&nbsp;TIM_TimeBaseInit
<LI><a href="#[8b]">&gt;&gt;</a>&nbsp;&nbsp;&nbsp;TIM_ITConfig
<LI><a href="#[8a]">&gt;&gt;</a>&nbsp;&nbsp;&nbsp;TIM_Cmd
<LI><a href="#[a1]">&gt;&gt;</a>&nbsp;&nbsp;&nbsp;RCC_APB1PeriphClockCmd
</UL>
<BR>[Called By]<UL><LI><a href="#[75]">&gt;&gt;</a>&nbsp;&nbsp;&nbsp;main
</UL>

<P><STRONG><a name="[1c]"></a>MemManage_Handler</STRONG> (Thumb, 4 bytes, Stack size 0 bytes, stm32f4xx_it.o(i.MemManage_Handler))
<BR>[Address Reference Count : 1]<UL><LI> startup_stm32f4xx.o(RESET)
</UL>
<P><STRONG><a name="[1a]"></a>NMI_Handler</STRONG> (Thumb, 2 bytes, Stack size 0 bytes, stm32f4xx_it.o(i.NMI_Handler))
<BR>[Address Reference Count : 1]<UL><LI> startup_stm32f4xx.o(RESET)
</UL>
<P><STRONG><a name="[90]"></a>NVIC_Init</STRONG> (Thumb, 106 bytes, Stack size 16 bytes, misc.o(i.NVIC_Init))
<BR><BR>[Stack]<UL><LI>Max Depth = 16<LI>Call Chain = NVIC_Init
</UL>
<BR>[Called By]<UL><LI><a href="#[e2]">&gt;&gt;</a>&nbsp;&nbsp;&nbsp;USB_OTG_BSP_EnableInterrupt
<LI><a href="#[fe]">&gt;&gt;</a>&nbsp;&nbsp;&nbsp;USB_OTG_BSP_TimeInit
<LI><a href="#[8f]">&gt;&gt;</a>&nbsp;&nbsp;&nbsp;EnableTimerInterrupt
</UL>

<P><STRONG><a name="[fb]"></a>NVIC_PriorityGroupConfig</STRONG> (Thumb, 10 bytes, Stack size 0 bytes, misc.o(i.NVIC_PriorityGroupConfig))
<BR><BR>[Called By]<UL><LI><a href="#[e2]">&gt;&gt;</a>&nbsp;&nbsp;&nbsp;USB_OTG_BSP_EnableInterrupt
<LI><a href="#[fe]">&gt;&gt;</a>&nbsp;&nbsp;&nbsp;USB_OTG_BSP_TimeInit
</UL>

<P><STRONG><a name="[ff]"></a>NVIC_SetVectorTable</STRONG> (Thumb, 12 bytes, Stack size 0 bytes, misc.o(i.NVIC_SetVectorTable))
<BR><BR>[Called By]<UL><LI><a href="#[fe]">&gt;&gt;</a>&nbsp;&nbsp;&nbsp;USB_OTG_BSP_TimeInit
</UL>

<P><STRONG><a name="[66]"></a>OTG_FS_IRQHandler</STRONG> (Thumb, 10 bytes, Stack size 8 bytes, stm32f4xx_it.o(i.OTG_FS_IRQHandler))
<BR><BR>[Stack]<UL><LI>Max Depth = 120<LI>Call Chain = OTG_FS_IRQHandler &rArr; USBH_OTG_ISR_Handler &rArr; USB_OTG_USBH_handle_port_ISR &rArr; USB_OTG_ResetPort &rArr; USB_OTG_BSP_mDelay &rArr; BSP_Delay &rArr; BSP_SetTime
</UL>
<BR>[Calls]<UL><LI><a href="#[ad]">&gt;&gt;</a>&nbsp;&nbsp;&nbsp;USBH_OTG_ISR_Handler
</UL>
<BR>[Address Reference Count : 1]<UL><LI> startup_stm32f4xx.o(RESET)
</UL>
<P><STRONG><a name="[21]"></a>PendSV_Handler</STRONG> (Thumb, 2 bytes, Stack size 0 bytes, stm32f4xx_it.o(i.PendSV_Handler))
<BR>[Address Reference Count : 1]<UL><LI> startup_stm32f4xx.o(RESET)
</UL>
<P><STRONG><a name="[a3]"></a>RCC_AHB1PeriphClockCmd</STRONG> (Thumb, 26 bytes, Stack size 0 bytes, stm32f4xx_rcc.o(i.RCC_AHB1PeriphClockCmd))
<BR><BR>[Called By]<UL><LI><a href="#[e0]">&gt;&gt;</a>&nbsp;&nbsp;&nbsp;USB_OTG_BSP_Init
<LI><a href="#[e1]">&gt;&gt;</a>&nbsp;&nbsp;&nbsp;USB_OTG_BSP_ConfigVBUS
<LI><a href="#[a0]">&gt;&gt;</a>&nbsp;&nbsp;&nbsp;I2C_LowLevel_Init
<LI><a href="#[117]">&gt;&gt;</a>&nbsp;&nbsp;&nbsp;chargercontrol_pins
</UL>

<P><STRONG><a name="[fd]"></a>RCC_AHB2PeriphClockCmd</STRONG> (Thumb, 26 bytes, Stack size 0 bytes, stm32f4xx_rcc.o(i.RCC_AHB2PeriphClockCmd))
<BR><BR>[Called By]<UL><LI><a href="#[e0]">&gt;&gt;</a>&nbsp;&nbsp;&nbsp;USB_OTG_BSP_Init
</UL>

<P><STRONG><a name="[a1]"></a>RCC_APB1PeriphClockCmd</STRONG> (Thumb, 26 bytes, Stack size 0 bytes, stm32f4xx_rcc.o(i.RCC_APB1PeriphClockCmd))
<BR><BR>[Called By]<UL><LI><a href="#[fe]">&gt;&gt;</a>&nbsp;&nbsp;&nbsp;USB_OTG_BSP_TimeInit
<LI><a href="#[a0]">&gt;&gt;</a>&nbsp;&nbsp;&nbsp;I2C_LowLevel_Init
<LI><a href="#[ac]">&gt;&gt;</a>&nbsp;&nbsp;&nbsp;InitializeTimer
</UL>

<P><STRONG><a name="[a2]"></a>RCC_APB1PeriphResetCmd</STRONG> (Thumb, 26 bytes, Stack size 0 bytes, stm32f4xx_rcc.o(i.RCC_APB1PeriphResetCmd))
<BR><BR>[Called By]<UL><LI><a href="#[a0]">&gt;&gt;</a>&nbsp;&nbsp;&nbsp;I2C_LowLevel_Init
</UL>

<P><STRONG><a name="[fc]"></a>RCC_APB2PeriphClockCmd</STRONG> (Thumb, 26 bytes, Stack size 0 bytes, stm32f4xx_rcc.o(i.RCC_APB2PeriphClockCmd))
<BR><BR>[Called By]<UL><LI><a href="#[e0]">&gt;&gt;</a>&nbsp;&nbsp;&nbsp;USB_OTG_BSP_Init
</UL>

<P><STRONG><a name="[9f]"></a>RCC_GetClocksFreq</STRONG> (Thumb, 214 bytes, Stack size 20 bytes, stm32f4xx_rcc.o(i.RCC_GetClocksFreq))
<BR><BR>[Stack]<UL><LI>Max Depth = 20<LI>Call Chain = RCC_GetClocksFreq
</UL>
<BR>[Called By]<UL><LI><a href="#[75]">&gt;&gt;</a>&nbsp;&nbsp;&nbsp;main
<LI><a href="#[9e]">&gt;&gt;</a>&nbsp;&nbsp;&nbsp;I2C_Init
</UL>

<P><STRONG><a name="[ae]"></a>STM_EVAL_PBGetState</STRONG> (Thumb, 22 bytes, Stack size 8 bytes, stm32f4_discovery.o(i.STM_EVAL_PBGetState))
<BR><BR>[Stack]<UL><LI>Max Depth = 8<LI>Call Chain = STM_EVAL_PBGetState
</UL>
<BR>[Calls]<UL><LI><a href="#[af]">&gt;&gt;</a>&nbsp;&nbsp;&nbsp;GPIO_ReadInputDataBit
</UL>
<BR>[Called By]<UL><LI><a href="#[75]">&gt;&gt;</a>&nbsp;&nbsp;&nbsp;main
</UL>

<P><STRONG><a name="[1f]"></a>SVC_Handler</STRONG> (Thumb, 2 bytes, Stack size 0 bytes, stm32f4xx_it.o(i.SVC_Handler))
<BR>[Address Reference Count : 1]<UL><LI> startup_stm32f4xx.o(RESET)
</UL>
<P><STRONG><a name="[22]"></a>SysTick_Handler</STRONG> (Thumb, 8 bytes, Stack size 8 bytes, stm32f4xx_it.o(i.SysTick_Handler))
<BR><BR>[Stack]<UL><LI>Max Depth = 8<LI>Call Chain = SysTick_Handler
</UL>
<BR>[Calls]<UL><LI><a href="#[b0]">&gt;&gt;</a>&nbsp;&nbsp;&nbsp;TimingDelay_Decrement
</UL>
<BR>[Address Reference Count : 1]<UL><LI> startup_stm32f4xx.o(RESET)
</UL>
<P><STRONG><a name="[76]"></a>SystemInit</STRONG> (Thumb, 88 bytes, Stack size 8 bytes, system_stm32f4xx.o(i.SystemInit))
<BR><BR>[Stack]<UL><LI>Max Depth = 20<LI>Call Chain = SystemInit &rArr; SetSysClock
</UL>
<BR>[Calls]<UL><LI><a href="#[b1]">&gt;&gt;</a>&nbsp;&nbsp;&nbsp;SetSysClock
</UL>
<BR>[Address Reference Count : 1]<UL><LI> startup_stm32f4xx.o(.text)
</UL>
<P><STRONG><a name="[3f]"></a>TIM2_IRQHandler</STRONG> (Thumb, 10 bytes, Stack size 8 bytes, stm32f4xx_it.o(i.TIM2_IRQHandler))
<BR><BR>[Stack]<UL><LI>Max Depth = 28<LI>Call Chain = TIM2_IRQHandler &rArr; USB_OTG_BSP_TimerIRQ &rArr; TIM_GetITStatus
</UL>
<BR>[Calls]<UL><LI><a href="#[b2]">&gt;&gt;</a>&nbsp;&nbsp;&nbsp;USB_OTG_BSP_TimerIRQ
</UL>
<BR>[Address Reference Count : 1]<UL><LI> startup_stm32f4xx.o(RESET)
</UL>
<P><STRONG><a name="[40]"></a>TIM3_IRQHandler</STRONG> (Thumb, 126 bytes, Stack size 8 bytes, stm32f4xx_it.o(i.TIM3_IRQHandler))
<BR><BR>[Stack]<UL><LI>Max Depth = 64<LI>Call Chain = TIM3_IRQHandler &rArr; poweroff &rArr; USBH_ADK_InterfaceDeInit &rArr; USB_OTG_HC_Halt
</UL>
<BR>[Calls]<UL><LI><a href="#[b3]">&gt;&gt;</a>&nbsp;&nbsp;&nbsp;TIM_GetITStatus
<LI><a href="#[8d]">&gt;&gt;</a>&nbsp;&nbsp;&nbsp;TIM_ClearITPendingBit
<LI><a href="#[b4]">&gt;&gt;</a>&nbsp;&nbsp;&nbsp;GPIO_ToggleBits
<LI><a href="#[b5]">&gt;&gt;</a>&nbsp;&nbsp;&nbsp;poweroff
</UL>
<BR>[Address Reference Count : 1]<UL><LI> startup_stm32f4xx.o(RESET)
</UL>
<P><STRONG><a name="[8e]"></a>TIM_ARRPreloadConfig</STRONG> (Thumb, 24 bytes, Stack size 0 bytes, stm32f4xx_tim.o(i.TIM_ARRPreloadConfig))
<BR><BR>[Called By]<UL><LI><a href="#[89]">&gt;&gt;</a>&nbsp;&nbsp;&nbsp;BSP_SetTime
</UL>

<P><STRONG><a name="[8d]"></a>TIM_ClearITPendingBit</STRONG> (Thumb, 6 bytes, Stack size 0 bytes, stm32f4xx_tim.o(i.TIM_ClearITPendingBit))
<BR><BR>[Called By]<UL><LI><a href="#[89]">&gt;&gt;</a>&nbsp;&nbsp;&nbsp;BSP_SetTime
<LI><a href="#[b2]">&gt;&gt;</a>&nbsp;&nbsp;&nbsp;USB_OTG_BSP_TimerIRQ
<LI><a href="#[40]">&gt;&gt;</a>&nbsp;&nbsp;&nbsp;TIM3_IRQHandler
</UL>

<P><STRONG><a name="[8a]"></a>TIM_Cmd</STRONG> (Thumb, 24 bytes, Stack size 0 bytes, stm32f4xx_tim.o(i.TIM_Cmd))
<BR><BR>[Called By]<UL><LI><a href="#[89]">&gt;&gt;</a>&nbsp;&nbsp;&nbsp;BSP_SetTime
<LI><a href="#[88]">&gt;&gt;</a>&nbsp;&nbsp;&nbsp;BSP_Delay
<LI><a href="#[b2]">&gt;&gt;</a>&nbsp;&nbsp;&nbsp;USB_OTG_BSP_TimerIRQ
<LI><a href="#[ac]">&gt;&gt;</a>&nbsp;&nbsp;&nbsp;InitializeTimer
</UL>

<P><STRONG><a name="[b3]"></a>TIM_GetITStatus</STRONG> (Thumb, 34 bytes, Stack size 12 bytes, stm32f4xx_tim.o(i.TIM_GetITStatus))
<BR><BR>[Stack]<UL><LI>Max Depth = 12<LI>Call Chain = TIM_GetITStatus
</UL>
<BR>[Called By]<UL><LI><a href="#[b2]">&gt;&gt;</a>&nbsp;&nbsp;&nbsp;USB_OTG_BSP_TimerIRQ
<LI><a href="#[40]">&gt;&gt;</a>&nbsp;&nbsp;&nbsp;TIM3_IRQHandler
</UL>

<P><STRONG><a name="[8b]"></a>TIM_ITConfig</STRONG> (Thumb, 18 bytes, Stack size 0 bytes, stm32f4xx_tim.o(i.TIM_ITConfig))
<BR><BR>[Called By]<UL><LI><a href="#[89]">&gt;&gt;</a>&nbsp;&nbsp;&nbsp;BSP_SetTime
<LI><a href="#[ac]">&gt;&gt;</a>&nbsp;&nbsp;&nbsp;InitializeTimer
</UL>

<P><STRONG><a name="[8c]"></a>TIM_TimeBaseInit</STRONG> (Thumb, 104 bytes, Stack size 0 bytes, stm32f4xx_tim.o(i.TIM_TimeBaseInit))
<BR><BR>[Called By]<UL><LI><a href="#[89]">&gt;&gt;</a>&nbsp;&nbsp;&nbsp;BSP_SetTime
<LI><a href="#[ac]">&gt;&gt;</a>&nbsp;&nbsp;&nbsp;InitializeTimer
</UL>

<P><STRONG><a name="[b0]"></a>TimingDelay_Decrement</STRONG> (Thumb, 18 bytes, Stack size 0 bytes, main.o(i.TimingDelay_Decrement))
<BR><BR>[Called By]<UL><LI><a href="#[22]">&gt;&gt;</a>&nbsp;&nbsp;&nbsp;SysTick_Handler
</UL>

<P><STRONG><a name="[c0]"></a>USBH_ADK_Init</STRONG> (Thumb, 164 bytes, Stack size 32 bytes, usbh_adk_core.o(i.USBH_ADK_Init))
<BR><BR>[Stack]<UL><LI>Max Depth = 40<LI>Call Chain = USBH_ADK_Init &rArr; strncpy
</UL>
<BR>[Calls]<UL><LI><a href="#[c1]">&gt;&gt;</a>&nbsp;&nbsp;&nbsp;strncpy
</UL>
<BR>[Called By]<UL><LI><a href="#[11a]">&gt;&gt;</a>&nbsp;&nbsp;&nbsp;poweron_adkinit
<LI><a href="#[f7]">&gt;&gt;</a>&nbsp;&nbsp;&nbsp;reinit_ADK
</UL>

<P><STRONG><a name="[13]"></a>USBH_ADK_InterfaceDeInit</STRONG> (Thumb, 80 bytes, Stack size 16 bytes, usbh_adk_core.o(i.USBH_ADK_InterfaceDeInit))
<BR><BR>[Stack]<UL><LI>Max Depth = 48<LI>Call Chain = USBH_ADK_InterfaceDeInit &rArr; USB_OTG_HC_Halt
</UL>
<BR>[Calls]<UL><LI><a href="#[c3]">&gt;&gt;</a>&nbsp;&nbsp;&nbsp;USBH_Free_Channel
<LI><a href="#[c2]">&gt;&gt;</a>&nbsp;&nbsp;&nbsp;USB_OTG_HC_Halt
</UL>
<BR>[Called By]<UL><LI><a href="#[11a]">&gt;&gt;</a>&nbsp;&nbsp;&nbsp;poweron_adkinit
<LI><a href="#[b5]">&gt;&gt;</a>&nbsp;&nbsp;&nbsp;poweroff
<LI><a href="#[f7]">&gt;&gt;</a>&nbsp;&nbsp;&nbsp;reinit_ADK
</UL>
<BR>[Address Reference Count : 1]<UL><LI> usbh_adk_core.o(.data)
</UL>
<P><STRONG><a name="[11b]"></a>USBH_ADK_getStatus</STRONG> (Thumb, 8 bytes, Stack size 0 bytes, usbh_adk_core.o(i.USBH_ADK_getStatus))
<BR><BR>[Called By]<UL><LI><a href="#[75]">&gt;&gt;</a>&nbsp;&nbsp;&nbsp;main
</UL>

<P><STRONG><a name="[c7]"></a>USBH_ADK_read</STRONG> (Thumb, 50 bytes, Stack size 24 bytes, usbh_adk_core.o(i.USBH_ADK_read))
<BR><BR>[Stack]<UL><LI>Max Depth = 24<LI>Call Chain = USBH_ADK_read
</UL>
<BR>[Calls]<UL><LI><a href="#[bd]">&gt;&gt;</a>&nbsp;&nbsp;&nbsp;HCD_GetXferCnt
<LI><a href="#[c8]">&gt;&gt;</a>&nbsp;&nbsp;&nbsp;__aeabi_memcpy
</UL>
<BR>[Called By]<UL><LI><a href="#[75]">&gt;&gt;</a>&nbsp;&nbsp;&nbsp;main
</UL>

<P><STRONG><a name="[ca]"></a>USBH_ADK_write</STRONG> (Thumb, 30 bytes, Stack size 16 bytes, usbh_adk_core.o(i.USBH_ADK_write))
<BR><BR>[Stack]<UL><LI>Max Depth = 16<LI>Call Chain = USBH_ADK_write
</UL>
<BR>[Calls]<UL><LI><a href="#[c8]">&gt;&gt;</a>&nbsp;&nbsp;&nbsp;__aeabi_memcpy
</UL>
<BR>[Called By]<UL><LI><a href="#[75]">&gt;&gt;</a>&nbsp;&nbsp;&nbsp;main
</UL>

<P><STRONG><a name="[c4]"></a>USBH_Alloc_Channel</STRONG> (Thumb, 38 bytes, Stack size 16 bytes, usbh_hcs.o(i.USBH_Alloc_Channel))
<BR><BR>[Stack]<UL><LI>Max Depth = 16<LI>Call Chain = USBH_Alloc_Channel
</UL>
<BR>[Calls]<UL><LI><a href="#[cb]">&gt;&gt;</a>&nbsp;&nbsp;&nbsp;USBH_GetFreeChannel
</UL>
<BR>[Called By]<UL><LI><a href="#[ba]">&gt;&gt;</a>&nbsp;&nbsp;&nbsp;USBH_ADK_configAndroid
<LI><a href="#[f1]">&gt;&gt;</a>&nbsp;&nbsp;&nbsp;USBH_Process
</UL>

<P><STRONG><a name="[bf]"></a>USBH_BulkReceiveData</STRONG> (Thumb, 96 bytes, Stack size 24 bytes, usbh_ioreq.o(i.USBH_BulkReceiveData))
<BR><BR>[Stack]<UL><LI>Max Depth = 124<LI>Call Chain = USBH_BulkReceiveData &rArr; HCD_SubmitRequest &rArr; USB_OTG_HC_StartXfer &rArr; USB_OTG_WritePacket
</UL>
<BR>[Calls]<UL><LI><a href="#[9a]">&gt;&gt;</a>&nbsp;&nbsp;&nbsp;HCD_SubmitRequest
</UL>
<BR>[Called By]<UL><LI><a href="#[15]">&gt;&gt;</a>&nbsp;&nbsp;&nbsp;USBH_ADK_Handle
</UL>

<P><STRONG><a name="[be]"></a>USBH_BulkSendData</STRONG> (Thumb, 94 bytes, Stack size 24 bytes, usbh_ioreq.o(i.USBH_BulkSendData))
<BR><BR>[Stack]<UL><LI>Max Depth = 124<LI>Call Chain = USBH_BulkSendData &rArr; HCD_SubmitRequest &rArr; USB_OTG_HC_StartXfer &rArr; USB_OTG_WritePacket
</UL>
<BR>[Calls]<UL><LI><a href="#[9a]">&gt;&gt;</a>&nbsp;&nbsp;&nbsp;HCD_SubmitRequest
</UL>
<BR>[Called By]<UL><LI><a href="#[15]">&gt;&gt;</a>&nbsp;&nbsp;&nbsp;USBH_ADK_Handle
</UL>

<P><STRONG><a name="[17]"></a>USBH_Connected</STRONG> (Thumb, 12 bytes, Stack size 0 bytes, usbh_core.o(i.USBH_Connected))
<BR>[Address Reference Count : 1]<UL><LI> usbh_core.o(.data)
</UL>
<P><STRONG><a name="[cc]"></a>USBH_CtlReceiveData</STRONG> (Thumb, 70 bytes, Stack size 24 bytes, usbh_ioreq.o(i.USBH_CtlReceiveData))
<BR><BR>[Stack]<UL><LI>Max Depth = 124<LI>Call Chain = USBH_CtlReceiveData &rArr; HCD_SubmitRequest &rArr; USB_OTG_HC_StartXfer &rArr; USB_OTG_WritePacket
</UL>
<BR>[Calls]<UL><LI><a href="#[9a]">&gt;&gt;</a>&nbsp;&nbsp;&nbsp;HCD_SubmitRequest
</UL>
<BR>[Called By]<UL><LI><a href="#[d7]">&gt;&gt;</a>&nbsp;&nbsp;&nbsp;USBH_HandleControl
</UL>

<P><STRONG><a name="[c6]"></a>USBH_CtlReq</STRONG> (Thumb, 100 bytes, Stack size 24 bytes, usbh_ioreq.o(i.USBH_CtlReq))
<BR><BR>[Stack]<UL><LI>Max Depth = 32<LI>Call Chain = USBH_CtlReq &rArr; USBH_SubmitSetupRequest
</UL>
<BR>[Calls]<UL><LI><a href="#[cd]">&gt;&gt;</a>&nbsp;&nbsp;&nbsp;USBH_SubmitSetupRequest
</UL>
<BR>[Called By]<UL><LI><a href="#[b8]">&gt;&gt;</a>&nbsp;&nbsp;&nbsp;USBH_ADK_switch
<LI><a href="#[b7]">&gt;&gt;</a>&nbsp;&nbsp;&nbsp;USBH_ADK_sendString
<LI><a href="#[b6]">&gt;&gt;</a>&nbsp;&nbsp;&nbsp;USBH_ADK_getProtocol
<LI><a href="#[d1]">&gt;&gt;</a>&nbsp;&nbsp;&nbsp;USBH_GetDescriptor
<LI><a href="#[de]">&gt;&gt;</a>&nbsp;&nbsp;&nbsp;USBH_SetCfg
<LI><a href="#[db]">&gt;&gt;</a>&nbsp;&nbsp;&nbsp;USBH_SetAddress
</UL>

<P><STRONG><a name="[ce]"></a>USBH_CtlSendData</STRONG> (Thumb, 110 bytes, Stack size 24 bytes, usbh_ioreq.o(i.USBH_CtlSendData))
<BR><BR>[Stack]<UL><LI>Max Depth = 124<LI>Call Chain = USBH_CtlSendData &rArr; HCD_SubmitRequest &rArr; USB_OTG_HC_StartXfer &rArr; USB_OTG_WritePacket
</UL>
<BR>[Calls]<UL><LI><a href="#[9a]">&gt;&gt;</a>&nbsp;&nbsp;&nbsp;HCD_SubmitRequest
</UL>
<BR>[Called By]<UL><LI><a href="#[d7]">&gt;&gt;</a>&nbsp;&nbsp;&nbsp;USBH_HandleControl
</UL>

<P><STRONG><a name="[cf]"></a>USBH_CtlSendSetup</STRONG> (Thumb, 66 bytes, Stack size 16 bytes, usbh_ioreq.o(i.USBH_CtlSendSetup))
<BR><BR>[Stack]<UL><LI>Max Depth = 116<LI>Call Chain = USBH_CtlSendSetup &rArr; HCD_SubmitRequest &rArr; USB_OTG_HC_StartXfer &rArr; USB_OTG_WritePacket
</UL>
<BR>[Calls]<UL><LI><a href="#[9a]">&gt;&gt;</a>&nbsp;&nbsp;&nbsp;HCD_SubmitRequest
</UL>
<BR>[Called By]<UL><LI><a href="#[d7]">&gt;&gt;</a>&nbsp;&nbsp;&nbsp;USBH_HandleControl
</UL>

<P><STRONG><a name="[f5]"></a>USBH_DeAllocate_AllChannel</STRONG> (Thumb, 28 bytes, Stack size 0 bytes, usbh_hcs.o(i.USBH_DeAllocate_AllChannel))
<BR><BR>[Called By]<UL><LI><a href="#[f1]">&gt;&gt;</a>&nbsp;&nbsp;&nbsp;USBH_Process
</UL>

<P><STRONG><a name="[d0]"></a>USBH_DeInit</STRONG> (Thumb, 58 bytes, Stack size 16 bytes, usbh_core.o(i.USBH_DeInit))
<BR><BR>[Stack]<UL><LI>Max Depth = 16<LI>Call Chain = USBH_DeInit
</UL>
<BR>[Calls]<UL><LI><a href="#[c3]">&gt;&gt;</a>&nbsp;&nbsp;&nbsp;USBH_Free_Channel
</UL>
<BR>[Called By]<UL><LI><a href="#[f1]">&gt;&gt;</a>&nbsp;&nbsp;&nbsp;USBH_Process
<LI><a href="#[df]">&gt;&gt;</a>&nbsp;&nbsp;&nbsp;USBH_Init
<LI><a href="#[11a]">&gt;&gt;</a>&nbsp;&nbsp;&nbsp;poweron_adkinit
<LI><a href="#[b5]">&gt;&gt;</a>&nbsp;&nbsp;&nbsp;poweroff
<LI><a href="#[75]">&gt;&gt;</a>&nbsp;&nbsp;&nbsp;main
<LI><a href="#[f7]">&gt;&gt;</a>&nbsp;&nbsp;&nbsp;reinit_ADK
</UL>

<P><STRONG><a name="[18]"></a>USBH_Disconnected</STRONG> (Thumb, 12 bytes, Stack size 0 bytes, usbh_core.o(i.USBH_Disconnected))
<BR>[Address Reference Count : 1]<UL><LI> usbh_core.o(.data)
</UL>
<P><STRONG><a name="[f4]"></a>USBH_ErrorHandle</STRONG> (Thumb, 46 bytes, Stack size 16 bytes, usbh_core.o(i.USBH_ErrorHandle))
<BR><BR>[Stack]<UL><LI>Max Depth = 16<LI>Call Chain = USBH_ErrorHandle
</UL>
<BR>[Called By]<UL><LI><a href="#[f1]">&gt;&gt;</a>&nbsp;&nbsp;&nbsp;USBH_Process
</UL>

<P><STRONG><a name="[c3]"></a>USBH_Free_Channel</STRONG> (Thumb, 30 bytes, Stack size 0 bytes, usbh_hcs.o(i.USBH_Free_Channel))
<BR><BR>[Called By]<UL><LI><a href="#[d0]">&gt;&gt;</a>&nbsp;&nbsp;&nbsp;USBH_DeInit
<LI><a href="#[13]">&gt;&gt;</a>&nbsp;&nbsp;&nbsp;USBH_ADK_InterfaceDeInit
</UL>

<P><STRONG><a name="[d1]"></a>USBH_GetDescriptor</STRONG> (Thumb, 68 bytes, Stack size 32 bytes, usbh_stdreq.o(i.USBH_GetDescriptor))
<BR><BR>[Stack]<UL><LI>Max Depth = 64<LI>Call Chain = USBH_GetDescriptor &rArr; USBH_CtlReq &rArr; USBH_SubmitSetupRequest
</UL>
<BR>[Calls]<UL><LI><a href="#[c6]">&gt;&gt;</a>&nbsp;&nbsp;&nbsp;USBH_CtlReq
</UL>
<BR>[Called By]<UL><LI><a href="#[b9]">&gt;&gt;</a>&nbsp;&nbsp;&nbsp;USBH_Get_DevDesc
<LI><a href="#[d5]">&gt;&gt;</a>&nbsp;&nbsp;&nbsp;USBH_Get_StringDesc
<LI><a href="#[d2]">&gt;&gt;</a>&nbsp;&nbsp;&nbsp;USBH_Get_CfgDesc
</UL>

<P><STRONG><a name="[ee]"></a>USBH_GetNextDesc</STRONG> (Thumb, 18 bytes, Stack size 8 bytes, usbh_stdreq.o(i.USBH_GetNextDesc))
<BR><BR>[Stack]<UL><LI>Max Depth = 8<LI>Call Chain = USBH_GetNextDesc
</UL>
<BR>[Called By]<UL><LI><a href="#[d3]">&gt;&gt;</a>&nbsp;&nbsp;&nbsp;USBH_ParseCfgDesc
</UL>

<P><STRONG><a name="[d2]"></a>USBH_Get_CfgDesc</STRONG> (Thumb, 88 bytes, Stack size 32 bytes, usbh_stdreq.o(i.USBH_Get_CfgDesc))
<BR><BR>[Stack]<UL><LI>Max Depth = 96<LI>Call Chain = USBH_Get_CfgDesc &rArr; USBH_GetDescriptor &rArr; USBH_CtlReq &rArr; USBH_SubmitSetupRequest
</UL>
<BR>[Calls]<UL><LI><a href="#[d1]">&gt;&gt;</a>&nbsp;&nbsp;&nbsp;USBH_GetDescriptor
<LI><a href="#[d3]">&gt;&gt;</a>&nbsp;&nbsp;&nbsp;USBH_ParseCfgDesc
</UL>
<BR>[Called By]<UL><LI><a href="#[d9]">&gt;&gt;</a>&nbsp;&nbsp;&nbsp;USBH_HandleEnum
</UL>

<P><STRONG><a name="[b9]"></a>USBH_Get_DevDesc</STRONG> (Thumb, 56 bytes, Stack size 32 bytes, usbh_stdreq.o(i.USBH_Get_DevDesc))
<BR><BR>[Stack]<UL><LI>Max Depth = 96<LI>Call Chain = USBH_Get_DevDesc &rArr; USBH_GetDescriptor &rArr; USBH_CtlReq &rArr; USBH_SubmitSetupRequest
</UL>
<BR>[Calls]<UL><LI><a href="#[d1]">&gt;&gt;</a>&nbsp;&nbsp;&nbsp;USBH_GetDescriptor
<LI><a href="#[d4]">&gt;&gt;</a>&nbsp;&nbsp;&nbsp;USBH_ParseDevDesc
</UL>
<BR>[Called By]<UL><LI><a href="#[14]">&gt;&gt;</a>&nbsp;&nbsp;&nbsp;USBH_ADK_ClassRequest
<LI><a href="#[d9]">&gt;&gt;</a>&nbsp;&nbsp;&nbsp;USBH_HandleEnum
</UL>

<P><STRONG><a name="[d5]"></a>USBH_Get_StringDesc</STRONG> (Thumb, 60 bytes, Stack size 40 bytes, usbh_stdreq.o(i.USBH_Get_StringDesc))
<BR><BR>[Stack]<UL><LI>Max Depth = 104<LI>Call Chain = USBH_Get_StringDesc &rArr; USBH_GetDescriptor &rArr; USBH_CtlReq &rArr; USBH_SubmitSetupRequest
</UL>
<BR>[Calls]<UL><LI><a href="#[d1]">&gt;&gt;</a>&nbsp;&nbsp;&nbsp;USBH_GetDescriptor
<LI><a href="#[d6]">&gt;&gt;</a>&nbsp;&nbsp;&nbsp;USBH_ParseStringDesc
</UL>
<BR>[Called By]<UL><LI><a href="#[d9]">&gt;&gt;</a>&nbsp;&nbsp;&nbsp;USBH_HandleEnum
</UL>

<P><STRONG><a name="[d7]"></a>USBH_HandleControl</STRONG> (Thumb, 544 bytes, Stack size 24 bytes, usbh_core.o(i.USBH_HandleControl))
<BR><BR>[Stack]<UL><LI>Max Depth = 148<LI>Call Chain = USBH_HandleControl &rArr; USBH_CtlSendData &rArr; HCD_SubmitRequest &rArr; USB_OTG_HC_StartXfer &rArr; USB_OTG_WritePacket
</UL>
<BR>[Calls]<UL><LI><a href="#[bb]">&gt;&gt;</a>&nbsp;&nbsp;&nbsp;HCD_GetURB_State
<LI><a href="#[cf]">&gt;&gt;</a>&nbsp;&nbsp;&nbsp;USBH_CtlSendSetup
<LI><a href="#[ce]">&gt;&gt;</a>&nbsp;&nbsp;&nbsp;USBH_CtlSendData
<LI><a href="#[cc]">&gt;&gt;</a>&nbsp;&nbsp;&nbsp;USBH_CtlReceiveData
<LI><a href="#[d8]">&gt;&gt;</a>&nbsp;&nbsp;&nbsp;HCD_GetCurrentFrame
</UL>
<BR>[Called By]<UL><LI><a href="#[f1]">&gt;&gt;</a>&nbsp;&nbsp;&nbsp;USBH_Process
</UL>

<P><STRONG><a name="[df]"></a>USBH_Init</STRONG> (Thumb, 68 bytes, Stack size 24 bytes, usbh_core.o(i.USBH_Init))
<BR><BR>[Stack]<UL><LI>Max Depth = 144<LI>Call Chain = USBH_Init &rArr; HCD_Init &rArr; USB_OTG_CoreInitHost &rArr; USB_OTG_FlushTxFifo &rArr; USB_OTG_BSP_uDelay &rArr; BSP_Delay &rArr; BSP_SetTime
</UL>
<BR>[Calls]<UL><LI><a href="#[e0]">&gt;&gt;</a>&nbsp;&nbsp;&nbsp;USB_OTG_BSP_Init
<LI><a href="#[e2]">&gt;&gt;</a>&nbsp;&nbsp;&nbsp;USB_OTG_BSP_EnableInterrupt
<LI><a href="#[e1]">&gt;&gt;</a>&nbsp;&nbsp;&nbsp;USB_OTG_BSP_ConfigVBUS
<LI><a href="#[d0]">&gt;&gt;</a>&nbsp;&nbsp;&nbsp;USBH_DeInit
<LI><a href="#[91]">&gt;&gt;</a>&nbsp;&nbsp;&nbsp;HCD_Init
</UL>
<BR>[Called By]<UL><LI><a href="#[11a]">&gt;&gt;</a>&nbsp;&nbsp;&nbsp;poweron_adkinit
<LI><a href="#[75]">&gt;&gt;</a>&nbsp;&nbsp;&nbsp;main
<LI><a href="#[f7]">&gt;&gt;</a>&nbsp;&nbsp;&nbsp;reinit_ADK
</UL>

<P><STRONG><a name="[da]"></a>USBH_Modify_Channel</STRONG> (Thumb, 100 bytes, Stack size 32 bytes, usbh_hcs.o(i.USBH_Modify_Channel))
<BR><BR>[Stack]<UL><LI>Max Depth = 60<LI>Call Chain = USBH_Modify_Channel &rArr; USB_OTG_HC_Init
</UL>
<BR>[Calls]<UL><LI><a href="#[e3]">&gt;&gt;</a>&nbsp;&nbsp;&nbsp;USB_OTG_HC_Init
</UL>
<BR>[Called By]<UL><LI><a href="#[d9]">&gt;&gt;</a>&nbsp;&nbsp;&nbsp;USBH_HandleEnum
</UL>

<P><STRONG><a name="[ad]"></a>USBH_OTG_ISR_Handler</STRONG> (Thumb, 168 bytes, Stack size 16 bytes, usb_hcd_int.o(i.USBH_OTG_ISR_Handler))
<BR><BR>[Stack]<UL><LI>Max Depth = 112<LI>Call Chain = USBH_OTG_ISR_Handler &rArr; USB_OTG_USBH_handle_port_ISR &rArr; USB_OTG_ResetPort &rArr; USB_OTG_BSP_mDelay &rArr; BSP_Delay &rArr; BSP_SetTime
</UL>
<BR>[Calls]<UL><LI><a href="#[e6]">&gt;&gt;</a>&nbsp;&nbsp;&nbsp;USB_OTG_USBH_handle_sof_ISR
<LI><a href="#[e7]">&gt;&gt;</a>&nbsp;&nbsp;&nbsp;USB_OTG_USBH_handle_rx_qlvl_ISR
<LI><a href="#[e9]">&gt;&gt;</a>&nbsp;&nbsp;&nbsp;USB_OTG_USBH_handle_ptxfempty_ISR
<LI><a href="#[eb]">&gt;&gt;</a>&nbsp;&nbsp;&nbsp;USB_OTG_USBH_handle_port_ISR
<LI><a href="#[e8]">&gt;&gt;</a>&nbsp;&nbsp;&nbsp;USB_OTG_USBH_handle_nptxfempty_ISR
<LI><a href="#[ea]">&gt;&gt;</a>&nbsp;&nbsp;&nbsp;USB_OTG_USBH_handle_hc_ISR
<LI><a href="#[ed]">&gt;&gt;</a>&nbsp;&nbsp;&nbsp;USB_OTG_USBH_handle_IncompletePeriodicXfer_ISR
<LI><a href="#[ec]">&gt;&gt;</a>&nbsp;&nbsp;&nbsp;USB_OTG_USBH_handle_Disconnect_ISR
<LI><a href="#[e5]">&gt;&gt;</a>&nbsp;&nbsp;&nbsp;USB_OTG_ReadCoreItr
<LI><a href="#[e4]">&gt;&gt;</a>&nbsp;&nbsp;&nbsp;USB_OTG_IsHostMode
</UL>
<BR>[Called By]<UL><LI><a href="#[66]">&gt;&gt;</a>&nbsp;&nbsp;&nbsp;OTG_FS_IRQHandler
</UL>

<P><STRONG><a name="[c5]"></a>USBH_Open_Channel</STRONG> (Thumb, 154 bytes, Stack size 32 bytes, usbh_hcs.o(i.USBH_Open_Channel))
<BR><BR>[Stack]<UL><LI>Max Depth = 60<LI>Call Chain = USBH_Open_Channel &rArr; USB_OTG_HC_Init
</UL>
<BR>[Calls]<UL><LI><a href="#[e3]">&gt;&gt;</a>&nbsp;&nbsp;&nbsp;USB_OTG_HC_Init
</UL>
<BR>[Called By]<UL><LI><a href="#[ba]">&gt;&gt;</a>&nbsp;&nbsp;&nbsp;USBH_ADK_configAndroid
<LI><a href="#[f1]">&gt;&gt;</a>&nbsp;&nbsp;&nbsp;USBH_Process
</UL>

<P><STRONG><a name="[f1]"></a>USBH_Process</STRONG> (Thumb, 438 bytes, Stack size 24 bytes, usbh_core.o(i.USBH_Process))
<BR><BR>[Stack]<UL><LI>Max Depth = 216<LI>Call Chain = USBH_Process &rArr; USBH_HandleEnum &rArr; USBH_Get_StringDesc &rArr; USBH_GetDescriptor &rArr; USBH_CtlReq &rArr; USBH_SubmitSetupRequest
</UL>
<BR>[Calls]<UL><LI><a href="#[c4]">&gt;&gt;</a>&nbsp;&nbsp;&nbsp;USBH_Alloc_Channel
<LI><a href="#[dc]">&gt;&gt;</a>&nbsp;&nbsp;&nbsp;USB_OTG_BSP_mDelay
<LI><a href="#[d0]">&gt;&gt;</a>&nbsp;&nbsp;&nbsp;USBH_DeInit
<LI><a href="#[f6]">&gt;&gt;</a>&nbsp;&nbsp;&nbsp;Delay
<LI><a href="#[c5]">&gt;&gt;</a>&nbsp;&nbsp;&nbsp;USBH_Open_Channel
<LI><a href="#[f5]">&gt;&gt;</a>&nbsp;&nbsp;&nbsp;USBH_DeAllocate_AllChannel
<LI><a href="#[f7]">&gt;&gt;</a>&nbsp;&nbsp;&nbsp;reinit_ADK
<LI><a href="#[d7]">&gt;&gt;</a>&nbsp;&nbsp;&nbsp;USBH_HandleControl
<LI><a href="#[f4]">&gt;&gt;</a>&nbsp;&nbsp;&nbsp;USBH_ErrorHandle
<LI><a href="#[d9]">&gt;&gt;</a>&nbsp;&nbsp;&nbsp;USBH_HandleEnum
<LI><a href="#[98]">&gt;&gt;</a>&nbsp;&nbsp;&nbsp;HCD_ResetPort
<LI><a href="#[f2]">&gt;&gt;</a>&nbsp;&nbsp;&nbsp;HCD_IsDeviceConnected
<LI><a href="#[f3]">&gt;&gt;</a>&nbsp;&nbsp;&nbsp;HCD_GetCurrentSpeed
</UL>
<BR>[Called By]<UL><LI><a href="#[75]">&gt;&gt;</a>&nbsp;&nbsp;&nbsp;main
</UL>

<P><STRONG><a name="[16]"></a>USBH_SOF</STRONG> (Thumb, 6 bytes, Stack size 0 bytes, usbh_core.o(i.USBH_SOF))
<BR>[Address Reference Count : 1]<UL><LI> usbh_core.o(.data)
</UL>
<P><STRONG><a name="[db]"></a>USBH_SetAddress</STRONG> (Thumb, 38 bytes, Stack size 16 bytes, usbh_stdreq.o(i.USBH_SetAddress))
<BR><BR>[Stack]<UL><LI>Max Depth = 48<LI>Call Chain = USBH_SetAddress &rArr; USBH_CtlReq &rArr; USBH_SubmitSetupRequest
</UL>
<BR>[Calls]<UL><LI><a href="#[c6]">&gt;&gt;</a>&nbsp;&nbsp;&nbsp;USBH_CtlReq
</UL>
<BR>[Called By]<UL><LI><a href="#[d9]">&gt;&gt;</a>&nbsp;&nbsp;&nbsp;USBH_HandleEnum
</UL>

<P><STRONG><a name="[de]"></a>USBH_SetCfg</STRONG> (Thumb, 38 bytes, Stack size 16 bytes, usbh_stdreq.o(i.USBH_SetCfg))
<BR><BR>[Stack]<UL><LI>Max Depth = 48<LI>Call Chain = USBH_SetCfg &rArr; USBH_CtlReq &rArr; USBH_SubmitSetupRequest
</UL>
<BR>[Calls]<UL><LI><a href="#[c6]">&gt;&gt;</a>&nbsp;&nbsp;&nbsp;USBH_CtlReq
</UL>
<BR>[Called By]<UL><LI><a href="#[d9]">&gt;&gt;</a>&nbsp;&nbsp;&nbsp;USBH_HandleEnum
</UL>

<P><STRONG><a name="[f]"></a>USBH_USR_ADK_Application</STRONG> (Thumb, 4 bytes, Stack size 0 bytes, usbh_usr.o(i.USBH_USR_ADK_Application))
<BR>[Address Reference Count : 1]<UL><LI> usbh_usr.o(.data)
</UL>
<P><STRONG><a name="[9]"></a>USBH_USR_Configuration_DescAvailable</STRONG> (Thumb, 2 bytes, Stack size 0 bytes, usbh_usr.o(i.USBH_USR_Configuration_DescAvailable))
<BR>[Address Reference Count : 1]<UL><LI> usbh_usr.o(.data)
</UL>
<P><STRONG><a name="[1]"></a>USBH_USR_DeInit</STRONG> (Thumb, 2 bytes, Stack size 0 bytes, usbh_usr.o(i.USBH_USR_DeInit))
<BR>[Address Reference Count : 1]<UL><LI> usbh_usr.o(.data)
</UL>
<P><STRONG><a name="[8]"></a>USBH_USR_DeviceAddressAssigned</STRONG> (Thumb, 2 bytes, Stack size 0 bytes, usbh_usr.o(i.USBH_USR_DeviceAddressAssigned))
<BR>[Address Reference Count : 1]<UL><LI> usbh_usr.o(.data)
</UL>
<P><STRONG><a name="[2]"></a>USBH_USR_DeviceAttached</STRONG> (Thumb, 2 bytes, Stack size 0 bytes, usbh_usr.o(i.USBH_USR_DeviceAttached))
<BR>[Address Reference Count : 1]<UL><LI> usbh_usr.o(.data)
</UL>
<P><STRONG><a name="[4]"></a>USBH_USR_DeviceDisconnected</STRONG> (Thumb, 2 bytes, Stack size 0 bytes, usbh_usr.o(i.USBH_USR_DeviceDisconnected))
<BR>[Address Reference Count : 1]<UL><LI> usbh_usr.o(.data)
</UL>
<P><STRONG><a name="[10]"></a>USBH_USR_DeviceNotSupported</STRONG> (Thumb, 2 bytes, Stack size 0 bytes, usbh_usr.o(i.USBH_USR_DeviceNotSupported))
<BR>[Address Reference Count : 1]<UL><LI> usbh_usr.o(.data)
</UL>
<P><STRONG><a name="[6]"></a>USBH_USR_DeviceSpeedDetected</STRONG> (Thumb, 10 bytes, Stack size 0 bytes, usbh_usr.o(i.USBH_USR_DeviceSpeedDetected))
<BR>[Address Reference Count : 1]<UL><LI> usbh_usr.o(.data)
</UL>
<P><STRONG><a name="[7]"></a>USBH_USR_Device_DescAvailable</STRONG> (Thumb, 2 bytes, Stack size 0 bytes, usbh_usr.o(i.USBH_USR_Device_DescAvailable))
<BR>[Address Reference Count : 1]<UL><LI> usbh_usr.o(.data)
</UL>
<P><STRONG><a name="[d]"></a>USBH_USR_EnumerationDone</STRONG> (Thumb, 2 bytes, Stack size 0 bytes, usbh_usr.o(i.USBH_USR_EnumerationDone))
<BR>[Address Reference Count : 1]<UL><LI> usbh_usr.o(.data)
</UL>
<P><STRONG><a name="[0]"></a>USBH_USR_Init</STRONG> (Thumb, 14 bytes, Stack size 0 bytes, usbh_usr.o(i.USBH_USR_Init))
<BR>[Address Reference Count : 1]<UL><LI> usbh_usr.o(.data)
</UL>
[...]
<LI><a href="#[c9]">&gt;&gt;</a>&nbsp;&nbsp;&nbsp;strlen
<LI><a href="#[11c]">&gt;&gt;</a>&nbsp;&nbsp;&nbsp;__aeabi_memclr4
<LI><a href="#[c8]">&gt;&gt;</a>&nbsp;&nbsp;&nbsp;__aeabi_memcpy
</UL>
<BR>[Address Reference Count : 1]<UL><LI> entry9a.o(.ARM.Collect$$$$0000000B)
</UL>
<P><STRONG><a name="[b5]"></a>poweroff</STRONG> (Thumb, 72 bytes, Stack size 8 bytes, main.o(i.poweroff))
<BR><BR>[Stack]<UL><LI>Max Depth = 56<LI>Call Chain = poweroff &rArr; USBH_ADK_InterfaceDeInit &rArr; USB_OTG_HC_Halt
</UL>
<BR>[Calls]<UL><LI><a href="#[d0]">&gt;&gt;</a>&nbsp;&nbsp;&nbsp;USBH_DeInit
<LI><a href="#[13]">&gt;&gt;</a>&nbsp;&nbsp;&nbsp;USBH_ADK_InterfaceDeInit
<LI><a href="#[119]">&gt;&gt;</a>&nbsp;&nbsp;&nbsp;GPIO_WriteBit
</UL>
<BR>[Called By]<UL><LI><a href="#[40]">&gt;&gt;</a>&nbsp;&nbsp;&nbsp;TIM3_IRQHandler
<LI><a href="#[75]">&gt;&gt;</a>&nbsp;&nbsp;&nbsp;main
</UL>

<P><STRONG><a name="[11a]"></a>poweron_adkinit</STRONG> (Thumb, 144 bytes, Stack size 16 bytes, main.o(i.poweron_adkinit))
<BR><BR>[Stack]<UL><LI>Max Depth = 160<LI>Call Chain = poweron_adkinit &rArr; USBH_Init &rArr; HCD_Init &rArr; USB_OTG_CoreInitHost &rArr; USB_OTG_FlushTxFifo &rArr; USB_OTG_BSP_uDelay &rArr; BSP_Delay &rArr; BSP_SetTime
</UL>
<BR>[Calls]<UL><LI><a href="#[df]">&gt;&gt;</a>&nbsp;&nbsp;&nbsp;USBH_Init
<LI><a href="#[d0]">&gt;&gt;</a>&nbsp;&nbsp;&nbsp;USBH_DeInit
<LI><a href="#[13]">&gt;&gt;</a>&nbsp;&nbsp;&nbsp;USBH_ADK_InterfaceDeInit
<LI><a href="#[c0]">&gt;&gt;</a>&nbsp;&nbsp;&nbsp;USBH_ADK_Init
<LI><a href="#[119]">&gt;&gt;</a>&nbsp;&nbsp;&nbsp;GPIO_WriteBit
<LI><a href="#[f6]">&gt;&gt;</a>&nbsp;&nbsp;&nbsp;Delay
</UL>
<BR>[Called By]<UL><LI><a href="#[75]">&gt;&gt;</a>&nbsp;&nbsp;&nbsp;main
</UL>

<P><STRONG><a name="[11d]"></a>readbatvoltage</STRONG> (Thumb, 868 bytes, Stack size 32 bytes, main.o(i.readbatvoltage))
<BR><BR>[Stack]<UL><LI>Max Depth = 120<LI>Call Chain = readbatvoltage &rArr; __aeabi_dadd &rArr; _double_epilogue &rArr; _double_round
</UL>
<BR>[Calls]<UL><LI><a href="#[11e]">&gt;&gt;</a>&nbsp;&nbsp;&nbsp;__aeabi_f2d
<LI><a href="#[7d]">&gt;&gt;</a>&nbsp;&nbsp;&nbsp;__aeabi_dadd
<LI><a href="#[84]">&gt;&gt;</a>&nbsp;&nbsp;&nbsp;__aeabi_d2f
<LI><a href="#[11f]">&gt;&gt;</a>&nbsp;&nbsp;&nbsp;__aeabi_cdrcmple
<LI><a href="#[120]">&gt;&gt;</a>&nbsp;&nbsp;&nbsp;__aeabi_cdcmple
<LI><a href="#[111]">&gt;&gt;</a>&nbsp;&nbsp;&nbsp;Write_24Cxx
<LI><a href="#[ab]">&gt;&gt;</a>&nbsp;&nbsp;&nbsp;I2C_RdData
<LI><a href="#[118]">&gt;&gt;</a>&nbsp;&nbsp;&nbsp;ledshow
<LI><a href="#[11c]">&gt;&gt;</a>&nbsp;&nbsp;&nbsp;__aeabi_memclr4
</UL>
<BR>[Called By]<UL><LI><a href="#[75]">&gt;&gt;</a>&nbsp;&nbsp;&nbsp;main
</UL>

<P><STRONG><a name="[f7]"></a>reinit_ADK</STRONG> (Thumb, 174 bytes, Stack size 16 bytes, usbh_core.o(i.reinit_ADK))
<BR><BR>[Stack]<UL><LI>Max Depth = 160<LI>Call Chain = reinit_ADK &rArr; USBH_Init &rArr; HCD_Init &rArr; USB_OTG_CoreInitHost &rArr; USB_OTG_FlushTxFifo &rArr; USB_OTG_BSP_uDelay &rArr; BSP_Delay &rArr; BSP_SetTime
</UL>
<BR>[Calls]<UL><LI><a href="#[df]">&gt;&gt;</a>&nbsp;&nbsp;&nbsp;USBH_Init
<LI><a href="#[d0]">&gt;&gt;</a>&nbsp;&nbsp;&nbsp;USBH_DeInit
<LI><a href="#[13]">&gt;&gt;</a>&nbsp;&nbsp;&nbsp;USBH_ADK_InterfaceDeInit
<LI><a href="#[c0]">&gt;&gt;</a>&nbsp;&nbsp;&nbsp;USBH_ADK_Init
<LI><a href="#[119]">&gt;&gt;</a>&nbsp;&nbsp;&nbsp;GPIO_WriteBit
<LI><a href="#[f6]">&gt;&gt;</a>&nbsp;&nbsp;&nbsp;Delay
</UL>
<BR>[Called By]<UL><LI><a href="#[f1]">&gt;&gt;</a>&nbsp;&nbsp;&nbsp;USBH_Process
</UL>
<P>
<H3>
Local Symbols
</H3>
<P><STRONG><a name="[b1]"></a>SetSysClock</STRONG> (Thumb, 268 bytes, Stack size 12 bytes, system_stm32f4xx.o(i.SetSysClock))
<BR><BR>[Stack]<UL><LI>Max Depth = 12<LI>Call Chain = SetSysClock
</UL>
<BR>[Called By]<UL><LI><a href="#[76]">&gt;&gt;</a>&nbsp;&nbsp;&nbsp;SystemInit
</UL>

<P><STRONG><a name="[88]"></a>BSP_Delay</STRONG> (Thumb, 38 bytes, Stack size 16 bytes, usb_bsp.o(i.BSP_Delay))
<BR><BR>[Stack]<UL><LI>Max Depth = 40<LI>Call Chain = BSP_Delay &rArr; BSP_SetTime
</UL>
<BR>[Calls]<UL><LI><a href="#[89]">&gt;&gt;</a>&nbsp;&nbsp;&nbsp;BSP_SetTime
<LI><a href="#[8a]">&gt;&gt;</a>&nbsp;&nbsp;&nbsp;TIM_Cmd
</UL>
<BR>[Called By]<UL><LI><a href="#[100]">&gt;&gt;</a>&nbsp;&nbsp;&nbsp;USB_OTG_BSP_uDelay
<LI><a href="#[dc]">&gt;&gt;</a>&nbsp;&nbsp;&nbsp;USB_OTG_BSP_mDelay
</UL>

<P><STRONG><a name="[89]"></a>BSP_SetTime</STRONG> (Thumb, 106 bytes, Stack size 24 bytes, usb_bsp.o(i.BSP_SetTime))
<BR><BR>[Stack]<UL><LI>Max Depth = 24<LI>Call Chain = BSP_SetTime
</UL>
<BR>[Calls]<UL><LI><a href="#[8e]">&gt;&gt;</a>&nbsp;&nbsp;&nbsp;TIM_ARRPreloadConfig
<LI><a href="#[8d]">&gt;&gt;</a>&nbsp;&nbsp;&nbsp;TIM_ClearITPendingBit
<LI><a href="#[8c]">&gt;&gt;</a>&nbsp;&nbsp;&nbsp;TIM_TimeBaseInit
<LI><a href="#[8b]">&gt;&gt;</a>&nbsp;&nbsp;&nbsp;TIM_ITConfig
<LI><a href="#[8a]">&gt;&gt;</a>&nbsp;&nbsp;&nbsp;TIM_Cmd
</UL>
<BR>[Called By]<UL><LI><a href="#[88]">&gt;&gt;</a>&nbsp;&nbsp;&nbsp;BSP_Delay
</UL>

<P><STRONG><a name="[fe]"></a>USB_OTG_BSP_TimeInit</STRONG> (Thumb, 56 bytes, Stack size 8 bytes, usb_bsp.o(i.USB_OTG_BSP_TimeInit))
<BR><BR>[Stack]<UL><LI>Max Depth = 24<LI>Call Chain = USB_OTG_BSP_TimeInit &rArr; NVIC_Init
</UL>
<BR>[Calls]<UL><LI><a href="#[ff]">&gt;&gt;</a>&nbsp;&nbsp;&nbsp;NVIC_SetVectorTable
<LI><a href="#[fb]">&gt;&gt;</a>&nbsp;&nbsp;&nbsp;NVIC_PriorityGroupConfig
<LI><a href="#[a1]">&gt;&gt;</a>&nbsp;&nbsp;&nbsp;RCC_APB1PeriphClockCmd
<LI><a href="#[90]">&gt;&gt;</a>&nbsp;&nbsp;&nbsp;NVIC_Init
</UL>
<BR>[Called By]<UL><LI><a href="#[e0]">&gt;&gt;</a>&nbsp;&nbsp;&nbsp;USB_OTG_BSP_Init
</UL>

<P><STRONG><a name="[14]"></a>USBH_ADK_ClassRequest</STRONG> (Thumb, 428 bytes, Stack size 24 bytes, usbh_adk_core.o(i.USBH_ADK_ClassRequest))
<BR><BR>[Stack]<UL><LI>Max Depth = 120<LI>Call Chain = USBH_ADK_ClassRequest &rArr; USBH_Get_DevDesc &rArr; USBH_GetDescriptor &rArr; USBH_CtlReq &rArr; USBH_SubmitSetupRequest
</UL>
<BR>[Calls]<UL><LI><a href="#[b8]">&gt;&gt;</a>&nbsp;&nbsp;&nbsp;USBH_ADK_switch
<LI><a href="#[b7]">&gt;&gt;</a>&nbsp;&nbsp;&nbsp;USBH_ADK_sendString
<LI><a href="#[b6]">&gt;&gt;</a>&nbsp;&nbsp;&nbsp;USBH_ADK_getProtocol
<LI><a href="#[ba]">&gt;&gt;</a>&nbsp;&nbsp;&nbsp;USBH_ADK_configAndroid
<LI><a href="#[b9]">&gt;&gt;</a>&nbsp;&nbsp;&nbsp;USBH_Get_DevDesc
</UL>
<BR>[Address Reference Count : 1]<UL><LI> usbh_adk_core.o(.data)
</UL>
<P><STRONG><a name="[15]"></a>USBH_ADK_Handle</STRONG> (Thumb, 210 bytes, Stack size 32 bytes, usbh_adk_core.o(i.USBH_ADK_Handle))
<BR><BR>[Stack]<UL><LI>Max Depth = 156<LI>Call Chain = USBH_ADK_Handle &rArr; USBH_BulkSendData &rArr; HCD_SubmitRequest &rArr; USB_OTG_HC_StartXfer &rArr; USB_OTG_WritePacket
</UL>
<BR>[Calls]<UL><LI><a href="#[be]">&gt;&gt;</a>&nbsp;&nbsp;&nbsp;USBH_BulkSendData
<LI><a href="#[bf]">&gt;&gt;</a>&nbsp;&nbsp;&nbsp;USBH_BulkReceiveData
<LI><a href="#[bd]">&gt;&gt;</a>&nbsp;&nbsp;&nbsp;HCD_GetXferCnt
<LI><a href="#[bb]">&gt;&gt;</a>&nbsp;&nbsp;&nbsp;HCD_GetURB_State
<LI><a href="#[bc]">&gt;&gt;</a>&nbsp;&nbsp;&nbsp;HCD_GetHCState
</UL>
<BR>[Address Reference Count : 1]<UL><LI> usbh_adk_core.o(.data)
</UL>
<P><STRONG><a name="[12]"></a>USBH_ADK_InterfaceInit</STRONG> (Thumb, 20 bytes, Stack size 8 bytes, usbh_adk_core.o(i.USBH_ADK_InterfaceInit))
<BR><BR>[Stack]<UL><LI>Max Depth = 8<LI>Call Chain = USBH_ADK_InterfaceInit
</UL>
<BR>[Address Reference Count : 1]<UL><LI> usbh_adk_core.o(.data)
</UL>
<P><STRONG><a name="[ba]"></a>USBH_ADK_configAndroid</STRONG> (Thumb, 176 bytes, Stack size 24 bytes, usbh_adk_core.o(i.USBH_ADK_configAndroid))
<BR><BR>[Stack]<UL><LI>Max Depth = 84<LI>Call Chain = USBH_ADK_configAndroid &rArr; USBH_Open_Channel &rArr; USB_OTG_HC_Init
</UL>
<BR>[Calls]<UL><LI><a href="#[c4]">&gt;&gt;</a>&nbsp;&nbsp;&nbsp;USBH_Alloc_Channel
<LI><a href="#[c5]">&gt;&gt;</a>&nbsp;&nbsp;&nbsp;USBH_Open_Channel
</UL>
<BR>[Called By]<UL><LI><a href="#[14]">&gt;&gt;</a>&nbsp;&nbsp;&nbsp;USBH_ADK_ClassRequest
</UL>

<P><STRONG><a name="[b6]"></a>USBH_ADK_getProtocol</STRONG> (Thumb, 38 bytes, Stack size 16 bytes, usbh_adk_core.o(i.USBH_ADK_getProtocol))
<BR><BR>[Stack]<UL><LI>Max Depth = 48<LI>Call Chain = USBH_ADK_getProtocol &rArr; USBH_CtlReq &rArr; USBH_SubmitSetupRequest
</UL>
<BR>[Calls]<UL><LI><a href="#[c6]">&gt;&gt;</a>&nbsp;&nbsp;&nbsp;USBH_CtlReq
</UL>
<BR>[Called By]<UL><LI><a href="#[14]">&gt;&gt;</a>&nbsp;&nbsp;&nbsp;USBH_ADK_ClassRequest
</UL>

<P><STRONG><a name="[b7]"></a>USBH_ADK_sendString</STRONG> (Thumb, 54 bytes, Stack size 24 bytes, usbh_adk_core.o(i.USBH_ADK_sendString))
<BR><BR>[Stack]<UL><LI>Max Depth = 56<LI>Call Chain = USBH_ADK_sendString &rArr; USBH_CtlReq &rArr; USBH_SubmitSetupRequest
</UL>
<BR>[Calls]<UL><LI><a href="#[c6]">&gt;&gt;</a>&nbsp;&nbsp;&nbsp;USBH_CtlReq
<LI><a href="#[c9]">&gt;&gt;</a>&nbsp;&nbsp;&nbsp;strlen
</UL>
<BR>[Called By]<UL><LI><a href="#[14]">&gt;&gt;</a>&nbsp;&nbsp;&nbsp;USBH_ADK_ClassRequest
</UL>

<P><STRONG><a name="[b8]"></a>USBH_ADK_switch</STRONG> (Thumb, 36 bytes, Stack size 16 bytes, usbh_adk_core.o(i.USBH_ADK_switch))
<BR><BR>[Stack]<UL><LI>Max Depth = 48<LI>Call Chain = USBH_ADK_switch &rArr; USBH_CtlReq &rArr; USBH_SubmitSetupRequest
</UL>
<BR>[Calls]<UL><LI><a href="#[c6]">&gt;&gt;</a>&nbsp;&nbsp;&nbsp;USBH_CtlReq
</UL>
<BR>[Called By]<UL><LI><a href="#[14]">&gt;&gt;</a>&nbsp;&nbsp;&nbsp;USBH_ADK_ClassRequest
</UL>

<P><STRONG><a name="[9c]"></a>I2C_Addr</STRONG> (Thumb, 22 bytes, Stack size 16 bytes, i2clib.o(i.I2C_Addr))
<BR><BR>[Stack]<UL><LI>Max Depth = 16<LI>Call Chain = I2C_Addr
</UL>
<BR>[Calls]<UL><LI><a href="#[9d]">&gt;&gt;</a>&nbsp;&nbsp;&nbsp;WaitSR1FlagsSet
</UL>
<BR>[Called By]<UL><LI><a href="#[ab]">&gt;&gt;</a>&nbsp;&nbsp;&nbsp;I2C_RdData
<LI><a href="#[a7]">&gt;&gt;</a>&nbsp;&nbsp;&nbsp;I2C_RdBuf
</UL>

<P><STRONG><a name="[a9]"></a>I2C_Read</STRONG> (Thumb, 28 bytes, Stack size 16 bytes, i2clib.o(i.I2C_Read))
<BR><BR>[Stack]<UL><LI>Max Depth = 16<LI>Call Chain = I2C_Read
</UL>
<BR>[Calls]<UL><LI><a href="#[9d]">&gt;&gt;</a>&nbsp;&nbsp;&nbsp;WaitSR1FlagsSet
</UL>
<BR>[Called By]<UL><LI><a href="#[a7]">&gt;&gt;</a>&nbsp;&nbsp;&nbsp;I2C_RdBuf
</UL>

<P><STRONG><a name="[a8]"></a>I2C_Start</STRONG> (Thumb, 22 bytes, Stack size 8 bytes, i2clib.o(i.I2C_Start))
<BR><BR>[Stack]<UL><LI>Max Depth = 8<LI>Call Chain = I2C_Start
</UL>
<BR>[Calls]<UL><LI><a href="#[9d]">&gt;&gt;</a>&nbsp;&nbsp;&nbsp;WaitSR1FlagsSet
</UL>
<BR>[Called By]<UL><LI><a href="#[ab]">&gt;&gt;</a>&nbsp;&nbsp;&nbsp;I2C_RdData
<LI><a href="#[a7]">&gt;&gt;</a>&nbsp;&nbsp;&nbsp;I2C_RdBuf
</UL>

<P><STRONG><a name="[aa]"></a>WaitLineIdle</STRONG> (Thumb, 32 bytes, Stack size 0 bytes, i2clib.o(i.WaitLineIdle))
<BR><BR>[Called By]<UL><LI><a href="#[a7]">&gt;&gt;</a>&nbsp;&nbsp;&nbsp;I2C_RdBuf
</UL>

<P><STRONG><a name="[9d]"></a>WaitSR1FlagsSet</STRONG> (Thumb, 32 bytes, Stack size 0 bytes, i2clib.o(i.WaitSR1FlagsSet))
<BR><BR>[Called By]<UL><LI><a href="#[ab]">&gt;&gt;</a>&nbsp;&nbsp;&nbsp;I2C_RdData
<LI><a href="#[a7]">&gt;&gt;</a>&nbsp;&nbsp;&nbsp;I2C_RdBuf
<LI><a href="#[a8]">&gt;&gt;</a>&nbsp;&nbsp;&nbsp;I2C_Start
<LI><a href="#[a9]">&gt;&gt;</a>&nbsp;&nbsp;&nbsp;I2C_Read
<LI><a href="#[9c]">&gt;&gt;</a>&nbsp;&nbsp;&nbsp;I2C_Addr
</UL>

<P><STRONG><a name="[101]"></a>USB_OTG_CoreReset</STRONG> (Thumb, 108 bytes, Stack size 24 bytes, usb_core.o(i.USB_OTG_CoreReset))
<BR><BR>[Stack]<UL><LI>Max Depth = 72<LI>Call Chain = USB_OTG_CoreReset &rArr; USB_OTG_BSP_uDelay &rArr; BSP_Delay &rArr; BSP_SetTime
</UL>
<BR>[Calls]<UL><LI><a href="#[100]">&gt;&gt;</a>&nbsp;&nbsp;&nbsp;USB_OTG_BSP_uDelay
</UL>
<BR>[Called By]<UL><LI><a href="#[94]">&gt;&gt;</a>&nbsp;&nbsp;&nbsp;USB_OTG_CoreInit
</UL>

<P><STRONG><a name="[108]"></a>USB_OTG_EnableCommonInt</STRONG> (Thumb, 52 bytes, Stack size 8 bytes, usb_core.o(i.USB_OTG_EnableCommonInt))
<BR><BR>[Stack]<UL><LI>Max Depth = 8<LI>Call Chain = USB_OTG_EnableCommonInt
</UL>
<BR>[Called By]<UL><LI><a href="#[106]">&gt;&gt;</a>&nbsp;&nbsp;&nbsp;USB_OTG_EnableHostInt
</UL>

<P><STRONG><a name="[ec]"></a>USB_OTG_USBH_handle_Disconnect_ISR</STRONG> (Thumb, 40 bytes, Stack size 16 bytes, usb_hcd_int.o(i.USB_OTG_USBH_handle_Disconnect_ISR))
<BR><BR>[Stack]<UL><LI>Max Depth = 16<LI>Call Chain = USB_OTG_USBH_handle_Disconnect_ISR
</UL>
<BR>[Called By]<UL><LI><a href="#[ad]">&gt;&gt;</a>&nbsp;&nbsp;&nbsp;USBH_OTG_ISR_Handler
</UL>

<P><STRONG><a name="[ed]"></a>USB_OTG_USBH_handle_IncompletePeriodicXfer_ISR</STRONG> (Thumb, 70 bytes, Stack size 12 bytes, usb_hcd_int.o(i.USB_OTG_USBH_handle_IncompletePeriodicXfer_ISR))
<BR><BR>[Stack]<UL><LI>Max Depth = 12<LI>Call Chain = USB_OTG_USBH_handle_IncompletePeriodicXfer_ISR
</UL>
<BR>[Called By]<UL><LI><a href="#[ad]">&gt;&gt;</a>&nbsp;&nbsp;&nbsp;USBH_OTG_ISR_Handler
</UL>

<P><STRONG><a name="[ea]"></a>USB_OTG_USBH_handle_hc_ISR</STRONG> (Thumb, 86 bytes, Stack size 24 bytes, usb_hcd_int.o(i.USB_OTG_USBH_handle_hc_ISR))
<BR><BR>[Stack]<UL><LI>Max Depth = 96<LI>Call Chain = USB_OTG_USBH_handle_hc_ISR &rArr; USB_OTG_USBH_handle_hc_n_In_ISR &rArr; USB_OTG_HC_Halt
</UL>
<BR>[Calls]<UL><LI><a href="#[10e]">&gt;&gt;</a>&nbsp;&nbsp;&nbsp;USB_OTG_USBH_handle_hc_n_Out_ISR
<LI><a href="#[10d]">&gt;&gt;</a>&nbsp;&nbsp;&nbsp;USB_OTG_USBH_handle_hc_n_In_ISR
<LI><a href="#[10c]">&gt;&gt;</a>&nbsp;&nbsp;&nbsp;USB_OTG_ReadHostAllChannels_intr
</UL>
<BR>[Called By]<UL><LI><a href="#[ad]">&gt;&gt;</a>&nbsp;&nbsp;&nbsp;USBH_OTG_ISR_Handler
</UL>

<P><STRONG><a name="[10d]"></a>USB_OTG_USBH_handle_hc_n_In_ISR</STRONG> (Thumb, 1066 bytes, Stack size 40 bytes, usb_hcd_int.o(i.USB_OTG_USBH_handle_hc_n_In_ISR))
<BR><BR>[Stack]<UL><LI>Max Depth = 72<LI>Call Chain = USB_OTG_USBH_handle_hc_n_In_ISR &rArr; USB_OTG_HC_Halt
</UL>
<BR>[Calls]<UL><LI><a href="#[c2]">&gt;&gt;</a>&nbsp;&nbsp;&nbsp;USB_OTG_HC_Halt
</UL>
<BR>[Called By]<UL><LI><a href="#[ea]">&gt;&gt;</a>&nbsp;&nbsp;&nbsp;USB_OTG_USBH_handle_hc_ISR
</UL>

<P><STRONG><a name="[10e]"></a>USB_OTG_USBH_handle_hc_n_Out_ISR</STRONG> (Thumb, 976 bytes, Stack size 32 bytes, usb_hcd_int.o(i.USB_OTG_USBH_handle_hc_n_Out_ISR))
<BR><BR>[Stack]<UL><LI>Max Depth = 64<LI>Call Chain = USB_OTG_USBH_handle_hc_n_Out_ISR &rArr; USB_OTG_HC_Halt
</UL>
<BR>[Calls]<UL><LI><a href="#[c2]">&gt;&gt;</a>&nbsp;&nbsp;&nbsp;USB_OTG_HC_Halt
<LI><a href="#[10f]">&gt;&gt;</a>&nbsp;&nbsp;&nbsp;USB_OTG_HC_DoPing
</UL>
<BR>[Called By]<UL><LI><a href="#[ea]">&gt;&gt;</a>&nbsp;&nbsp;&nbsp;USB_OTG_USBH_handle_hc_ISR
</UL>

<P><STRONG><a name="[e8]"></a>USB_OTG_USBH_handle_nptxfempty_ISR</STRONG> (Thumb, 302 bytes, Stack size 32 bytes, usb_hcd_int.o(i.USB_OTG_USBH_handle_nptxfempty_ISR))
<BR><BR>[Stack]<UL><LI>Max Depth = 56<LI>Call Chain = USB_OTG_USBH_handle_nptxfempty_ISR &rArr; USB_OTG_WritePacket
</UL>
<BR>[Calls]<UL><LI><a href="#[10a]">&gt;&gt;</a>&nbsp;&nbsp;&nbsp;USB_OTG_WritePacket
</UL>
<BR>[Called By]<UL><LI><a href="#[ad]">&gt;&gt;</a>&nbsp;&nbsp;&nbsp;USBH_OTG_ISR_Handler
</UL>

<P><STRONG><a name="[eb]"></a>USB_OTG_USBH_handle_port_ISR</STRONG> (Thumb, 282 bytes, Stack size 32 bytes, usb_hcd_int.o(i.USB_OTG_USBH_handle_port_ISR))
<BR><BR>[Stack]<UL><LI>Max Depth = 96<LI>Call Chain = USB_OTG_USBH_handle_port_ISR &rArr; USB_OTG_ResetPort &rArr; USB_OTG_BSP_mDelay &rArr; BSP_Delay &rArr; BSP_SetTime
</UL>
<BR>[Calls]<UL><LI><a href="#[99]">&gt;&gt;</a>&nbsp;&nbsp;&nbsp;USB_OTG_ResetPort
<LI><a href="#[102]">&gt;&gt;</a>&nbsp;&nbsp;&nbsp;USB_OTG_InitFSLSPClkSel
</UL>
<BR>[Called By]<UL><LI><a href="#[ad]">&gt;&gt;</a>&nbsp;&nbsp;&nbsp;USBH_OTG_ISR_Handler
</UL>

<P><STRONG><a name="[e9]"></a>USB_OTG_USBH_handle_ptxfempty_ISR</STRONG> (Thumb, 302 bytes, Stack size 32 bytes, usb_hcd_int.o(i.USB_OTG_USBH_handle_ptxfempty_ISR))
<BR><BR>[Stack]<UL><LI>Max Depth = 56<LI>Call Chain = USB_OTG_USBH_handle_ptxfempty_ISR &rArr; USB_OTG_WritePacket
</UL>
<BR>[Calls]<UL><LI><a href="#[10a]">&gt;&gt;</a>&nbsp;&nbsp;&nbsp;USB_OTG_WritePacket
</UL>
<BR>[Called By]<UL><LI><a href="#[ad]">&gt;&gt;</a>&nbsp;&nbsp;&nbsp;USBH_OTG_ISR_Handler
</UL>

<P><STRONG><a name="[e7]"></a>USB_OTG_USBH_handle_rx_qlvl_ISR</STRONG> (Thumb, 356 bytes, Stack size 32 bytes, usb_hcd_int.o(i.USB_OTG_USBH_handle_rx_qlvl_ISR))
<BR><BR>[Stack]<UL><LI>Max Depth = 52<LI>Call Chain = USB_OTG_USBH_handle_rx_qlvl_ISR &rArr; USB_OTG_ReadPacket
</UL>
<BR>[Calls]<UL><LI><a href="#[110]">&gt;&gt;</a>&nbsp;&nbsp;&nbsp;USB_OTG_ReadPacket
</UL>
<BR>[Called By]<UL><LI><a href="#[ad]">&gt;&gt;</a>&nbsp;&nbsp;&nbsp;USBH_OTG_ISR_Handler
</UL>

<P><STRONG><a name="[e6]"></a>USB_OTG_USBH_handle_sof_ISR</STRONG> (Thumb, 38 bytes, Stack size 16 bytes, usb_hcd_int.o(i.USB_OTG_USBH_handle_sof_ISR))
<BR><BR>[Stack]<UL><LI>Max Depth = 16<LI>Call Chain = USB_OTG_USBH_handle_sof_ISR
</UL>
<BR>[Called By]<UL><LI><a href="#[ad]">&gt;&gt;</a>&nbsp;&nbsp;&nbsp;USBH_OTG_ISR_Handler
</UL>

<P><STRONG><a name="[d9]"></a>USBH_HandleEnum</STRONG> (Thumb, 526 bytes, Stack size 88 bytes, usbh_core.o(i.USBH_HandleEnum))
<BR><BR>[Stack]<UL><LI>Max Depth = 192<LI>Call Chain = USBH_HandleEnum &rArr; USBH_Get_StringDesc &rArr; USBH_GetDescriptor &rArr; USBH_CtlReq &rArr; USBH_SubmitSetupRequest
</UL>
<BR>[Calls]<UL><LI><a href="#[dc]">&gt;&gt;</a>&nbsp;&nbsp;&nbsp;USB_OTG_BSP_mDelay
<LI><a href="#[b9]">&gt;&gt;</a>&nbsp;&nbsp;&nbsp;USBH_Get_DevDesc
<LI><a href="#[dd]">&gt;&gt;</a>&nbsp;&nbsp;&nbsp;strstr
<LI><a href="#[c8]">&gt;&gt;</a>&nbsp;&nbsp;&nbsp;__aeabi_memcpy
<LI><a href="#[de]">&gt;&gt;</a>&nbsp;&nbsp;&nbsp;USBH_SetCfg
<LI><a href="#[db]">&gt;&gt;</a>&nbsp;&nbsp;&nbsp;USBH_SetAddress
<LI><a href="#[da]">&gt;&gt;</a>&nbsp;&nbsp;&nbsp;USBH_Modify_Channel
<LI><a href="#[d5]">&gt;&gt;</a>&nbsp;&nbsp;&nbsp;USBH_Get_StringDesc
<LI><a href="#[d2]">&gt;&gt;</a>&nbsp;&nbsp;&nbsp;USBH_Get_CfgDesc
<LI><a href="#[98]">&gt;&gt;</a>&nbsp;&nbsp;&nbsp;HCD_ResetPort
</UL>
<BR>[Called By]<UL><LI><a href="#[f1]">&gt;&gt;</a>&nbsp;&nbsp;&nbsp;USBH_Process
</UL>

<P><STRONG><a name="[cb]"></a>USBH_GetFreeChannel</STRONG> (Thumb, 40 bytes, Stack size 0 bytes, usbh_hcs.o(i.USBH_GetFreeChannel))
<BR><BR>[Called By]<UL><LI><a href="#[c4]">&gt;&gt;</a>&nbsp;&nbsp;&nbsp;USBH_Alloc_Channel
</UL>

<P><STRONG><a name="[cd]"></a>USBH_SubmitSetupRequest</STRONG> (Thumb, 24 bytes, Stack size 8 bytes, usbh_ioreq.o(i.USBH_SubmitSetupRequest))
<BR><BR>[Stack]<UL><LI>Max Depth = 8<LI>Call Chain = USBH_SubmitSetupRequest
</UL>
<BR>[Called By]<UL><LI><a href="#[c6]">&gt;&gt;</a>&nbsp;&nbsp;&nbsp;USBH_CtlReq
</UL>

<P><STRONG><a name="[d3]"></a>USBH_ParseCfgDesc</STRONG> (Thumb, 274 bytes, Stack size 56 bytes, usbh_stdreq.o(i.USBH_ParseCfgDesc))
<BR><BR>[Stack]<UL><LI>Max Depth = 64<LI>Call Chain = USBH_ParseCfgDesc &rArr; USBH_GetNextDesc
</UL>
<BR>[Calls]<UL><LI><a href="#[ee]">&gt;&gt;</a>&nbsp;&nbsp;&nbsp;USBH_GetNextDesc
<LI><a href="#[ef]">&gt;&gt;</a>&nbsp;&nbsp;&nbsp;USBH_ParseInterfaceDesc
<LI><a href="#[f0]">&gt;&gt;</a>&nbsp;&nbsp;&nbsp;USBH_ParseEPDesc
</UL>
<BR>[Called By]<UL><LI><a href="#[d2]">&gt;&gt;</a>&nbsp;&nbsp;&nbsp;USBH_Get_CfgDesc
</UL>

<P><STRONG><a name="[d4]"></a>USBH_ParseDevDesc</STRONG> (Thumb, 88 bytes, Stack size 8 bytes, usbh_stdreq.o(i.USBH_ParseDevDesc))
<BR><BR>[Stack]<UL><LI>Max Depth = 8<LI>Call Chain = USBH_ParseDevDesc
</UL>
<BR>[Called By]<UL><LI><a href="#[b9]">&gt;&gt;</a>&nbsp;&nbsp;&nbsp;USBH_Get_DevDesc
</UL>

<P><STRONG><a name="[f0]"></a>USBH_ParseEPDesc</STRONG> (Thumb, 32 bytes, Stack size 0 bytes, usbh_stdreq.o(i.USBH_ParseEPDesc))
<BR><BR>[Called By]<UL><LI><a href="#[d3]">&gt;&gt;</a>&nbsp;&nbsp;&nbsp;USBH_ParseCfgDesc
</UL>

<P><STRONG><a name="[ef]"></a>USBH_ParseInterfaceDesc</STRONG> (Thumb, 38 bytes, Stack size 0 bytes, usbh_stdreq.o(i.USBH_ParseInterfaceDesc))
<BR><BR>[Called By]<UL><LI><a href="#[d3]">&gt;&gt;</a>&nbsp;&nbsp;&nbsp;USBH_ParseCfgDesc
</UL>

<P><STRONG><a name="[d6]"></a>USBH_ParseStringDesc</STRONG> (Thumb, 54 bytes, Stack size 12 bytes, usbh_stdreq.o(i.USBH_ParseStringDesc))
<BR><BR>[Stack]<UL><LI>Max Depth = 12<LI>Call Chain = USBH_ParseStringDesc
</UL>
<BR>[Called By]<UL><LI><a href="#[d5]">&gt;&gt;</a>&nbsp;&nbsp;&nbsp;USBH_Get_StringDesc
</UL>
<P>
<H3>
Undefined Global Symbols
</H3><HR></body></html>
