Component: ARM Compiler 5.06 update 6 (build 750) Tool: armlink [4d35ed]

==============================================================================

Section Cross References

    system_stm32f4xx.o(i.SystemCoreClockUpdate) refers to system_stm32f4xx.o(.data) for SystemCoreClock
    system_stm32f4xx.o(i.SystemInit) refers to system_stm32f4xx.o(i.SetSysClock) for SetSysClock
    main.o(i.Delay) refers to main.o(.data) for TimingDelay
    main.o(i.EnableTimerInterrupt) refers to misc.o(i.NVIC_Init) for NVIC_Init
    main.o(i.InitializeTimer) refers to stm32f4xx_rcc.o(i.RCC_APB1PeriphClockCmd) for RCC_APB1PeriphClockCmd
    main.o(i.InitializeTimer) refers to stm32f4xx_tim.o(i.TIM_TimeBaseInit) for TIM_TimeBaseInit
    main.o(i.InitializeTimer) refers to stm32f4xx_tim.o(i.TIM_Cmd) for TIM_Cmd
    main.o(i.InitializeTimer) refers to stm32f4xx_tim.o(i.TIM_ITConfig) for TIM_ITConfig
    main.o(i.TimingDelay_Decrement) refers to main.o(.data) for TimingDelay
    main.o(i.chargercontrol_pins) refers to stm32f4xx_rcc.o(i.RCC_AHB1PeriphClockCmd) for RCC_AHB1PeriphClockCmd
    main.o(i.chargercontrol_pins) refers to stm32f4xx_gpio.o(i.GPIO_Init) for GPIO_Init
    main.o(i.hextobinary) refers to strcat.o(.text) for strcat
    main.o(i.ledshow) refers to stm32f4xx_gpio.o(i.GPIO_WriteBit) for GPIO_WriteBit
    main.o(i.main) refers to stm32f4xx_rcc.o(i.RCC_GetClocksFreq) for RCC_GetClocksFreq
    main.o(i.main) refers to usbh_core.o(i.USBH_DeInit) for USBH_DeInit
    main.o(i.main) refers to usbh_core.o(i.USBH_Init) for USBH_Init
    main.o(i.main) refers to main.o(i.chargercontrol_pins) for chargercontrol_pins
    main.o(i.main) refers to i2clib.o(i.I2C_LowLevel_Init) for I2C_LowLevel_Init
    main.o(i.main) refers to main.o(i.InitializeTimer) for InitializeTimer
    main.o(i.main) refers to main.o(i.EnableTimerInterrupt) for EnableTimerInterrupt
    main.o(i.main) refers to main.o(i.Delay) for Delay
    main.o(i.main) refers to stm32f4_discovery.o(i.STM_EVAL_PBGetState) for STM_EVAL_PBGetState
    main.o(i.main) refers to main.o(i.poweron_adkinit) for poweron_adkinit
    main.o(i.main) refers to usbh_core.o(i.USBH_Process) for USBH_Process
    main.o(i.main) refers to usbh_adk_core.o(i.USBH_ADK_getStatus) for USBH_ADK_getStatus
    main.o(i.main) refers to strlen.o(.text) for strlen
    main.o(i.main) refers to memseta.o(.text) for __aeabi_memclr4
    main.o(i.main) refers to usbh_adk_core.o(i.USBH_ADK_read) for USBH_ADK_read
    main.o(i.main) refers to memcpya.o(.text) for __aeabi_memcpy
    main.o(i.main) refers to usbh_adk_core.o(i.USBH_ADK_write) for USBH_ADK_write
    main.o(i.main) refers to main.o(i.poweroff) for poweroff
    main.o(i.main) refers to main.o(i.readbatvoltage) for readbatvoltage
    main.o(i.main) refers to main.o(i.ledshow) for ledshow
    main.o(i.main) refers to main.o(.bss) for USB_Host
    main.o(i.main) refers to usbh_usr.o(.data) for USR_Callbacks
    main.o(i.main) refers to usbh_adk_core.o(.data) for USBH_ADK_cb
    main.o(i.main) refers to main.o(.data) for powerstate
    main.o(i.main) refers to stm32f4xx_it.o(.data) for timercount
    main.o(i.main) refers to usbh_core.o(.bss) for next_sno
    main.o(i.poweroff) refers to stm32f4xx_gpio.o(i.GPIO_WriteBit) for GPIO_WriteBit
    main.o(i.poweroff) refers to usbh_adk_core.o(i.USBH_ADK_InterfaceDeInit) for USBH_ADK_InterfaceDeInit
    main.o(i.poweroff) refers to usbh_core.o(i.USBH_DeInit) for USBH_DeInit
    main.o(i.poweroff) refers to main.o(.bss) for USB_Host
    main.o(i.poweroff) refers to main.o(.data) for powerstate
    main.o(i.poweron) refers to stm32f4xx_gpio.o(i.GPIO_WriteBit) for GPIO_WriteBit
    main.o(i.poweron) refers to main.o(.data) for powerstate
    main.o(i.poweron_adkinit) refers to usbh_adk_core.o(i.USBH_ADK_InterfaceDeInit) for USBH_ADK_InterfaceDeInit
    main.o(i.poweron_adkinit) refers to stm32f4xx_gpio.o(i.GPIO_WriteBit) for GPIO_WriteBit
    main.o(i.poweron_adkinit) refers to usbh_core.o(i.USBH_DeInit) for USBH_DeInit
    main.o(i.poweron_adkinit) refers to main.o(i.Delay) for Delay
    main.o(i.poweron_adkinit) refers to usbh_core.o(i.USBH_Init) for USBH_Init
    main.o(i.poweron_adkinit) refers to usbh_adk_core.o(i.USBH_ADK_Init) for USBH_ADK_Init
    main.o(i.poweron_adkinit) refers to main.o(.bss) for USB_Host
    main.o(i.poweron_adkinit) refers to usbh_usr.o(.data) for USR_Callbacks
    main.o(i.poweron_adkinit) refers to usbh_adk_core.o(.data) for USBH_ADK_cb
    main.o(i.poweron_adkinit) refers to main.o(.data) for sr
    main.o(i.poweron_adkinit) refers to stm32f4xx_it.o(.data) for timercount
    main.o(i.readbatvoltage) refers to i2clib.o(i.I2C_RdData) for I2C_RdData
    main.o(i.readbatvoltage) refers to i2clib.o(i.Write_24Cxx) for Write_24Cxx
    main.o(i.readbatvoltage) refers to memseta.o(.text) for __aeabi_memclr4
    main.o(i.readbatvoltage) refers to f2d.o(.text) for __aeabi_f2d
    main.o(i.readbatvoltage) refers to dadd.o(.text) for __aeabi_dadd
[...]
    .text                                    0x08000460   Section        0  llshl.o(.text)
    .text                                    0x0800047e   Section        0  llsshr.o(.text)
    .text                                    0x080004a2   Section        0  iusefp.o(.text)
    .text                                    0x080004a2   Section        0  fepilogue.o(.text)
    .text                                    0x08000510   Section        0  depilogue.o(.text)
    .text                                    0x080005cc   Section       36  init.o(.text)
    .text                                    0x080005f0   Section        0  llushr.o(.text)
    .text                                    0x08000610   Section        0  __dczerorl2.o(.text)
    i.BSP_Delay                              0x08000668   Section        0  usb_bsp.o(i.BSP_Delay)
    BSP_Delay                                0x08000669   Thumb Code    38  usb_bsp.o(i.BSP_Delay)
    i.BSP_SetTime                            0x08000694   Section        0  usb_bsp.o(i.BSP_SetTime)
    BSP_SetTime                              0x08000695   Thumb Code   106  usb_bsp.o(i.BSP_SetTime)
    i.BusFault_Handler                       0x080006fe   Section        0  stm32f4xx_it.o(i.BusFault_Handler)
    i.DebugMon_Handler                       0x08000702   Section        0  stm32f4xx_it.o(i.DebugMon_Handler)
    i.Delay                                  0x08000704   Section        0  main.o(i.Delay)
    i.EnableTimerInterrupt                   0x0800071c   Section        0  main.o(i.EnableTimerInterrupt)
    i.GPIO_Init                              0x0800073c   Section        0  stm32f4xx_gpio.o(i.GPIO_Init)
    i.GPIO_PinAFConfig                       0x080007cc   Section        0  stm32f4xx_gpio.o(i.GPIO_PinAFConfig)
    i.GPIO_ReadInputDataBit                  0x08000812   Section        0  stm32f4xx_gpio.o(i.GPIO_ReadInputDataBit)
    i.GPIO_ResetBits                         0x08000824   Section        0  stm32f4xx_gpio.o(i.GPIO_ResetBits)
    i.GPIO_SetBits                           0x08000828   Section        0  stm32f4xx_gpio.o(i.GPIO_SetBits)
    i.GPIO_ToggleBits                        0x0800082c   Section        0  stm32f4xx_gpio.o(i.GPIO_ToggleBits)
    i.GPIO_WriteBit                          0x08000834   Section        0  stm32f4xx_gpio.o(i.GPIO_WriteBit)
    i.HCD_GetCurrentFrame                    0x0800083e   Section        0  usb_hcd.o(i.HCD_GetCurrentFrame)
    i.HCD_GetCurrentSpeed                    0x08000848   Section        0  usb_hcd.o(i.HCD_GetCurrentSpeed)
    i.HCD_GetHCState                         0x0800085c   Section        0  usb_hcd.o(i.HCD_GetHCState)
    i.HCD_GetURB_State                       0x08000866   Section        0  usb_hcd.o(i.HCD_GetURB_State)
    i.HCD_GetXferCnt                         0x08000870   Section        0  usb_hcd.o(i.HCD_GetXferCnt)
    i.HCD_Init                               0x0800087c   Section        0  usb_hcd.o(i.HCD_Init)
    i.HCD_IsDeviceConnected                  0x080008dc   Section        0  usb_hcd.o(i.HCD_IsDeviceConnected)
    i.HCD_ResetPort                          0x080008e4   Section        0  usb_hcd.o(i.HCD_ResetPort)
    i.HCD_SubmitRequest                      0x080008f2   Section        0  usb_hcd.o(i.HCD_SubmitRequest)
    i.HardFault_Handler                      0x08000912   Section        0  stm32f4xx_it.o(i.HardFault_Handler)
    i.I2C_Addr                               0x08000918   Section        0  i2clib.o(i.I2C_Addr)
    I2C_Addr                                 0x08000919   Thumb Code    22  i2clib.o(i.I2C_Addr)
    i.I2C_CheckEvent                         0x08000934   Section        0  stm32f4xx_i2c.o(i.I2C_CheckEvent)
    i.I2C_Cmd                                0x0800095e   Section        0  stm32f4xx_i2c.o(i.I2C_Cmd)
    i.I2C_GenerateSTART                      0x08000976   Section        0  stm32f4xx_i2c.o(i.I2C_GenerateSTART)
    i.I2C_GenerateSTOP                       0x0800098e   Section        0  stm32f4xx_i2c.o(i.I2C_GenerateSTOP)
    i.I2C_Init                               0x080009a8   Section        0  stm32f4xx_i2c.o(i.I2C_Init)
    i.I2C_LowLevel_Init                      0x08000a90   Section        0  i2clib.o(i.I2C_LowLevel_Init)
    i.I2C_RdBuf                              0x08000b3c   Section        0  i2clib.o(i.I2C_RdBuf)
    i.I2C_RdData                             0x08000c58   Section        0  i2clib.o(i.I2C_RdData)
    i.I2C_Read                               0x08000c98   Section        0  i2clib.o(i.I2C_Read)
    I2C_Read                                 0x08000c99   Thumb Code    28  i2clib.o(i.I2C_Read)
    i.I2C_Send7bitAddress                    0x08000cb8   Section        0  stm32f4xx_i2c.o(i.I2C_Send7bitAddress)
    i.I2C_SendData                           0x08000cc8   Section        0  stm32f4xx_i2c.o(i.I2C_SendData)
    i.I2C_Start                              0x08000ccc   Section        0  i2clib.o(i.I2C_Start)
    I2C_Start                                0x08000ccd   Thumb Code    22  i2clib.o(i.I2C_Start)
    i.InitializeTimer                        0x08000ce8   Section        0  main.o(i.InitializeTimer)
    i.MemManage_Handler                      0x08000d30   Section        0  stm32f4xx_it.o(i.MemManage_Handler)
    i.NMI_Handler                            0x08000d34   Section        0  stm32f4xx_it.o(i.NMI_Handler)
    i.NVIC_Init                              0x08000d38   Section        0  misc.o(i.NVIC_Init)
    i.NVIC_PriorityGroupConfig               0x08000db0   Section        0  misc.o(i.NVIC_PriorityGroupConfig)
    i.NVIC_SetVectorTable                    0x08000dc4   Section        0  misc.o(i.NVIC_SetVectorTable)
    i.OTG_FS_IRQHandler                      0x08000dd8   Section        0  stm32f4xx_it.o(i.OTG_FS_IRQHandler)
    i.PendSV_Handler                         0x08000de8   Section        0  stm32f4xx_it.o(i.PendSV_Handler)
    i.RCC_AHB1PeriphClockCmd                 0x08000dec   Section        0  stm32f4xx_rcc.o(i.RCC_AHB1PeriphClockCmd)
    i.RCC_AHB2PeriphClockCmd                 0x08000e0c   Section        0  stm32f4xx_rcc.o(i.RCC_AHB2PeriphClockCmd)
    i.RCC_APB1PeriphClockCmd                 0x08000e2c   Section        0  stm32f4xx_rcc.o(i.RCC_APB1PeriphClockCmd)
    i.RCC_APB1PeriphResetCmd                 0x08000e4c   Section        0  stm32f4xx_rcc.o(i.RCC_APB1PeriphResetCmd)
    i.RCC_APB2PeriphClockCmd                 0x08000e6c   Section        0  stm32f4xx_rcc.o(i.RCC_APB2PeriphClockCmd)
    i.RCC_GetClocksFreq                      0x08000e8c   Section        0  stm32f4xx_rcc.o(i.RCC_GetClocksFreq)
    i.STM_EVAL_PBGetState                    0x08000f70   Section        0  stm32f4_discovery.o(i.STM_EVAL_PBGetState)
    i.SVC_Handler                            0x08000f90   Section        0  stm32f4xx_it.o(i.SVC_Handler)
    i.SetSysClock                            0x08000f94   Section        0  system_stm32f4xx.o(i.SetSysClock)
    SetSysClock                              0x08000f95   Thumb Code   210  system_stm32f4xx.o(i.SetSysClock)
    i.SysTick_Handler                        0x0800107c   Section        0  stm32f4xx_it.o(i.SysTick_Handler)
    i.SystemInit                             0x08001084   Section        0  system_stm32f4xx.o(i.SystemInit)
    i.TIM2_IRQHandler                        0x080010ec   Section        0  stm32f4xx_it.o(i.TIM2_IRQHandler)
    i.TIM3_IRQHandler                        0x080010fc   Section        0  stm32f4xx_it.o(i.TIM3_IRQHandler)
    i.TIM_ARRPreloadConfig                   0x080011a4   Section        0  stm32f4xx_tim.o(i.TIM_ARRPreloadConfig)
    i.TIM_ClearITPendingBit                  0x080011bc   Section        0  stm32f4xx_tim.o(i.TIM_ClearITPendingBit)
    i.TIM_Cmd                                0x080011c2   Section        0  stm32f4xx_tim.o(i.TIM_Cmd)
    i.TIM_GetITStatus                        0x080011da   Section        0  stm32f4xx_tim.o(i.TIM_GetITStatus)
    i.TIM_ITConfig                           0x080011fc   Section        0  stm32f4xx_tim.o(i.TIM_ITConfig)
    i.TIM_TimeBaseInit                       0x08001210   Section        0  stm32f4xx_tim.o(i.TIM_TimeBaseInit)
    i.TimingDelay_Decrement                  0x08001294   Section        0  main.o(i.TimingDelay_Decrement)
    i.USBH_ADK_ClassRequest                  0x080012ac   Section        0  usbh_adk_core.o(i.USBH_ADK_ClassRequest)
    USBH_ADK_ClassRequest                    0x080012ad   Thumb Code   428  usbh_adk_core.o(i.USBH_ADK_ClassRequest)
    i.USBH_ADK_Handle                        0x08001460   Section        0  usbh_adk_core.o(i.USBH_ADK_Handle)
    USBH_ADK_Handle                          0x08001461   Thumb Code   210  usbh_adk_core.o(i.USBH_ADK_Handle)
    i.USBH_ADK_Init                          0x08001538   Section        0  usbh_adk_core.o(i.USBH_ADK_Init)
    i.USBH_ADK_InterfaceDeInit               0x080015e0   Section        0  usbh_adk_core.o(i.USBH_ADK_InterfaceDeInit)
    i.USBH_ADK_InterfaceInit                 0x08001634   Section        0  usbh_adk_core.o(i.USBH_ADK_InterfaceInit)
    USBH_ADK_InterfaceInit                   0x08001635   Thumb Code    20  usbh_adk_core.o(i.USBH_ADK_InterfaceInit)
    i.USBH_ADK_configAndroid                 0x0800164c   Section        0  usbh_adk_core.o(i.USBH_ADK_configAndroid)
    USBH_ADK_configAndroid                   0x0800164d   Thumb Code   176  usbh_adk_core.o(i.USBH_ADK_configAndroid)
    i.USBH_ADK_getProtocol                   0x08001700   Section        0  usbh_adk_core.o(i.USBH_ADK_getProtocol)
    USBH_ADK_getProtocol                     0x08001701   Thumb Code    38  usbh_adk_core.o(i.USBH_ADK_getProtocol)
    i.USBH_ADK_getStatus                     0x0800172c   Section        0  usbh_adk_core.o(i.USBH_ADK_getStatus)
    i.USBH_ADK_read                          0x08001738   Section        0  usbh_adk_core.o(i.USBH_ADK_read)
    i.USBH_ADK_sendString                    0x08001770   Section        0  usbh_adk_core.o(i.USBH_ADK_sendString)
    USBH_ADK_sendString                      0x08001771   Thumb Code    54  usbh_adk_core.o(i.USBH_ADK_sendString)
    i.USBH_ADK_switch                        0x080017a6   Section        0  usbh_adk_core.o(i.USBH_ADK_switch)
    USBH_ADK_switch                          0x080017a7   Thumb Code    36  usbh_adk_core.o(i.USBH_ADK_switch)
    i.USBH_ADK_write                         0x080017cc   Section        0  usbh_adk_core.o(i.USBH_ADK_write)
    i.USBH_Alloc_Channel                     0x080017f0   Section        0  usbh_hcs.o(i.USBH_Alloc_Channel)
    i.USBH_BulkReceiveData                   0x08001816   Section        0  usbh_ioreq.o(i.USBH_BulkReceiveData)
    i.USBH_BulkSendData                      0x08001876   Section        0  usbh_ioreq.o(i.USBH_BulkSendData)
    i.USBH_Connected                         0x080018d4   Section        0  usbh_core.o(i.USBH_Connected)
    i.USBH_CtlReceiveData                    0x080018e0   Section        0  usbh_ioreq.o(i.USBH_CtlReceiveData)
    i.USBH_CtlReq                            0x08001926   Section        0  usbh_ioreq.o(i.USBH_CtlReq)
    i.USBH_CtlSendData                       0x0800198a   Section        0  usbh_ioreq.o(i.USBH_CtlSendData)
    i.USBH_CtlSendSetup                      0x080019f8   Section        0  usbh_ioreq.o(i.USBH_CtlSendSetup)
    i.USBH_DeAllocate_AllChannel             0x08001a3a   Section        0  usbh_hcs.o(i.USBH_DeAllocate_AllChannel)
    i.USBH_DeInit                            0x08001a56   Section        0  usbh_core.o(i.USBH_DeInit)
    i.USBH_Disconnected                      0x08001a90   Section        0  usbh_core.o(i.USBH_Disconnected)
    i.USBH_ErrorHandle                       0x08001a9c   Section        0  usbh_core.o(i.USBH_ErrorHandle)
    i.USBH_Free_Channel                      0x08001aca   Section        0  usbh_hcs.o(i.USBH_Free_Channel)
    i.USBH_GetDescriptor                     0x08001ae8   Section        0  usbh_stdreq.o(i.USBH_GetDescriptor)
    i.USBH_GetFreeChannel                    0x08001b2c   Section        0  usbh_hcs.o(i.USBH_GetFreeChannel)
    USBH_GetFreeChannel                      0x08001b2d   Thumb Code    40  usbh_hcs.o(i.USBH_GetFreeChannel)
    i.USBH_GetNextDesc                       0x08001b54   Section        0  usbh_stdreq.o(i.USBH_GetNextDesc)
    i.USBH_Get_CfgDesc                       0x08001b68   Section        0  usbh_stdreq.o(i.USBH_Get_CfgDesc)
    i.USBH_Get_DevDesc                       0x08001bc4   Section        0  usbh_stdreq.o(i.USBH_Get_DevDesc)
    i.USBH_Get_StringDesc                    0x08001bfc   Section        0  usbh_stdreq.o(i.USBH_Get_StringDesc)
    i.USBH_HandleControl                     0x08001c38   Section        0  usbh_core.o(i.USBH_HandleControl)
    i.USBH_HandleEnum                        0x08001e5c   Section        0  usbh_core.o(i.USBH_HandleEnum)
    USBH_HandleEnum                          0x08001e5d   Thumb Code   526  usbh_core.o(i.USBH_HandleEnum)
    i.USBH_Init                              0x08002084   Section        0  usbh_core.o(i.USBH_Init)
    i.USBH_Modify_Channel                    0x080020c8   Section        0  usbh_hcs.o(i.USBH_Modify_Channel)
    i.USBH_OTG_ISR_Handler                   0x0800212c   Section        0  usb_hcd_int.o(i.USBH_OTG_ISR_Handler)
    i.USBH_Open_Channel                      0x080021d4   Section        0  usbh_hcs.o(i.USBH_Open_Channel)
    i.USBH_ParseCfgDesc                      0x08002270   Section        0  usbh_stdreq.o(i.USBH_ParseCfgDesc)
    USBH_ParseCfgDesc                        0x08002271   Thumb Code   274  usbh_stdreq.o(i.USBH_ParseCfgDesc)
    i.USBH_ParseDevDesc                      0x0800238c   Section        0  usbh_stdreq.o(i.USBH_ParseDevDesc)
    USBH_ParseDevDesc                        0x0800238d   Thumb Code    88  usbh_stdreq.o(i.USBH_ParseDevDesc)
    i.USBH_ParseEPDesc                       0x080023e4   Section        0  usbh_stdreq.o(i.USBH_ParseEPDesc)
    USBH_ParseEPDesc                         0x080023e5   Thumb Code    32  usbh_stdreq.o(i.USBH_ParseEPDesc)
    i.USBH_ParseInterfaceDesc                0x08002404   Section        0  usbh_stdreq.o(i.USBH_ParseInterfaceDesc)
    USBH_ParseInterfaceDesc                  0x08002405   Thumb Code    38  usbh_stdreq.o(i.USBH_ParseInterfaceDesc)
    i.USBH_ParseStringDesc                   0x0800242a   Section        0  usbh_stdreq.o(i.USBH_ParseStringDesc)
    USBH_ParseStringDesc                     0x0800242b   Thumb Code    54  usbh_stdreq.o(i.USBH_ParseStringDesc)
    i.USBH_Process                           0x08002460   Section        0  usbh_core.o(i.USBH_Process)
    i.USBH_SOF                               0x08002620   Section        0  usbh_core.o(i.USBH_SOF)
    i.USBH_SetAddress                        0x08002626   Section        0  usbh_stdreq.o(i.USBH_SetAddress)
    i.USBH_SetCfg                            0x0800264c   Section        0  usbh_stdreq.o(i.USBH_SetCfg)
    i.USBH_SubmitSetupRequest                0x08002672   Section        0  usbh_ioreq.o(i.USBH_SubmitSetupRequest)
    USBH_SubmitSetupRequest                  0x08002673   Thumb Code    24  usbh_ioreq.o(i.USBH_SubmitSetupRequest)
    i.USBH_USR_ADK_Application               0x0800268a   Section        0  usbh_usr.o(i.USBH_USR_ADK_Application)
    i.USBH_USR_Configuration_DescAvailable   0x0800268e   Section        0  usbh_usr.o(i.USBH_USR_Configuration_DescAvailable)
    i.USBH_USR_DeInit                        0x08002690   Section        0  usbh_usr.o(i.USBH_USR_DeInit)
    i.USBH_USR_DeviceAddressAssigned         0x08002692   Section        0  usbh_usr.o(i.USBH_USR_DeviceAddressAssigned)
    i.USBH_USR_DeviceAttached                0x08002694   Section        0  usbh_usr.o(i.USBH_USR_DeviceAttached)
    i.USBH_USR_DeviceDisconnected            0x08002696   Section        0  usbh_usr.o(i.USBH_USR_DeviceDisconnected)
    i.USBH_USR_DeviceNotSupported            0x08002698   Section        0  usbh_usr.o(i.USBH_USR_DeviceNotSupported)
    i.USBH_USR_DeviceSpeedDetected           0x0800269a   Section        0  usbh_usr.o(i.USBH_USR_DeviceSpeedDetected)
    i.USBH_USR_Device_DescAvailable          0x080026a4   Section        0  usbh_usr.o(i.USBH_USR_Device_DescAvailable)
    i.USBH_USR_EnumerationDone               0x080026a6   Section        0  usbh_usr.o(i.USBH_USR_EnumerationDone)
    i.USBH_USR_Init                          0x080026a8   Section        0  usbh_usr.o(i.USBH_USR_Init)
    i.USBH_USR_Manufacturer_String           0x080026bc   Section        0  usbh_usr.o(i.USBH_USR_Manufacturer_String)
    i.USBH_USR_OverCurrentDetected           0x080026be   Section        0  usbh_usr.o(i.USBH_USR_OverCurrentDetected)
    i.USBH_USR_Product_String                0x080026c0   Section        0  usbh_usr.o(i.USBH_USR_Product_String)
    i.USBH_USR_ResetDevice                   0x080026c2   Section        0  usbh_usr.o(i.USBH_USR_ResetDevice)
    i.USBH_USR_SerialNum_String              0x080026c4   Section        0  usbh_usr.o(i.USBH_USR_SerialNum_String)
    i.USBH_USR_UnrecoveredError              0x080026c6   Section        0  usbh_usr.o(i.USBH_USR_UnrecoveredError)
    i.USBH_USR_UserInput                     0x080026c8   Section        0  usbh_usr.o(i.USBH_USR_UserInput)
    i.USB_OTG_BSP_ConfigVBUS                 0x080026cc   Section        0  usb_bsp.o(i.USB_OTG_BSP_ConfigVBUS)
    i.USB_OTG_BSP_DriveVBUS                  0x08002714   Section        0  usb_bsp.o(i.USB_OTG_BSP_DriveVBUS)
    i.USB_OTG_BSP_EnableInterrupt            0x08002738   Section        0  usb_bsp.o(i.USB_OTG_BSP_EnableInterrupt)
    i.USB_OTG_BSP_Init                       0x08002764   Section        0  usb_bsp.o(i.USB_OTG_BSP_Init)
    i.USB_OTG_BSP_TimeInit                   0x080027c4   Section        0  usb_bsp.o(i.USB_OTG_BSP_TimeInit)
    USB_OTG_BSP_TimeInit                     0x080027c5   Thumb Code    56  usb_bsp.o(i.USB_OTG_BSP_TimeInit)
    i.USB_OTG_BSP_TimerIRQ                   0x080027fc   Section        0  usb_bsp.o(i.USB_OTG_BSP_TimerIRQ)
    i.USB_OTG_BSP_mDelay                     0x08002834   Section        0  usb_bsp.o(i.USB_OTG_BSP_mDelay)
    i.USB_OTG_BSP_uDelay                     0x08002842   Section        0  usb_bsp.o(i.USB_OTG_BSP_uDelay)
    i.USB_OTG_CoreInit                       0x08002850   Section        0  usb_core.o(i.USB_OTG_CoreInit)
    i.USB_OTG_CoreInitHost                   0x08002976   Section        0  usb_core.o(i.USB_OTG_CoreInitHost)
    i.USB_OTG_CoreReset                      0x08002a4c   Section        0  usb_core.o(i.USB_OTG_CoreReset)
    USB_OTG_CoreReset                        0x08002a4d   Thumb Code   108  usb_core.o(i.USB_OTG_CoreReset)
    i.USB_OTG_DisableGlobalInt               0x08002abc   Section        0  usb_core.o(i.USB_OTG_DisableGlobalInt)
    i.USB_OTG_DriveVbus                      0x08002ade   Section        0  usb_core.o(i.USB_OTG_DriveVbus)
    i.USB_OTG_EnableCommonInt                0x08002b3a   Section        0  usb_core.o(i.USB_OTG_EnableCommonInt)
    USB_OTG_EnableCommonInt                  0x08002b3b   Thumb Code    52  usb_core.o(i.USB_OTG_EnableCommonInt)
    i.USB_OTG_EnableGlobalInt                0x08002b6e   Section        0  usb_core.o(i.USB_OTG_EnableGlobalInt)
    i.USB_OTG_EnableHostInt                  0x08002b90   Section        0  usb_core.o(i.USB_OTG_EnableHostInt)
    i.USB_OTG_FlushRxFifo                    0x08002c04   Section        0  usb_core.o(i.USB_OTG_FlushRxFifo)
    i.USB_OTG_FlushTxFifo                    0x08002c50   Section        0  usb_core.o(i.USB_OTG_FlushTxFifo)
    i.USB_OTG_GetMode                        0x08002ca4   Section        0  usb_core.o(i.USB_OTG_GetMode)
    i.USB_OTG_HC_DoPing                      0x08002cb0   Section        0  usb_core.o(i.USB_OTG_HC_DoPing)
    i.USB_OTG_HC_Halt                        0x08002d0a   Section        0  usb_core.o(i.USB_OTG_HC_Halt)
    i.USB_OTG_HC_Init                        0x08002d8c   Section        0  usb_core.o(i.USB_OTG_HC_Init)
    i.USB_OTG_HC_StartXfer                   0x08002fc4   Section        0  usb_core.o(i.USB_OTG_HC_StartXfer)
    i.USB_OTG_InitFSLSPClkSel                0x080031ba   Section        0  usb_core.o(i.USB_OTG_InitFSLSPClkSel)
    i.USB_OTG_IsEvenFrame                    0x080031d2   Section        0  usb_core.o(i.USB_OTG_IsEvenFrame)
    i.USB_OTG_IsHostMode                     0x080031e2   Section        0  usb_core.o(i.USB_OTG_IsHostMode)
    i.USB_OTG_ReadCoreItr                    0x080031f6   Section        0  usb_core.o(i.USB_OTG_ReadCoreItr)
    i.USB_OTG_ReadHPRT0                      0x08003206   Section        0  usb_core.o(i.USB_OTG_ReadHPRT0)
    i.USB_OTG_ReadHostAllChannels_intr       0x08003236   Section        0  usb_core.o(i.USB_OTG_ReadHostAllChannels_intr)
    i.USB_OTG_ReadPacket                     0x0800323e   Section        0  usb_core.o(i.USB_OTG_ReadPacket)
    i.USB_OTG_ResetPort                      0x08003266   Section        0  usb_core.o(i.USB_OTG_ResetPort)
    i.USB_OTG_SelectCore                     0x080032a8   Section        0  usb_core.o(i.USB_OTG_SelectCore)
    i.USB_OTG_SetCurrentMode                 0x08003378   Section        0  usb_core.o(i.USB_OTG_SetCurrentMode)
    i.USB_OTG_USBH_handle_Disconnect_ISR     0x080033c8   Section        0  usb_hcd_int.o(i.USB_OTG_USBH_handle_Disconnect_ISR)
    USB_OTG_USBH_handle_Disconnect_ISR       0x080033c9   Thumb Code    40  usb_hcd_int.o(i.USB_OTG_USBH_handle_Disconnect_ISR)
    i.USB_OTG_USBH_handle_IncompletePeriodicXfer_ISR 0x080033f4   Section        0  usb_hcd_int.o(i.USB_OTG_USBH_handle_IncompletePeriodicXfer_ISR)
    USB_OTG_USBH_handle_IncompletePeriodicXfer_ISR 0x080033f5   Thumb Code    70  usb_hcd_int.o(i.USB_OTG_USBH_handle_IncompletePeriodicXfer_ISR)
    i.USB_OTG_USBH_handle_hc_ISR             0x0800343a   Section        0  usb_hcd_int.o(i.USB_OTG_USBH_handle_hc_ISR)
    USB_OTG_USBH_handle_hc_ISR               0x0800343b   Thumb Code    86  usb_hcd_int.o(i.USB_OTG_USBH_handle_hc_ISR)
    i.USB_OTG_USBH_handle_hc_n_In_ISR        0x08003490   Section        0  usb_hcd_int.o(i.USB_OTG_USBH_handle_hc_n_In_ISR)
    USB_OTG_USBH_handle_hc_n_In_ISR          0x08003491   Thumb Code  1066  usb_hcd_int.o(i.USB_OTG_USBH_handle_hc_n_In_ISR)
    i.USB_OTG_USBH_handle_hc_n_Out_ISR       0x080038ba   Section        0  usb_hcd_int.o(i.USB_OTG_USBH_handle_hc_n_Out_ISR)
    USB_OTG_USBH_handle_hc_n_Out_ISR         0x080038bb   Thumb Code   976  usb_hcd_int.o(i.USB_OTG_USBH_handle_hc_n_Out_ISR)
    i.USB_OTG_USBH_handle_nptxfempty_ISR     0x08003c8a   Section        0  usb_hcd_int.o(i.USB_OTG_USBH_handle_nptxfempty_ISR)
    USB_OTG_USBH_handle_nptxfempty_ISR       0x08003c8b   Thumb Code   302  usb_hcd_int.o(i.USB_OTG_USBH_handle_nptxfempty_ISR)
    i.USB_OTG_USBH_handle_port_ISR           0x08003db8   Section        0  usb_hcd_int.o(i.USB_OTG_USBH_handle_port_ISR)
    USB_OTG_USBH_handle_port_ISR             0x08003db9   Thumb Code   282  usb_hcd_int.o(i.USB_OTG_USBH_handle_port_ISR)
    i.USB_OTG_USBH_handle_ptxfempty_ISR      0x08003ed8   Section        0  usb_hcd_int.o(i.USB_OTG_USBH_handle_ptxfempty_ISR)
    USB_OTG_USBH_handle_ptxfempty_ISR        0x08003ed9   Thumb Code   302  usb_hcd_int.o(i.USB_OTG_USBH_handle_ptxfempty_ISR)
    i.USB_OTG_USBH_handle_rx_qlvl_ISR        0x08004006   Section        0  usb_hcd_int.o(i.USB_OTG_USBH_handle_rx_qlvl_ISR)
    USB_OTG_USBH_handle_rx_qlvl_ISR          0x08004007   Thumb Code   356  usb_hcd_int.o(i.USB_OTG_USBH_handle_rx_qlvl_ISR)
    i.USB_OTG_USBH_handle_sof_ISR            0x0800416c   Section        0  usb_hcd_int.o(i.USB_OTG_USBH_handle_sof_ISR)
    USB_OTG_USBH_handle_sof_ISR              0x0800416d   Thumb Code    38  usb_hcd_int.o(i.USB_OTG_USBH_handle_sof_ISR)
    i.USB_OTG_WritePacket                    0x08004198   Section        0  usb_core.o(i.USB_OTG_WritePacket)
    i.UsageFault_Handler                     0x080041d8   Section        0  stm32f4xx_it.o(i.UsageFault_Handler)
    i.WaitLineIdle                           0x080041dc   Section        0  i2clib.o(i.WaitLineIdle)
    WaitLineIdle                             0x080041dd   Thumb Code    32  i2clib.o(i.WaitLineIdle)
    i.WaitSR1FlagsSet                        0x08004204   Section        0  i2clib.o(i.WaitSR1FlagsSet)
    WaitSR1FlagsSet                          0x08004205   Thumb Code    32  i2clib.o(i.WaitSR1FlagsSet)
    i.Write_24Cxx                            0x0800422c   Section        0  i2clib.o(i.Write_24Cxx)
    i.__scatterload_copy                     0x080042b8   Section       14  handlers.o(i.__scatterload_copy)
    i.__scatterload_null                     0x080042c6   Section        2  handlers.o(i.__scatterload_null)
    i.__scatterload_zeroinit                 0x080042c8   Section       14  handlers.o(i.__scatterload_zeroinit)
    i.chargercontrol_pins                    0x080042d8   Section        0  main.o(i.chargercontrol_pins)
    i.ledshow                                0x08004390   Section        0  main.o(i.ledshow)
    i.main                                   0x080043d8   Section        0  main.o(i.main)
    i.poweroff                               0x080045d8   Section        0  main.o(i.poweroff)
    i.poweron_adkinit                        0x08004634   Section        0  main.o(i.poweron_adkinit)
    i.readbatvoltage                         0x08004708   Section        0  main.o(i.readbatvoltage)
    i.reinit_ADK                             0x08004ae8   Section        0  usbh_core.o(i.reinit_ADK)
    .constdata                               0x08004bc8   Section       37  stm32f4_discovery.o(.constdata)
    .data                                    0x20000000   Section      468  main.o(.data)
    .data                                    0x200001d4   Section        4  stm32f4xx_it.o(.data)
    .data                                    0x200001d8   Section        8  usb_bsp.o(.data)
    .data                                    0x200001e0   Section       73  usbh_usr.o(.data)
    startup                                  0x20000228   Data           1  usbh_usr.o(.data)
    .data                                    0x2000022c   Section       24  usbh_adk_core.o(.data)
    .data                                    0x20000244   Section       24  stm32f4_discovery.o(.data)
    .data                                    0x2000025c   Section       16  stm32f4xx_rcc.o(.data)
    APBAHBPrescTable                         0x2000025c   Data          16  stm32f4xx_rcc.o(.data)
    .data                                    0x2000026c   Section       22  usbh_core.o(.data)
    timeout                                  0x20000280   Data           2  usbh_core.o(.data)
    .data                                    0x20000282   Section        3  usbh_stdreq.o(.data)
    prev_ep_size                             0x20000282   Data           2  usbh_stdreq.o(.data)
    prev_itf                                 0x20000284   Data           1  usbh_stdreq.o(.data)
    .bss                                     0x20000288   Section     1584  main.o(.bss)
    .bss                                     0x200008b8   Section      530  usbh_adk_core.o(.bss)
    .bss                                     0x20000aca   Section      128  usbh_core.o(.bss)
    .bss                                     0x20000b4a   Section      512  usbh_stdreq.o(.bss)
    STACK                                    0x20000d50   Section     1024  startup_stm32f4xx.o(STACK)

    Global Symbols

    Symbol Name                              Value     Ov Type        Size  Object(Section)

    BuildAttributes$$THM_ISAv4$E$P$D$K$B$S$7EM$VFPi3$EXTD16$VFPS$VFMA$PE$A:L22UL41UL21$X:L11$S22US41US21$IEEE1$IW$USESV6$~STKCKD$USESV7$~SHL$OTIME$ROPI$EBA8$MICROLIB$REQ8$PRES8$EABIv2 0x00000000   Number         0  anon$$obj.o ABSOLUTE
    __ARM_use_no_argv                        0x00000000   Number         0  main.o ABSOLUTE
    __cpp_initialize__aeabi_                  - Undefined Weak Reference
    __cxa_finalize                            - Undefined Weak Reference
    _clock_init                               - Undefined Weak Reference
    _microlib_exit                            - Undefined Weak Reference
    __Vectors_Size                           0x00000188   Number         0  startup_stm32f4xx.o ABSOLUTE
    __Vectors                                0x08000000   Data           4  startup_stm32f4xx.o(RESET)
    __Vectors_End                            0x08000188   Data           0  startup_stm32f4xx.o(RESET)
    __main                                   0x08000189   Thumb Code     0  entry.o(.ARM.Collect$$$$00000000)
    _main_stk                                0x08000189   Thumb Code     0  entry2.o(.ARM.Collect$$$$00000001)
    _main_scatterload                        0x0800018d   Thumb Code     0  entry5.o(.ARM.Collect$$$$00000004)
    __main_after_scatterload                 0x08000191   Thumb Code     0  entry5.o(.ARM.Collect$$$$00000004)
    _main_clock                              0x08000191   Thumb Code     0  entry7b.o(.ARM.Collect$$$$00000008)
    _main_cpp_init                           0x08000191   Thumb Code     0  entry8b.o(.ARM.Collect$$$$0000000A)
    _main_init                               0x08000191   Thumb Code     0  entry9a.o(.ARM.Collect$$$$0000000B)
    __rt_final_cpp                           0x08000199   Thumb Code     0  entry10a.o(.ARM.Collect$$$$0000000D)
    __rt_final_exit                          0x08000199   Thumb Code     0  entry11a.o(.ARM.Collect$$$$0000000F)
    Reset_Handler                            0x0800019d   Thumb Code     8  startup_stm32f4xx.o(.text)
    ADC_IRQHandler                           0x080001b7   Thumb Code     0  startup_stm32f4xx.o(.text)
    CAN1_RX0_IRQHandler                      0x080001b7   Thumb Code     0  startup_stm32f4xx.o(.text)
    CAN1_RX1_IRQHandler                      0x080001b7   Thumb Code     0  startup_stm32f4xx.o(.text)
    CAN1_SCE_IRQHandler                      0x080001b7   Thumb Code     0  startup_stm32f4xx.o(.text)
    CAN1_TX_IRQHandler                       0x080001b7   Thumb Code     0  startup_stm32f4xx.o(.text)
    CAN2_RX0_IRQHandler                      0x080001b7   Thumb Code     0  startup_stm32f4xx.o(.text)
    CAN2_RX1_IRQHandler                      0x080001b7   Thumb Code     0  startup_stm32f4xx.o(.text)
    CAN2_SCE_IRQHandler                      0x080001b7   Thumb Code     0  startup_stm32f4xx.o(.text)
    CAN2_TX_IRQHandler                       0x080001b7   Thumb Code     0  startup_stm32f4xx.o(.text)
    CRYP_IRQHandler                          0x080001b7   Thumb Code     0  startup_stm32f4xx.o(.text)
    DCMI_IRQHandler                          0x080001b7   Thumb Code     0  startup_stm32f4xx.o(.text)
    DMA1_Stream0_IRQHandler                  0x080001b7   Thumb Code     0  startup_stm32f4xx.o(.text)
    DMA1_Stream1_IRQHandler                  0x080001b7   Thumb Code     0  startup_stm32f4xx.o(.text)
    DMA1_Stream2_IRQHandler                  0x080001b7   Thumb Code     0  startup_stm32f4xx.o(.text)
    DMA1_Stream3_IRQHandler                  0x080001b7   Thumb Code     0  startup_stm32f4xx.o(.text)
    DMA1_Stream4_IRQHandler                  0x080001b7   Thumb Code     0  startup_stm32f4xx.o(.text)
    DMA1_Stream5_IRQHandler                  0x080001b7   Thumb Code     0  startup_stm32f4xx.o(.text)
    DMA1_Stream6_IRQHandler                  0x080001b7   Thumb Code     0  startup_stm32f4xx.o(.text)
    DMA1_Stream7_IRQHandler                  0x080001b7   Thumb Code     0  startup_stm32f4xx.o(.text)
    DMA2_Stream0_IRQHandler                  0x080001b7   Thumb Code     0  startup_stm32f4xx.o(.text)
    DMA2_Stream1_IRQHandler                  0x080001b7   Thumb Code     0  startup_stm32f4xx.o(.text)
    DMA2_Stream2_IRQHandler                  0x080001b7   Thumb Code     0  startup_stm32f4xx.o(.text)
    DMA2_Stream3_IRQHandler                  0x080001b7   Thumb Code     0  startup_stm32f4xx.o(.text)
    DMA2_Stream4_IRQHandler                  0x080001b7   Thumb Code     0  startup_stm32f4xx.o(.text)
    DMA2_Stream5_IRQHandler                  0x080001b7   Thumb Code     0  startup_stm32f4xx.o(.text)
    DMA2_Stream6_IRQHandler                  0x080001b7   Thumb Code     0  startup_stm32f4xx.o(.text)
    DMA2_Stream7_IRQHandler                  0x080001b7   Thumb Code     0  startup_stm32f4xx.o(.text)
    ETH_IRQHandler                           0x080001b7   Thumb Code     0  startup_stm32f4xx.o(.text)
    ETH_WKUP_IRQHandler                      0x080001b7   Thumb Code     0  startup_stm32f4xx.o(.text)
    EXTI0_IRQHandler                         0x080001b7   Thumb Code     0  startup_stm32f4xx.o(.text)
    EXTI15_10_IRQHandler                     0x080001b7   Thumb Code     0  startup_stm32f4xx.o(.text)
    EXTI1_IRQHandler                         0x080001b7   Thumb Code     0  startup_stm32f4xx.o(.text)
    EXTI2_IRQHandler                         0x080001b7   Thumb Code     0  startup_stm32f4xx.o(.text)
    EXTI3_IRQHandler                         0x080001b7   Thumb Code     0  startup_stm32f4xx.o(.text)
    EXTI4_IRQHandler                         0x080001b7   Thumb Code     0  startup_stm32f4xx.o(.text)
    EXTI9_5_IRQHandler                       0x080001b7   Thumb Code     0  startup_stm32f4xx.o(.text)
    FLASH_IRQHandler                         0x080001b7   Thumb Code     0  startup_stm32f4xx.o(.text)
    FPU_IRQHandler                           0x080001b7   Thumb Code     0  startup_stm32f4xx.o(.text)
    FSMC_IRQHandler                          0x080001b7   Thumb Code     0  startup_stm32f4xx.o(.text)
    HASH_RNG_IRQHandler                      0x080001b7   Thumb Code     0  startup_stm32f4xx.o(.text)
    I2C1_ER_IRQHandler                       0x080001b7   Thumb Code     0  startup_stm32f4xx.o(.text)
    I2C1_EV_IRQHandler                       0x080001b7   Thumb Code     0  startup_stm32f4xx.o(.text)
    I2C2_ER_IRQHandler                       0x080001b7   Thumb Code     0  startup_stm32f4xx.o(.text)
    I2C2_EV_IRQHandler                       0x080001b7   Thumb Code     0  startup_stm32f4xx.o(.text)
    I2C3_ER_IRQHandler                       0x080001b7   Thumb Code     0  startup_stm32f4xx.o(.text)
    I2C3_EV_IRQHandler                       0x080001b7   Thumb Code     0  startup_stm32f4xx.o(.text)
    OTG_FS_WKUP_IRQHandler                   0x080001b7   Thumb Code     0  startup_stm32f4xx.o(.text)
    OTG_HS_EP1_IN_IRQHandler                 0x080001b7   Thumb Code     0  startup_stm32f4xx.o(.text)
    OTG_HS_EP1_OUT_IRQHandler                0x080001b7   Thumb Code     0  startup_stm32f4xx.o(.text)
    OTG_HS_IRQHandler                        0x080001b7   Thumb Code     0  startup_stm32f4xx.o(.text)
    OTG_HS_WKUP_IRQHandler                   0x080001b7   Thumb Code     0  startup_stm32f4xx.o(.text)
    PVD_IRQHandler                           0x080001b7   Thumb Code     0  startup_stm32f4xx.o(.text)
    RCC_IRQHandler                           0x080001b7   Thumb Code     0  startup_stm32f4xx.o(.text)
    RTC_Alarm_IRQHandler                     0x080001b7   Thumb Code     0  startup_stm32f4xx.o(.text)
    RTC_WKUP_IRQHandler                      0x080001b7   Thumb Code     0  startup_stm32f4xx.o(.text)
    SDIO_IRQHandler                          0x080001b7   Thumb Code     0  startup_stm32f4xx.o(.text)
    SPI1_IRQHandler                          0x080001b7   Thumb Code     0  startup_stm32f4xx.o(.text)
    SPI2_IRQHandler                          0x080001b7   Thumb Code     0  startup_stm32f4xx.o(.text)
    SPI3_IRQHandler                          0x080001b7   Thumb Code     0  startup_stm32f4xx.o(.text)
    TAMP_STAMP_IRQHandler                    0x080001b7   Thumb Code     0  startup_stm32f4xx.o(.text)
    TIM1_BRK_TIM9_IRQHandler                 0x080001b7   Thumb Code     0  startup_stm32f4xx.o(.text)
    TIM1_CC_IRQHandler                       0x080001b7   Thumb Code     0  startup_stm32f4xx.o(.text)
    TIM1_TRG_COM_TIM11_IRQHandler            0x080001b7   Thumb Code     0  startup_stm32f4xx.o(.text)
    TIM1_UP_TIM10_IRQHandler                 0x080001b7   Thumb Code     0  startup_stm32f4xx.o(.text)
    TIM4_IRQHandler                          0x080001b7   Thumb Code     0  startup_stm32f4xx.o(.text)
    TIM5_IRQHandler                          0x080001b7   Thumb Code     0  startup_stm32f4xx.o(.text)
    TIM6_DAC_IRQHandler                      0x080001b7   Thumb Code     0  startup_stm32f4xx.o(.text)
    TIM7_IRQHandler                          0x080001b7   Thumb Code     0  startup_stm32f4xx.o(.text)
    TIM8_BRK_TIM12_IRQHandler                0x080001b7   Thumb Code     0  startup_stm32f4xx.o(.text)
    TIM8_CC_IRQHandler                       0x080001b7   Thumb Code     0  startup_stm32f4xx.o(.text)
    TIM8_TRG_COM_TIM14_IRQHandler            0x080001b7   Thumb Code     0  startup_stm32f4xx.o(.text)
    TIM8_UP_TIM13_IRQHandler                 0x080001b7   Thumb Code     0  startup_stm32f4xx.o(.text)
    UART4_IRQHandler                         0x080001b7   Thumb Code     0  startup_stm32f4xx.o(.text)
    UART5_IRQHandler                         0x080001b7   Thumb Code     0  startup_stm32f4xx.o(.text)
    USART1_IRQHandler                        0x080001b7   Thumb Code     0  startup_stm32f4xx.o(.text)
    USART2_IRQHandler                        0x080001b7   Thumb Code     0  startup_stm32f4xx.o(.text)
    USART3_IRQHandler                        0x080001b7   Thumb Code     0  startup_stm32f4xx.o(.text)
    USART6_IRQHandler                        0x080001b7   Thumb Code     0  startup_stm32f4xx.o(.text)
    WWDG_IRQHandler                          0x080001b7   Thumb Code     0  startup_stm32f4xx.o(.text)
    __aeabi_memcpy                           0x080001c1   Thumb Code    36  memcpya.o(.text)
    __aeabi_memcpy4                          0x080001c1   Thumb Code     0  memcpya.o(.text)
    __aeabi_memcpy8                          0x080001c1   Thumb Code     0  memcpya.o(.text)
    __aeabi_memset                           0x080001e5   Thumb Code    14  memseta.o(.text)
    __aeabi_memset4                          0x080001e5   Thumb Code     0  memseta.o(.text)
    __aeabi_memset8                          0x080001e5   Thumb Code     0  memseta.o(.text)
    __aeabi_memclr                           0x080001f3   Thumb Code     4  memseta.o(.text)
    __aeabi_memclr4                          0x080001f3   Thumb Code     0  memseta.o(.text)
    __aeabi_memclr8                          0x080001f3   Thumb Code     0  memseta.o(.text)
    _memset$wrapper                          0x080001f7   Thumb Code    18  memseta.o(.text)
    strstr                                   0x08000209   Thumb Code    36  strstr.o(.text)
    strncpy                                  0x0800022d   Thumb Code    24  strncpy.o(.text)
    strlen                                   0x08000245   Thumb Code    14  strlen.o(.text)
    __aeabi_dadd                             0x08000253   Thumb Code   322  dadd.o(.text)
    __aeabi_dsub                             0x08000395   Thumb Code     6  dadd.o(.text)
    __aeabi_drsub                            0x0800039b   Thumb Code     6  dadd.o(.text)
    __aeabi_f2d                              0x080003a1   Thumb Code    38  f2d.o(.text)
    __aeabi_cdcmpeq                          0x080003c9   Thumb Code     0  cdcmple.o(.text)
    __aeabi_cdcmple                          0x080003c9   Thumb Code    48  cdcmple.o(.text)
    __aeabi_cdrcmple                         0x080003f9   Thumb Code    48  cdrcmple.o(.text)
    __aeabi_d2f                              0x08000429   Thumb Code    56  d2f.o(.text)
    __aeabi_llsl                             0x08000461   Thumb Code    30  llshl.o(.text)
    _ll_shift_l                              0x08000461   Thumb Code     0  llshl.o(.text)
    __aeabi_lasr                             0x0800047f   Thumb Code    36  llsshr.o(.text)
    _ll_sshift_r                             0x0800047f   Thumb Code     0  llsshr.o(.text)
    __I$use$fp                               0x080004a3   Thumb Code     0  iusefp.o(.text)
    _float_round                             0x080004a3   Thumb Code    18  fepilogue.o(.text)
    _float_epilogue                          0x080004b5   Thumb Code    92  fepilogue.o(.text)
    _double_round                            0x08000511   Thumb Code    30  depilogue.o(.text)
    _double_epilogue                         0x0800052f   Thumb Code   156  depilogue.o(.text)
    __scatterload                            0x080005cd   Thumb Code    28  init.o(.text)
    __scatterload_rt2                        0x080005cd   Thumb Code     0  init.o(.text)
    __aeabi_llsr                             0x080005f1   Thumb Code    32  llushr.o(.text)
    _ll_ushift_r                             0x080005f1   Thumb Code     0  llushr.o(.text)
    __decompress                             0x08000611   Thumb Code     0  __dczerorl2.o(.text)
    __decompress1                            0x08000611   Thumb Code    86  __dczerorl2.o(.text)
    BusFault_Handler                         0x080006ff   Thumb Code     4  stm32f4xx_it.o(i.BusFault_Handler)
    DebugMon_Handler                         0x08000703   Thumb Code     2  stm32f4xx_it.o(i.DebugMon_Handler)
    Delay                                    0x08000705   Thumb Code    20  main.o(i.Delay)
    EnableTimerInterrupt                     0x0800071d   Thumb Code    32  main.o(i.EnableTimerInterrupt)
    GPIO_Init                                0x0800073d   Thumb Code   144  stm32f4xx_gpio.o(i.GPIO_Init)
    GPIO_PinAFConfig                         0x080007cd   Thumb Code    70  stm32f4xx_gpio.o(i.GPIO_PinAFConfig)
    GPIO_ReadInputDataBit                    0x08000813   Thumb Code    18  stm32f4xx_gpio.o(i.GPIO_ReadInputDataBit)
    GPIO_ResetBits                           0x08000825   Thumb Code     4  stm32f4xx_gpio.o(i.GPIO_ResetBits)
    GPIO_SetBits                             0x08000829   Thumb Code     4  stm32f4xx_gpio.o(i.GPIO_SetBits)
    GPIO_ToggleBits                          0x0800082d   Thumb Code     8  stm32f4xx_gpio.o(i.GPIO_ToggleBits)
    GPIO_WriteBit                            0x08000835   Thumb Code    10  stm32f4xx_gpio.o(i.GPIO_WriteBit)
    HCD_GetCurrentFrame                      0x0800083f   Thumb Code    10  usb_hcd.o(i.HCD_GetCurrentFrame)
    HCD_GetCurrentSpeed                      0x08000849   Thumb Code    20  usb_hcd.o(i.HCD_GetCurrentSpeed)
    HCD_GetHCState                           0x0800085d   Thumb Code    10  usb_hcd.o(i.HCD_GetHCState)
    HCD_GetURB_State                         0x08000867   Thumb Code    10  usb_hcd.o(i.HCD_GetURB_State)
    HCD_GetXferCnt                           0x08000871   Thumb Code    12  usb_hcd.o(i.HCD_GetXferCnt)
    HCD_Init                                 0x0800087d   Thumb Code    96  usb_hcd.o(i.HCD_Init)
    HCD_IsDeviceConnected                    0x080008dd   Thumb Code     8  usb_hcd.o(i.HCD_IsDeviceConnected)
    HCD_ResetPort                            0x080008e5   Thumb Code    14  usb_hcd.o(i.HCD_ResetPort)
    HCD_SubmitRequest                        0x080008f3   Thumb Code    32  usb_hcd.o(i.HCD_SubmitRequest)
    HardFault_Handler                        0x08000913   Thumb Code     4  stm32f4xx_it.o(i.HardFault_Handler)
    I2C_CheckEvent                           0x08000935   Thumb Code    42  stm32f4xx_i2c.o(i.I2C_CheckEvent)
    I2C_Cmd                                  0x0800095f   Thumb Code    24  stm32f4xx_i2c.o(i.I2C_Cmd)
    I2C_GenerateSTART                        0x08000977   Thumb Code    24  stm32f4xx_i2c.o(i.I2C_GenerateSTART)
    I2C_GenerateSTOP                         0x0800098f   Thumb Code    24  stm32f4xx_i2c.o(i.I2C_GenerateSTOP)
    I2C_Init                                 0x080009a9   Thumb Code   218  stm32f4xx_i2c.o(i.I2C_Init)
    I2C_LowLevel_Init                        0x08000a91   Thumb Code   164  i2clib.o(i.I2C_LowLevel_Init)
    I2C_RdBuf                                0x08000b3d   Thumb Code   280  i2clib.o(i.I2C_RdBuf)
    I2C_RdData                               0x08000c59   Thumb Code    60  i2clib.o(i.I2C_RdData)
    I2C_Send7bitAddress                      0x08000cb9   Thumb Code    16  stm32f4xx_i2c.o(i.I2C_Send7bitAddress)
    I2C_SendData                             0x08000cc9   Thumb Code     4  stm32f4xx_i2c.o(i.I2C_SendData)
    InitializeTimer                          0x08000ce9   Thumb Code    68  main.o(i.InitializeTimer)
    MemManage_Handler                        0x08000d31   Thumb Code     4  stm32f4xx_it.o(i.MemManage_Handler)
    NMI_Handler                              0x08000d35   Thumb Code     2  stm32f4xx_it.o(i.NMI_Handler)
    NVIC_Init                                0x08000d39   Thumb Code   106  misc.o(i.NVIC_Init)
    NVIC_PriorityGroupConfig                 0x08000db1   Thumb Code    10  misc.o(i.NVIC_PriorityGroupConfig)
    NVIC_SetVectorTable                      0x08000dc5   Thumb Code    12  misc.o(i.NVIC_SetVectorTable)
    OTG_FS_IRQHandler                        0x08000dd9   Thumb Code    10  stm32f4xx_it.o(i.OTG_FS_IRQHandler)
    PendSV_Handler                           0x08000de9   Thumb Code     2  stm32f4xx_it.o(i.PendSV_Handler)
    RCC_AHB1PeriphClockCmd                   0x08000ded   Thumb Code    26  stm32f4xx_rcc.o(i.RCC_AHB1PeriphClockCmd)
    RCC_AHB2PeriphClockCmd                   0x08000e0d   Thumb Code    26  stm32f4xx_rcc.o(i.RCC_AHB2PeriphClockCmd)
    RCC_APB1PeriphClockCmd                   0x08000e2d   Thumb Code    26  stm32f4xx_rcc.o(i.RCC_APB1PeriphClockCmd)
    RCC_APB1PeriphResetCmd                   0x08000e4d   Thumb Code    26  stm32f4xx_rcc.o(i.RCC_APB1PeriphResetCmd)
    RCC_APB2PeriphClockCmd                   0x08000e6d   Thumb Code    26  stm32f4xx_rcc.o(i.RCC_APB2PeriphClockCmd)
    RCC_GetClocksFreq                        0x08000e8d   Thumb Code   214  stm32f4xx_rcc.o(i.RCC_GetClocksFreq)
    STM_EVAL_PBGetState                      0x08000f71   Thumb Code    22  stm32f4_discovery.o(i.STM_EVAL_PBGetState)
    SVC_Handler                              0x08000f91   Thumb Code     2  stm32f4xx_it.o(i.SVC_Handler)
    SysTick_Handler                          0x0800107d   Thumb Code     8  stm32f4xx_it.o(i.SysTick_Handler)
    SystemInit                               0x08001085   Thumb Code    88  system_stm32f4xx.o(i.SystemInit)
    TIM2_IRQHandler                          0x080010ed   Thumb Code    10  stm32f4xx_it.o(i.TIM2_IRQHandler)
    TIM3_IRQHandler                          0x080010fd   Thumb Code   126  stm32f4xx_it.o(i.TIM3_IRQHandler)
    TIM_ARRPreloadConfig                     0x080011a5   Thumb Code    24  stm32f4xx_tim.o(i.TIM_ARRPreloadConfig)
    TIM_ClearITPendingBit                    0x080011bd   Thumb Code     6  stm32f4xx_tim.o(i.TIM_ClearITPendingBit)
    TIM_Cmd                                  0x080011c3   Thumb Code    24  stm32f4xx_tim.o(i.TIM_Cmd)
    TIM_GetITStatus                          0x080011db   Thumb Code    34  stm32f4xx_tim.o(i.TIM_GetITStatus)
    TIM_ITConfig                             0x080011fd   Thumb Code    18  stm32f4xx_tim.o(i.TIM_ITConfig)
    TIM_TimeBaseInit                         0x08001211   Thumb Code   104  stm32f4xx_tim.o(i.TIM_TimeBaseInit)
    TimingDelay_Decrement                    0x08001295   Thumb Code    18  main.o(i.TimingDelay_Decrement)
    USBH_ADK_Init                            0x08001539   Thumb Code   164  usbh_adk_core.o(i.USBH_ADK_Init)
    USBH_ADK_InterfaceDeInit                 0x080015e1   Thumb Code    80  usbh_adk_core.o(i.USBH_ADK_InterfaceDeInit)
    USBH_ADK_getStatus                       0x0800172d   Thumb Code     8  usbh_adk_core.o(i.USBH_ADK_getStatus)
    USBH_ADK_read                            0x08001739   Thumb Code    50  usbh_adk_core.o(i.USBH_ADK_read)
    USBH_ADK_write                           0x080017cd   Thumb Code    30  usbh_adk_core.o(i.USBH_ADK_write)
    USBH_Alloc_Channel                       0x080017f1   Thumb Code    38  usbh_hcs.o(i.USBH_Alloc_Channel)
    USBH_BulkReceiveData                     0x08001817   Thumb Code    96  usbh_ioreq.o(i.USBH_BulkReceiveData)
    USBH_BulkSendData                        0x08001877   Thumb Code    94  usbh_ioreq.o(i.USBH_BulkSendData)
    USBH_Connected                           0x080018d5   Thumb Code    12  usbh_core.o(i.USBH_Connected)
    USBH_CtlReceiveData                      0x080018e1   Thumb Code    70  usbh_ioreq.o(i.USBH_CtlReceiveData)
    USBH_CtlReq                              0x08001927   Thumb Code   100  usbh_ioreq.o(i.USBH_CtlReq)
    USBH_CtlSendData                         0x0800198b   Thumb Code   110  usbh_ioreq.o(i.USBH_CtlSendData)
    USBH_CtlSendSetup                        0x080019f9   Thumb Code    66  usbh_ioreq.o(i.USBH_CtlSendSetup)
    USBH_DeAllocate_AllChannel               0x08001a3b   Thumb Code    28  usbh_hcs.o(i.USBH_DeAllocate_AllChannel)
    USBH_DeInit                              0x08001a57   Thumb Code    58  usbh_core.o(i.USBH_DeInit)
    USBH_Disconnected                        0x08001a91   Thumb Code    12  usbh_core.o(i.USBH_Disconnected)
    USBH_ErrorHandle                         0x08001a9d   Thumb Code    46  usbh_core.o(i.USBH_ErrorHandle)
    USBH_Free_Channel                        0x08001acb   Thumb Code    30  usbh_hcs.o(i.USBH_Free_Channel)
    USBH_GetDescriptor                       0x08001ae9   Thumb Code    68  usbh_stdreq.o(i.USBH_GetDescriptor)
    USBH_GetNextDesc                         0x08001b55   Thumb Code    18  usbh_stdreq.o(i.USBH_GetNextDesc)
    USBH_Get_CfgDesc                         0x08001b69   Thumb Code    88  usbh_stdreq.o(i.USBH_Get_CfgDesc)
    USBH_Get_DevDesc                         0x08001bc5   Thumb Code    56  usbh_stdreq.o(i.USBH_Get_DevDesc)
    USBH_Get_StringDesc                      0x08001bfd   Thumb Code    60  usbh_stdreq.o(i.USBH_Get_StringDesc)
    USBH_HandleControl                       0x08001c39   Thumb Code   544  usbh_core.o(i.USBH_HandleControl)
    USBH_Init                                0x08002085   Thumb Code    68  usbh_core.o(i.USBH_Init)
    USBH_Modify_Channel                      0x080020c9   Thumb Code   100  usbh_hcs.o(i.USBH_Modify_Channel)
    USBH_OTG_ISR_Handler                     0x0800212d   Thumb Code   168  usb_hcd_int.o(i.USBH_OTG_ISR_Handler)
    USBH_Open_Channel                        0x080021d5   Thumb Code   154  usbh_hcs.o(i.USBH_Open_Channel)
    USBH_Process                             0x08002461   Thumb Code   438  usbh_core.o(i.USBH_Process)
    USBH_SOF                                 0x08002621   Thumb Code     6  usbh_core.o(i.USBH_SOF)
    USBH_SetAddress                          0x08002627   Thumb Code    38  usbh_stdreq.o(i.USBH_SetAddress)
    USBH_SetCfg                              0x0800264d   Thumb Code    38  usbh_stdreq.o(i.USBH_SetCfg)
    USBH_USR_ADK_Application                 0x0800268b   Thumb Code     4  usbh_usr.o(i.USBH_USR_ADK_Application)
    USBH_USR_Configuration_DescAvailable     0x0800268f   Thumb Code     2  usbh_usr.o(i.USBH_USR_Configuration_DescAvailable)
    USBH_USR_DeInit                          0x08002691   Thumb Code     2  usbh_usr.o(i.USBH_USR_DeInit)
    USBH_USR_DeviceAddressAssigned           0x08002693   Thumb Code     2  usbh_usr.o(i.USBH_USR_DeviceAddressAssigned)
    USBH_USR_DeviceAttached                  0x08002695   Thumb Code     2  usbh_usr.o(i.USBH_USR_DeviceAttached)
    USBH_USR_DeviceDisconnected              0x08002697   Thumb Code     2  usbh_usr.o(i.USBH_USR_DeviceDisconnected)
    USBH_USR_DeviceNotSupported              0x08002699   Thumb Code     2  usbh_usr.o(i.USBH_USR_DeviceNotSupported)
    USBH_USR_DeviceSpeedDetected             0x0800269b   Thumb Code    10  usbh_usr.o(i.USBH_USR_DeviceSpeedDetected)
    USBH_USR_Device_DescAvailable            0x080026a5   Thumb Code     2  usbh_usr.o(i.USBH_USR_Device_DescAvailable)
    USBH_USR_EnumerationDone                 0x080026a7   Thumb Code     2  usbh_usr.o(i.USBH_USR_EnumerationDone)
    USBH_USR_Init                            0x080026a9   Thumb Code    14  usbh_usr.o(i.USBH_USR_Init)
    USBH_USR_Manufacturer_String             0x080026bd   Thumb Code     2  usbh_usr.o(i.USBH_USR_Manufacturer_String)
    USBH_USR_OverCurrentDetected             0x080026bf   Thumb Code     2  usbh_usr.o(i.USBH_USR_OverCurrentDetected)
    USBH_USR_Product_String                  0x080026c1   Thumb Code     2  usbh_usr.o(i.USBH_USR_Product_String)
    USBH_USR_ResetDevice                     0x080026c3   Thumb Code     2  usbh_usr.o(i.USBH_USR_ResetDevice)
    USBH_USR_SerialNum_String                0x080026c5   Thumb Code     2  usbh_usr.o(i.USBH_USR_SerialNum_String)
    USBH_USR_UnrecoveredError                0x080026c7   Thumb Code     2  usbh_usr.o(i.USBH_USR_UnrecoveredError)
    USBH_USR_UserInput                       0x080026c9   Thumb Code     4  usbh_usr.o(i.USBH_USR_UserInput)
    USB_OTG_BSP_ConfigVBUS                   0x080026cd   Thumb Code    66  usb_bsp.o(i.USB_OTG_BSP_ConfigVBUS)
    USB_OTG_BSP_DriveVBUS                    0x08002715   Thumb Code    32  usb_bsp.o(i.USB_OTG_BSP_DriveVBUS)
    USB_OTG_BSP_EnableInterrupt              0x08002739   Thumb Code    44  usb_bsp.o(i.USB_OTG_BSP_EnableInterrupt)
    USB_OTG_BSP_Init                         0x08002765   Thumb Code    90  usb_bsp.o(i.USB_OTG_BSP_Init)
    USB_OTG_BSP_TimerIRQ                     0x080027fd   Thumb Code    50  usb_bsp.o(i.USB_OTG_BSP_TimerIRQ)
    USB_OTG_BSP_mDelay                       0x08002835   Thumb Code    14  usb_bsp.o(i.USB_OTG_BSP_mDelay)
    USB_OTG_BSP_uDelay                       0x08002843   Thumb Code    14  usb_bsp.o(i.USB_OTG_BSP_uDelay)
    USB_OTG_CoreInit                         0x08002851   Thumb Code   294  usb_core.o(i.USB_OTG_CoreInit)
    USB_OTG_CoreInitHost                     0x08002977   Thumb Code   214  usb_core.o(i.USB_OTG_CoreInitHost)
    USB_OTG_DisableGlobalInt                 0x08002abd   Thumb Code    34  usb_core.o(i.USB_OTG_DisableGlobalInt)
    USB_OTG_DriveVbus                        0x08002adf   Thumb Code    92  usb_core.o(i.USB_OTG_DriveVbus)
    USB_OTG_EnableGlobalInt                  0x08002b6f   Thumb Code    34  usb_core.o(i.USB_OTG_EnableGlobalInt)
    USB_OTG_EnableHostInt                    0x08002b91   Thumb Code   116  usb_core.o(i.USB_OTG_EnableHostInt)
    USB_OTG_FlushRxFifo                      0x08002c05   Thumb Code    70  usb_core.o(i.USB_OTG_FlushRxFifo)
    USB_OTG_FlushTxFifo                      0x08002c51   Thumb Code    80  usb_core.o(i.USB_OTG_FlushTxFifo)
    USB_OTG_GetMode                          0x08002ca5   Thumb Code    12  usb_core.o(i.USB_OTG_GetMode)
    USB_OTG_HC_DoPing                        0x08002cb1   Thumb Code    90  usb_core.o(i.USB_OTG_HC_DoPing)
    USB_OTG_HC_Halt                          0x08002d0b   Thumb Code   130  usb_core.o(i.USB_OTG_HC_Halt)
    USB_OTG_HC_Init                          0x08002d8d   Thumb Code   568  usb_core.o(i.USB_OTG_HC_Init)
    USB_OTG_HC_StartXfer                     0x08002fc5   Thumb Code   502  usb_core.o(i.USB_OTG_HC_StartXfer)
    USB_OTG_InitFSLSPClkSel                  0x080031bb   Thumb Code    24  usb_core.o(i.USB_OTG_InitFSLSPClkSel)
    USB_OTG_IsEvenFrame                      0x080031d3   Thumb Code    16  usb_core.o(i.USB_OTG_IsEvenFrame)
    USB_OTG_IsHostMode                       0x080031e3   Thumb Code    20  usb_core.o(i.USB_OTG_IsHostMode)
    USB_OTG_ReadCoreItr                      0x080031f7   Thumb Code    16  usb_core.o(i.USB_OTG_ReadCoreItr)
    USB_OTG_ReadHPRT0                        0x08003207   Thumb Code    48  usb_core.o(i.USB_OTG_ReadHPRT0)
    USB_OTG_ReadHostAllChannels_intr         0x08003237   Thumb Code     8  usb_core.o(i.USB_OTG_ReadHostAllChannels_intr)
    USB_OTG_ReadPacket                       0x0800323f   Thumb Code    40  usb_core.o(i.USB_OTG_ReadPacket)
    USB_OTG_ResetPort                        0x08003267   Thumb Code    64  usb_core.o(i.USB_OTG_ResetPort)
    USB_OTG_SelectCore                       0x080032a9   Thumb Code   204  usb_core.o(i.USB_OTG_SelectCore)
    USB_OTG_SetCurrentMode                   0x08003379   Thumb Code    78  usb_core.o(i.USB_OTG_SetCurrentMode)
    USB_OTG_WritePacket                      0x08004199   Thumb Code    64  usb_core.o(i.USB_OTG_WritePacket)
    UsageFault_Handler                       0x080041d9   Thumb Code     4  stm32f4xx_it.o(i.UsageFault_Handler)
    Write_24Cxx                              0x0800422d   Thumb Code   122  i2clib.o(i.Write_24Cxx)
    __scatterload_copy                       0x080042b9   Thumb Code    14  handlers.o(i.__scatterload_copy)
    __scatterload_null                       0x080042c7   Thumb Code     2  handlers.o(i.__scatterload_null)
    __scatterload_zeroinit                   0x080042c9   Thumb Code    14  handlers.o(i.__scatterload_zeroinit)
    chargercontrol_pins                      0x080042d9   Thumb Code   172  main.o(i.chargercontrol_pins)
    ledshow                                  0x08004391   Thumb Code    62  main.o(i.ledshow)
    main                                     0x080043d9   Thumb Code   442  main.o(i.main)
    poweroff                                 0x080045d9   Thumb Code    72  main.o(i.poweroff)
    poweron_adkinit                          0x08004635   Thumb Code   144  main.o(i.poweron_adkinit)
    readbatvoltage                           0x08004709   Thumb Code   868  main.o(i.readbatvoltage)
    reinit_ADK                               0x08004ae9   Thumb Code   174  usbh_core.o(i.reinit_ADK)
    GPIO_PIN                                 0x08004bc8   Data           8  stm32f4_discovery.o(.constdata)
    GPIO_CLK                                 0x08004bd0   Data          16  stm32f4_discovery.o(.constdata)
    BUTTON_PIN                               0x08004be0   Data           2  stm32f4_discovery.o(.constdata)
    BUTTON_CLK                               0x08004be4   Data           4  stm32f4_discovery.o(.constdata)
    BUTTON_EXTI_LINE                         0x08004be8   Data           2  stm32f4_discovery.o(.constdata)
    BUTTON_PORT_SOURCE                       0x08004bea   Data           1  stm32f4_discovery.o(.constdata)
    BUTTON_PIN_SOURCE                        0x08004beb   Data           1  stm32f4_discovery.o(.constdata)
    BUTTON_IRQn                              0x08004bec   Data           1  stm32f4_discovery.o(.constdata)
    Region$$Table$$Base                      0x08004bf0   Number         0  anon$$obj.o(Region$$Table)
    Region$$Table$$Limit                     0x08004c10   Number         0  anon$$obj.o(Region$$Table)
    mftr                                     0x20000000   Data          64  main.o(.data)
    mdl                                      0x20000040   Data          64  main.o(.data)
    desc                                     0x20000080   Data          64  main.o(.data)
    ver                                      0x200000c0   Data          64  main.o(.data)
    uri                                      0x20000100   Data          67  main.o(.data)
    sr                                       0x20000143   Data          64  main.o(.data)
    TimingDelay                              0x20000184   Data           4  main.o(.data)
    firsttime                                0x20000188   Data           4  main.o(.data)
    i                                        0x2000018c   Data           4  main.o(.data)
    chargershut                              0x20000190   Data           4  main.o(.data)
    i2creaddata                              0x20000194   Data           4  main.o(.data)
    readdata                                 0x20000198   Data           4  main.o(.data)
    binaryreaddata                           0x2000019c   Data           9  main.o(.data)
    hextostring                              0x200001a8   Data           4  main.o(.data)
    voltage                                  0x200001ac   Data           4  main.o(.data)
    charging                                 0x200001b0   Data           4  main.o(.data)
    idle_mincount                            0x200001b4   Data           4  main.o(.data)
    idle_seccount                            0x200001b8   Data           4  main.o(.data)
    push_button_tmr                          0x200001bc   Data           4  main.o(.data)
    powerstate                               0x200001c0   Data           4  main.o(.data)
    charge                                   0x200001c4   Data           4  main.o(.data)
    statemachine                             0x200001c8   Data           4  main.o(.data)
    len                                      0x200001cc   Data           2  main.o(.data)
    I2C1_InitStruct                          0x200001d0   Data           4  main.o(.data)
    timercount                               0x200001d4   Data           4  stm32f4xx_it.o(.data)
    HSEStartUpStatus                         0x200001d8   Data           1  usb_bsp.o(.data)
    BSP_delay                                0x200001dc   Data           4  usb_bsp.o(.data)
    USR_Callbacks                            0x200001e0   Data          72  usbh_usr.o(.data)
    ADK_Setup                                0x2000022c   Data           8  usbh_adk_core.o(.data)
    USBH_ADK_cb                              0x20000234   Data          16  usbh_adk_core.o(.data)
    GPIO_PORT                                0x20000244   Data          16  stm32f4_discovery.o(.data)
    BUTTON_PORT                              0x20000254   Data           4  stm32f4_discovery.o(.data)
    NVIC_InitStructure                       0x20000258   Data           4  stm32f4_discovery.o(.data)
    sno_matched                              0x2000026c   Data           1  usbh_core.o(.data)
    USBH_HCD_INT_cb                          0x20000270   Data          12  usbh_core.o(.data)
    USBH_HCD_INT_fops                        0x2000027c   Data           4  usbh_core.o(.data)
    USB_OTG_Core_dev                         0x20000288   Data        1452  main.o(.bss)
    USB_Host                                 0x20000834   Data         132  main.o(.bss)
    ADK_Machine                              0x200008b8   Data         530  usbh_adk_core.o(.bss)
    next_sno                                 0x20000aca   Data          64  usbh_core.o(.bss)
    prev_sno                                 0x20000b0a   Data          64  usbh_core.o(.bss)
    USBH_CfgDesc                             0x20000b4a   Data         512  usbh_stdreq.o(.bss)
    __initial_sp                             0x20001150   Data           0  startup_stm32f4xx.o(STACK)



==============================================================================

Memory Map of the image

  Image Entry point : 0x08000189

  Load Region LR_IROM1 (Base: 0x08000000, Size: 0x00004e98, Max: 0x00100000, ABSOLUTE, COMPRESSED[0x00004d0c])

    Execution Region ER_IROM1 (Exec base: 0x08000000, Load base: 0x08000000, Size: 0x00004c10, Max: 0x00100000, ABSOLUTE)

    Exec Addr    Load Addr    Size         Type   Attr      Idx    E Section Name        Object

    0x08000000   0x08000000   0x00000188   Data   RO         3189    RESET               startup_stm32f4xx.o
    0x08000188   0x08000188   0x00000000   Code   RO         3819  * .ARM.Collect$$$$00000000  mc_w.l(entry.o)
    0x08000188   0x08000188   0x00000004   Code   RO         3846    .ARM.Collect$$$$00000001  mc_w.l(entry2.o)
    0x0800018c   0x0800018c   0x00000004   Code   RO         3849    .ARM.Collect$$$$00000004  mc_w.l(entry5.o)
    0x08000190   0x08000190   0x00000000   Code   RO         3851    .ARM.Collect$$$$00000008  mc_w.l(entry7b.o)
    0x08000190   0x08000190   0x00000000   Code   RO         3853    .ARM.Collect$$$$0000000A  mc_w.l(entry8b.o)
    0x08000190   0x08000190   0x00000008   Code   RO         3854    .ARM.Collect$$$$0000000B  mc_w.l(entry9a.o)
    0x08000198   0x08000198   0x00000000   Code   RO         3856    .ARM.Collect$$$$0000000D  mc_w.l(entry10a.o)
    0x08000198   0x08000198   0x00000000   Code   RO         3858    .ARM.Collect$$$$0000000F  mc_w.l(entry11a.o)
    0x08000198   0x08000198   0x00000004   Code   RO         3847    .ARM.Collect$$$$00002712  mc_w.l(entry2.o)
    0x0800019c   0x0800019c   0x00000024   Code   RO         3190    .text               startup_stm32f4xx.o
    0x080001c0   0x080001c0   0x00000024   Code   RO         3822    .text               mc_w.l(memcpya.o)
    0x080001e4   0x080001e4   0x00000024   Code   RO         3824    .text               mc_w.l(memseta.o)
    0x08000208   0x08000208   0x00000024   Code   RO         3828    .text               mc_w.l(strstr.o)
    0x0800022c   0x0800022c   0x00000018   Code   RO         3830    .text               mc_w.l(strncpy.o)
    0x08000244   0x08000244   0x0000000e   Code   RO         3832    .text               mc_w.l(strlen.o)
    0x08000252   0x08000252   0x0000014e   Code   RO         3836    .text               mf_w.l(dadd.o)
    0x080003a0   0x080003a0   0x00000026   Code   RO         3838    .text               mf_w.l(f2d.o)
    0x080003c6   0x080003c6   0x00000002   PAD
    0x080003c8   0x080003c8   0x00000030   Code   RO         3840    .text               mf_w.l(cdcmple.o)
    0x080003f8   0x080003f8   0x00000030   Code   RO         3842    .text               mf_w.l(cdrcmple.o)
    0x08000428   0x08000428   0x00000038   Code   RO         3844    .text               mf_w.l(d2f.o)
    0x08000460   0x08000460   0x0000001e   Code   RO         3860    .text               mc_w.l(llshl.o)
    0x0800047e   0x0800047e   0x00000024   Code   RO         3862    .text               mc_w.l(llsshr.o)
    0x080004a2   0x080004a2   0x00000000   Code   RO         3864    .text               mc_w.l(iusefp.o)
    0x080004a2   0x080004a2   0x0000006e   Code   RO         3865    .text               mf_w.l(fepilogue.o)
    0x08000510   0x08000510   0x000000ba   Code   RO         3867    .text               mf_w.l(depilogue.o)
    0x080005ca   0x080005ca   0x00000002   PAD
    0x080005cc   0x080005cc   0x00000024   Code   RO         3869    .text               mc_w.l(init.o)
    0x080005f0   0x080005f0   0x00000020   Code   RO         3871    .text               mc_w.l(llushr.o)
    0x08000610   0x08000610   0x00000056   Code   RO         3881    .text               mc_w.l(__dczerorl2.o)
    0x08000666   0x08000666   0x00000002   PAD
    0x08000668   0x08000668   0x0000002c   Code   RO          509    i.BSP_Delay         usb_bsp.o
    0x08000694   0x08000694   0x0000006a   Code   RO          510    i.BSP_SetTime       usb_bsp.o
    0x080006fe   0x080006fe   0x00000004   Code   RO          397    i.BusFault_Handler  stm32f4xx_it.o
    0x08000702   0x08000702   0x00000002   Code   RO          398    i.DebugMon_Handler  stm32f4xx_it.o
    0x08000704   0x08000704   0x00000018   Code   RO          138    i.Delay             main.o
    0x0800071c   0x0800071c   0x00000020   Code   RO          139    i.EnableTimerInterrupt  main.o
    0x0800073c   0x0800073c   0x00000090   Code   RO         1878    i.GPIO_Init         stm32f4xx_gpio.o
    0x080007cc   0x080007cc   0x00000046   Code   RO         1879    i.GPIO_PinAFConfig  stm32f4xx_gpio.o
    0x08000812   0x08000812   0x00000012   Code   RO         1882    i.GPIO_ReadInputDataBit  stm32f4xx_gpio.o
    0x08000824   0x08000824   0x00000004   Code   RO         1885    i.GPIO_ResetBits    stm32f4xx_gpio.o
    0x08000828   0x08000828   0x00000004   Code   RO         1886    i.GPIO_SetBits      stm32f4xx_gpio.o
    0x0800082c   0x0800082c   0x00000008   Code   RO         1888    i.GPIO_ToggleBits   stm32f4xx_gpio.o
    0x08000834   0x08000834   0x0000000a   Code   RO         1890    i.GPIO_WriteBit     stm32f4xx_gpio.o
    0x0800083e   0x0800083e   0x0000000a   Code   RO         3380    i.HCD_GetCurrentFrame  usb_hcd.o
    0x08000848   0x08000848   0x00000014   Code   RO         3381    i.HCD_GetCurrentSpeed  usb_hcd.o
    0x0800085c   0x0800085c   0x0000000a   Code   RO         3382    i.HCD_GetHCState    usb_hcd.o
    0x08000866   0x08000866   0x0000000a   Code   RO         3383    i.HCD_GetURB_State  usb_hcd.o
    0x08000870   0x08000870   0x0000000c   Code   RO         3384    i.HCD_GetXferCnt    usb_hcd.o
    0x0800087c   0x0800087c   0x00000060   Code   RO         3386    i.HCD_Init          usb_hcd.o
    0x080008dc   0x080008dc   0x00000008   Code   RO         3387    i.HCD_IsDeviceConnected  usb_hcd.o
    0x080008e4   0x080008e4   0x0000000e   Code   RO         3388    i.HCD_ResetPort     usb_hcd.o
    0x080008f2   0x080008f2   0x00000020   Code   RO         3389    i.HCD_SubmitRequest  usb_hcd.o
    0x08000912   0x08000912   0x00000004   Code   RO          399    i.HardFault_Handler  stm32f4xx_it.o
    0x08000916   0x08000916   0x00000002   PAD
    0x08000918   0x08000918   0x0000001c   Code   RO          831    i.I2C_Addr          i2clib.o
    0x08000934   0x08000934   0x0000002a   Code   RO         1977    i.I2C_CheckEvent    stm32f4xx_i2c.o
    0x0800095e   0x0800095e   0x00000018   Code   RO         1980    i.I2C_Cmd           stm32f4xx_i2c.o
    0x08000976   0x08000976   0x00000018   Code   RO         1987    i.I2C_GenerateSTART  stm32f4xx_i2c.o
    0x0800098e   0x0800098e   0x00000018   Code   RO         1988    i.I2C_GenerateSTOP  stm32f4xx_i2c.o
    0x080009a6   0x080009a6   0x00000002   PAD
    0x080009a8   0x080009a8   0x000000e8   Code   RO         1994    i.I2C_Init          stm32f4xx_i2c.o
    0x08000a90   0x08000a90   0x000000ac   Code   RO          833    i.I2C_LowLevel_Init  i2clib.o
    0x08000b3c   0x08000b3c   0x0000011c   Code   RO          834    i.I2C_RdBuf         i2clib.o
    0x08000c58   0x08000c58   0x00000040   Code   RO          836    i.I2C_RdData        i2clib.o
    0x08000c98   0x08000c98   0x00000020   Code   RO          837    i.I2C_Read          i2clib.o
    0x08000cb8   0x08000cb8   0x00000010   Code   RO         2001    i.I2C_Send7bitAddress  stm32f4xx_i2c.o
    0x08000cc8   0x08000cc8   0x00000004   Code   RO         2002    i.I2C_SendData      stm32f4xx_i2c.o
    0x08000ccc   0x08000ccc   0x0000001c   Code   RO          838    i.I2C_Start         i2clib.o
    0x08000ce8   0x08000ce8   0x00000048   Code   RO          140    i.InitializeTimer   main.o
    0x08000d30   0x08000d30   0x00000004   Code   RO          400    i.MemManage_Handler  stm32f4xx_it.o
    0x08000d34   0x08000d34   0x00000002   Code   RO          401    i.NMI_Handler       stm32f4xx_it.o
    0x08000d36   0x08000d36   0x00000002   PAD
    0x08000d38   0x08000d38   0x00000078   Code   RO         1094    i.NVIC_Init         misc.o
    0x08000db0   0x08000db0   0x00000014   Code   RO         1095    i.NVIC_PriorityGroupConfig  misc.o
    0x08000dc4   0x08000dc4   0x00000014   Code   RO         1096    i.NVIC_SetVectorTable  misc.o
    0x08000dd8   0x08000dd8   0x00000010   Code   RO          402    i.OTG_FS_IRQHandler  stm32f4xx_it.o
    0x08000de8   0x08000de8   0x00000002   Code   RO          403    i.PendSV_Handler    stm32f4xx_it.o
    0x08000dea   0x08000dea   0x00000002   PAD
    0x08000dec   0x08000dec   0x00000020   Code   RO         2185    i.RCC_AHB1PeriphClockCmd  stm32f4xx_rcc.o
    0x08000e0c   0x08000e0c   0x00000020   Code   RO         2188    i.RCC_AHB2PeriphClockCmd  stm32f4xx_rcc.o
    0x08000e2c   0x08000e2c   0x00000020   Code   RO         2194    i.RCC_APB1PeriphClockCmd  stm32f4xx_rcc.o
    0x08000e4c   0x08000e4c   0x00000020   Code   RO         2196    i.RCC_APB1PeriphResetCmd  stm32f4xx_rcc.o
    0x08000e6c   0x08000e6c   0x00000020   Code   RO         2197    i.RCC_APB2PeriphClockCmd  stm32f4xx_rcc.o
    0x08000e8c   0x08000e8c   0x000000e4   Code   RO         2206    i.RCC_GetClocksFreq  stm32f4xx_rcc.o
    0x08000f70   0x08000f70   0x00000020   Code   RO          924    i.STM_EVAL_PBGetState  stm32f4_discovery.o
    0x08000f90   0x08000f90   0x00000002   Code   RO          404    i.SVC_Handler       stm32f4xx_it.o
    0x08000f92   0x08000f92   0x00000002   PAD
    0x08000f94   0x08000f94   0x000000e8   Code   RO            2    i.SetSysClock       system_stm32f4xx.o
    0x0800107c   0x0800107c   0x00000008   Code   RO          405    i.SysTick_Handler   stm32f4xx_it.o
    0x08001084   0x08001084   0x00000068   Code   RO            4    i.SystemInit        system_stm32f4xx.o
    0x080010ec   0x080010ec   0x00000010   Code   RO          406    i.TIM2_IRQHandler   stm32f4xx_it.o
    0x080010fc   0x080010fc   0x000000a8   Code   RO          407    i.TIM3_IRQHandler   stm32f4xx_it.o
    0x080011a4   0x080011a4   0x00000018   Code   RO         2631    i.TIM_ARRPreloadConfig  stm32f4xx_tim.o
    0x080011bc   0x080011bc   0x00000006   Code   RO         2638    i.TIM_ClearITPendingBit  stm32f4xx_tim.o
    0x080011c2   0x080011c2   0x00000018   Code   RO         2643    i.TIM_Cmd           stm32f4xx_tim.o
    0x080011da   0x080011da   0x00000022   Code   RO         2664    i.TIM_GetITStatus   stm32f4xx_tim.o
    0x080011fc   0x080011fc   0x00000012   Code   RO         2668    i.TIM_ITConfig      stm32f4xx_tim.o
    0x0800120e   0x0800120e   0x00000002   PAD
    0x08001210   0x08001210   0x00000084   Code   RO         2715    i.TIM_TimeBaseInit  stm32f4xx_tim.o
    0x08001294   0x08001294   0x00000018   Code   RO          141    i.TimingDelay_Decrement  main.o
    0x080012ac   0x080012ac   0x000001b4   Code   RO          723    i.USBH_ADK_ClassRequest  usbh_adk_core.o
    0x08001460   0x08001460   0x000000d8   Code   RO          724    i.USBH_ADK_Handle   usbh_adk_core.o
    0x08001538   0x08001538   0x000000a8   Code   RO          725    i.USBH_ADK_Init     usbh_adk_core.o
    0x080015e0   0x080015e0   0x00000054   Code   RO          726    i.USBH_ADK_InterfaceDeInit  usbh_adk_core.o
    0x08001634   0x08001634   0x00000018   Code   RO          727    i.USBH_ADK_InterfaceInit  usbh_adk_core.o
    0x0800164c   0x0800164c   0x000000b4   Code   RO          728    i.USBH_ADK_configAndroid  usbh_adk_core.o
    0x08001700   0x08001700   0x0000002c   Code   RO          729    i.USBH_ADK_getProtocol  usbh_adk_core.o
    0x0800172c   0x0800172c   0x0000000c   Code   RO          730    i.USBH_ADK_getStatus  usbh_adk_core.o
    0x08001738   0x08001738   0x00000038   Code   RO          731    i.USBH_ADK_read     usbh_adk_core.o
    0x08001770   0x08001770   0x00000036   Code   RO          732    i.USBH_ADK_sendString  usbh_adk_core.o
    0x080017a6   0x080017a6   0x00000024   Code   RO          733    i.USBH_ADK_switch   usbh_adk_core.o
    0x080017ca   0x080017ca   0x00000002   PAD
    0x080017cc   0x080017cc   0x00000024   Code   RO          734    i.USBH_ADK_write    usbh_adk_core.o
    0x080017f0   0x080017f0   0x00000026   Code   RO         3601    i.USBH_Alloc_Channel  usbh_hcs.o
    0x08001816   0x08001816   0x00000060   Code   RO         3646    i.USBH_BulkReceiveData  usbh_ioreq.o
    0x08001876   0x08001876   0x0000005e   Code   RO         3647    i.USBH_BulkSendData  usbh_ioreq.o
    0x080018d4   0x080018d4   0x0000000c   Code   RO         3516    i.USBH_Connected    usbh_core.o
    0x080018e0   0x080018e0   0x00000046   Code   RO         3648    i.USBH_CtlReceiveData  usbh_ioreq.o
    0x08001926   0x08001926   0x00000064   Code   RO         3649    i.USBH_CtlReq       usbh_ioreq.o
    0x0800198a   0x0800198a   0x0000006e   Code   RO         3650    i.USBH_CtlSendData  usbh_ioreq.o
    0x080019f8   0x080019f8   0x00000042   Code   RO         3651    i.USBH_CtlSendSetup  usbh_ioreq.o
    0x08001a3a   0x08001a3a   0x0000001c   Code   RO         3602    i.USBH_DeAllocate_AllChannel  usbh_hcs.o
    0x08001a56   0x08001a56   0x0000003a   Code   RO         3517    i.USBH_DeInit       usbh_core.o
    0x08001a90   0x08001a90   0x0000000c   Code   RO         3518    i.USBH_Disconnected  usbh_core.o
    0x08001a9c   0x08001a9c   0x0000002e   Code   RO         3519    i.USBH_ErrorHandle  usbh_core.o
    0x08001aca   0x08001aca   0x0000001e   Code   RO         3603    i.USBH_Free_Channel  usbh_hcs.o
    0x08001ae8   0x08001ae8   0x00000044   Code   RO         3725    i.USBH_GetDescriptor  usbh_stdreq.o
    0x08001b2c   0x08001b2c   0x00000028   Code   RO         3604    i.USBH_GetFreeChannel  usbh_hcs.o
    0x08001b54   0x08001b54   0x00000012   Code   RO         3726    i.USBH_GetNextDesc  usbh_stdreq.o
    0x08001b66   0x08001b66   0x00000002   PAD
    0x08001b68   0x08001b68   0x0000005c   Code   RO         3727    i.USBH_Get_CfgDesc  usbh_stdreq.o
    0x08001bc4   0x08001bc4   0x00000038   Code   RO         3728    i.USBH_Get_DevDesc  usbh_stdreq.o
    0x08001bfc   0x08001bfc   0x0000003c   Code   RO         3729    i.USBH_Get_StringDesc  usbh_stdreq.o
    0x08001c38   0x08001c38   0x00000224   Code   RO         3520    i.USBH_HandleControl  usbh_core.o
    0x08001e5c   0x08001e5c   0x00000228   Code   RO         3521    i.USBH_HandleEnum   usbh_core.o
    0x08002084   0x08002084   0x00000044   Code   RO         3522    i.USBH_Init         usbh_core.o
    0x080020c8   0x080020c8   0x00000064   Code   RO         3605    i.USBH_Modify_Channel  usbh_hcs.o
    0x0800212c   0x0800212c   0x000000a8   Code   RO         3450    i.USBH_OTG_ISR_Handler  usb_hcd_int.o
    0x080021d4   0x080021d4   0x0000009a   Code   RO         3606    i.USBH_Open_Channel  usbh_hcs.o
    0x0800226e   0x0800226e   0x00000002   PAD
    0x08002270   0x08002270   0x0000011c   Code   RO         3730    i.USBH_ParseCfgDesc  usbh_stdreq.o
    0x0800238c   0x0800238c   0x00000058   Code   RO         3731    i.USBH_ParseDevDesc  usbh_stdreq.o
    0x080023e4   0x080023e4   0x00000020   Code   RO         3732    i.USBH_ParseEPDesc  usbh_stdreq.o
    0x08002404   0x08002404   0x00000026   Code   RO         3733    i.USBH_ParseInterfaceDesc  usbh_stdreq.o
    0x0800242a   0x0800242a   0x00000036   Code   RO         3734    i.USBH_ParseStringDesc  usbh_stdreq.o
    0x08002460   0x08002460   0x000001c0   Code   RO         3523    i.USBH_Process      usbh_core.o
    0x08002620   0x08002620   0x00000006   Code   RO         3524    i.USBH_SOF          usbh_core.o
    0x08002626   0x08002626   0x00000026   Code   RO         3735    i.USBH_SetAddress   usbh_stdreq.o
    0x0800264c   0x0800264c   0x00000026   Code   RO         3736    i.USBH_SetCfg       usbh_stdreq.o
    0x08002672   0x08002672   0x00000018   Code   RO         3656    i.USBH_SubmitSetupRequest  usbh_ioreq.o
    0x0800268a   0x0800268a   0x00000004   Code   RO          579    i.USBH_USR_ADK_Application  usbh_usr.o
    0x0800268e   0x0800268e   0x00000002   Code   RO          580    i.USBH_USR_Configuration_DescAvailable  usbh_usr.o
    0x08002690   0x08002690   0x00000002   Code   RO          581    i.USBH_USR_DeInit   usbh_usr.o
    0x08002692   0x08002692   0x00000002   Code   RO          582    i.USBH_USR_DeviceAddressAssigned  usbh_usr.o
    0x08002694   0x08002694   0x00000002   Code   RO          583    i.USBH_USR_DeviceAttached  usbh_usr.o
    0x08002696   0x08002696   0x00000002   Code   RO          584    i.USBH_USR_DeviceDisconnected  usbh_usr.o
    0x08002698   0x08002698   0x00000002   Code   RO          585    i.USBH_USR_DeviceNotSupported  usbh_usr.o
    0x0800269a   0x0800269a   0x0000000a   Code   RO          586    i.USBH_USR_DeviceSpeedDetected  usbh_usr.o
    0x080026a4   0x080026a4   0x00000002   Code   RO          587    i.USBH_USR_Device_DescAvailable  usbh_usr.o
    0x080026a6   0x080026a6   0x00000002   Code   RO          588    i.USBH_USR_EnumerationDone  usbh_usr.o
    0x080026a8   0x080026a8   0x00000014   Code   RO          589    i.USBH_USR_Init     usbh_usr.o
    0x080026bc   0x080026bc   0x00000002   Code   RO          590    i.USBH_USR_Manufacturer_String  usbh_usr.o
    0x080026be   0x080026be   0x00000002   Code   RO          591    i.USBH_USR_OverCurrentDetected  usbh_usr.o
    0x080026c0   0x080026c0   0x00000002   Code   RO          592    i.USBH_USR_Product_String  usbh_usr.o
    0x080026c2   0x080026c2   0x00000002   Code   RO          593    i.USBH_USR_ResetDevice  usbh_usr.o
    0x080026c4   0x080026c4   0x00000002   Code   RO          594    i.USBH_USR_SerialNum_String  usbh_usr.o
    0x080026c6   0x080026c6   0x00000002   Code   RO          595    i.USBH_USR_UnrecoveredError  usbh_usr.o
    0x080026c8   0x080026c8   0x00000004   Code   RO          596    i.USBH_USR_UserInput  usbh_usr.o
    0x080026cc   0x080026cc   0x00000048   Code   RO          511    i.USB_OTG_BSP_ConfigVBUS  usb_bsp.o
    0x08002714   0x08002714   0x00000024   Code   RO          512    i.USB_OTG_BSP_DriveVBUS  usb_bsp.o
    0x08002738   0x08002738   0x0000002c   Code   RO          513    i.USB_OTG_BSP_EnableInterrupt  usb_bsp.o
    0x08002764   0x08002764   0x00000060   Code   RO          514    i.USB_OTG_BSP_Init  usb_bsp.o
    0x080027c4   0x080027c4   0x00000038   Code   RO          515    i.USB_OTG_BSP_TimeInit  usb_bsp.o
    0x080027fc   0x080027fc   0x00000038   Code   RO          516    i.USB_OTG_BSP_TimerIRQ  usb_bsp.o
    0x08002834   0x08002834   0x0000000e   Code   RO          517    i.USB_OTG_BSP_mDelay  usb_bsp.o
    0x08002842   0x08002842   0x0000000e   Code   RO          518    i.USB_OTG_BSP_uDelay  usb_bsp.o
    0x08002850   0x08002850   0x00000126   Code   RO         3195    i.USB_OTG_CoreInit  usb_core.o
    0x08002976   0x08002976   0x000000d6   Code   RO         3196    i.USB_OTG_CoreInitHost  usb_core.o
    0x08002a4c   0x08002a4c   0x00000070   Code   RO         3197    i.USB_OTG_CoreReset  usb_core.o
    0x08002abc   0x08002abc   0x00000022   Code   RO         3198    i.USB_OTG_DisableGlobalInt  usb_core.o
    0x08002ade   0x08002ade   0x0000005c   Code   RO         3199    i.USB_OTG_DriveVbus  usb_core.o
    0x08002b3a   0x08002b3a   0x00000034   Code   RO         3200    i.USB_OTG_EnableCommonInt  usb_core.o
    0x08002b6e   0x08002b6e   0x00000022   Code   RO         3201    i.USB_OTG_EnableGlobalInt  usb_core.o
    0x08002b90   0x08002b90   0x00000074   Code   RO         3202    i.USB_OTG_EnableHostInt  usb_core.o
    0x08002c04   0x08002c04   0x0000004c   Code   RO         3203    i.USB_OTG_FlushRxFifo  usb_core.o
    0x08002c50   0x08002c50   0x00000054   Code   RO         3204    i.USB_OTG_FlushTxFifo  usb_core.o
    0x08002ca4   0x08002ca4   0x0000000c   Code   RO         3205    i.USB_OTG_GetMode   usb_core.o
    0x08002cb0   0x08002cb0   0x0000005a   Code   RO         3206    i.USB_OTG_HC_DoPing  usb_core.o
    0x08002d0a   0x08002d0a   0x00000082   Code   RO         3207    i.USB_OTG_HC_Halt   usb_core.o
    0x08002d8c   0x08002d8c   0x00000238   Code   RO         3208    i.USB_OTG_HC_Init   usb_core.o
    0x08002fc4   0x08002fc4   0x000001f6   Code   RO         3209    i.USB_OTG_HC_StartXfer  usb_core.o
    0x080031ba   0x080031ba   0x00000018   Code   RO         3210    i.USB_OTG_InitFSLSPClkSel  usb_core.o
    0x080031d2   0x080031d2   0x00000010   Code   RO         3212    i.USB_OTG_IsEvenFrame  usb_core.o
    0x080031e2   0x080031e2   0x00000014   Code   RO         3213    i.USB_OTG_IsHostMode  usb_core.o
    0x080031f6   0x080031f6   0x00000010   Code   RO         3214    i.USB_OTG_ReadCoreItr  usb_core.o
    0x08003206   0x08003206   0x00000030   Code   RO         3215    i.USB_OTG_ReadHPRT0  usb_core.o
    0x08003236   0x08003236   0x00000008   Code   RO         3216    i.USB_OTG_ReadHostAllChannels_intr  usb_core.o
    0x0800323e   0x0800323e   0x00000028   Code   RO         3218    i.USB_OTG_ReadPacket  usb_core.o
    0x08003266   0x08003266   0x00000040   Code   RO         3219    i.USB_OTG_ResetPort  usb_core.o
    0x080032a6   0x080032a6   0x00000002   PAD
    0x080032a8   0x080032a8   0x000000d0   Code   RO         3220    i.USB_OTG_SelectCore  usb_core.o
    0x08003378   0x08003378   0x0000004e   Code   RO         3221    i.USB_OTG_SetCurrentMode  usb_core.o
    0x080033c6   0x080033c6   0x00000002   PAD
    0x080033c8   0x080033c8   0x0000002c   Code   RO         3451    i.USB_OTG_USBH_handle_Disconnect_ISR  usb_hcd_int.o
    0x080033f4   0x080033f4   0x00000046   Code   RO         3452    i.USB_OTG_USBH_handle_IncompletePeriodicXfer_ISR  usb_hcd_int.o
    0x0800343a   0x0800343a   0x00000056   Code   RO         3453    i.USB_OTG_USBH_handle_hc_ISR  usb_hcd_int.o
    0x08003490   0x08003490   0x0000042a   Code   RO         3454    i.USB_OTG_USBH_handle_hc_n_In_ISR  usb_hcd_int.o
    0x080038ba   0x080038ba   0x000003d0   Code   RO         3455    i.USB_OTG_USBH_handle_hc_n_Out_ISR  usb_hcd_int.o
    0x08003c8a   0x08003c8a   0x0000012e   Code   RO         3456    i.USB_OTG_USBH_handle_nptxfempty_ISR  usb_hcd_int.o
    0x08003db8   0x08003db8   0x00000120   Code   RO         3457    i.USB_OTG_USBH_handle_port_ISR  usb_hcd_int.o
    0x08003ed8   0x08003ed8   0x0000012e   Code   RO         3458    i.USB_OTG_USBH_handle_ptxfempty_ISR  usb_hcd_int.o
    0x08004006   0x08004006   0x00000164   Code   RO         3459    i.USB_OTG_USBH_handle_rx_qlvl_ISR  usb_hcd_int.o
    0x0800416a   0x0800416a   0x00000002   PAD
    0x0800416c   0x0800416c   0x0000002c   Code   RO         3460    i.USB_OTG_USBH_handle_sof_ISR  usb_hcd_int.o
    0x08004198   0x08004198   0x00000040   Code   RO         3223    i.USB_OTG_WritePacket  usb_core.o
    0x080041d8   0x080041d8   0x00000004   Code   RO          408    i.UsageFault_Handler  stm32f4xx_it.o
    0x080041dc   0x080041dc   0x00000028   Code   RO          842    i.WaitLineIdle      i2clib.o
    0x08004204   0x08004204   0x00000028   Code   RO          843    i.WaitSR1FlagsSet   i2clib.o
    0x0800422c   0x0800422c   0x0000008c   Code   RO          844    i.Write_24Cxx       i2clib.o
    0x080042b8   0x080042b8   0x0000000e   Code   RO         3875    i.__scatterload_copy  mc_w.l(handlers.o)
    0x080042c6   0x080042c6   0x00000002   Code   RO         3876    i.__scatterload_null  mc_w.l(handlers.o)
    0x080042c8   0x080042c8   0x0000000e   Code   RO         3877    i.__scatterload_zeroinit  mc_w.l(handlers.o)
    0x080042d6   0x080042d6   0x00000002   PAD
    0x080042d8   0x080042d8   0x000000b8   Code   RO          142    i.chargercontrol_pins  main.o
    0x08004390   0x08004390   0x00000048   Code   RO          144    i.ledshow           main.o
    0x080043d8   0x080043d8   0x00000200   Code   RO          145    i.main              main.o
    0x080045d8   0x080045d8   0x0000005c   Code   RO          146    i.poweroff          main.o
    0x08004634   0x08004634   0x000000d4   Code   RO          148    i.poweron_adkinit   main.o
    0x08004708   0x08004708   0x000003e0   Code   RO          149    i.readbatvoltage    main.o
    0x08004ae8   0x08004ae8   0x000000e0   Code   RO         3525    i.reinit_ADK        usbh_core.o
    0x08004bc8   0x08004bc8   0x00000025   Data   RO          926    .constdata          stm32f4_discovery.o
    0x08004bed   0x08004bed   0x00000003   PAD
    0x08004bf0   0x08004bf0   0x00000020   Data   RO         3873    Region$$Table       anon$$obj.o


    Execution Region RW_IRAM1 (Exec base: 0x20000000, Load base: 0x08004c10, Size: 0x00001150, Max: 0x00020000, ABSOLUTE, COMPRESSED[0x000000fc])

    Exec Addr    Load Addr    Size         Type   Attr      Idx    E Section Name        Object

    0x20000000   COMPRESSED   0x000001d4   Data   RW          151    .data               main.o
    0x200001d4   COMPRESSED   0x00000004   Data   RW          409    .data               stm32f4xx_it.o
    0x200001d8   COMPRESSED   0x00000008   Data   RW          519    .data               usb_bsp.o
    0x200001e0   COMPRESSED   0x00000049   Data   RW          597    .data               usbh_usr.o
    0x20000229   COMPRESSED   0x00000003   PAD
    0x2000022c   COMPRESSED   0x00000018   Data   RW          736    .data               usbh_adk_core.o
    0x20000244   COMPRESSED   0x00000018   Data   RW          927    .data               stm32f4_discovery.o
    0x2000025c   COMPRESSED   0x00000010   Data   RW         2229    .data               stm32f4xx_rcc.o
    0x2000026c   COMPRESSED   0x00000016   Data   RW         3527    .data               usbh_core.o
    0x20000282   COMPRESSED   0x00000003   Data   RW         3739    .data               usbh_stdreq.o
    0x20000285   COMPRESSED   0x00000003   PAD
    0x20000288        -       0x00000630   Zero   RW          150    .bss                main.o
    0x200008b8        -       0x00000212   Zero   RW          735    .bss                usbh_adk_core.o
    0x20000aca        -       0x00000080   Zero   RW         3526    .bss                usbh_core.o
    0x20000b4a        -       0x00000200   Zero   RW         3738    .bss                usbh_stdreq.o
    0x20000d4a   COMPRESSED   0x00000006   PAD
    0x20000d50        -       0x00000400   Zero   RW         3187    STACK               startup_stm32f4xx.o


==============================================================================

Image component sizes


      Code (inc. data)   RO Data    RW Data    ZI Data      Debug   Object Name

       828         66          0          0          0       6369   i2clib.o
      2216        318          0        468       1584     307717   main.o
       160         32          0          0          0       4249   misc.o
        36          8        392          0       1024        932   startup_stm32f4xx.o
        32         10         37         24          0       3099   stm32f4_discovery.o
       258          0          0          0          0      11809   stm32f4xx_gpio.o
       366         14          0          0          0      13606   stm32f4xx_i2c.o
       232         54          0          4          0      25359   stm32f4xx_it.o
       388         44          0         16          0      19161   stm32f4xx_rcc.o
         0          0          0          0          0      12952   stm32f4xx_syscfg.o
       238         28          0          0          0      24705   stm32f4xx_tim.o
       336         38          0          0          0       6085   system_stm32f4xx.o
       538         28          0          8          0       6836   usb_bsp.o
      2996         18          0          0          0      20279   usb_core.o
       212          0          0          0          0       6340   usb_hcd.o
      3702         16          0          0          0      11119   usb_hcd_int.o
      1346         66          0         24        530      18769   usbh_adk_core.o
      1974        124          0         22        128      11054   usbh_core.o
       390          0          0          0          0       5012   usbh_hcs.o
       560          0          0          0          0       9298   usbh_ioreq.o
       866         14          0          3        512      10459   usbh_stdreq.o
        66          6          0         73          0      34400   usbh_usr.o

    ----------------------------------------------------------------------
     17764        884        464        648       3784     569609   Object Totals
         0          0         32          0          0          0   (incl. Generated)
        24          0          3          6          6          0   (incl. Padding)

    ----------------------------------------------------------------------

      Code (inc. data)   RO Data    RW Data    ZI Data      Debug   Library Member Name

        86          0          0          0          0          0   __dczerorl2.o
         0          0          0          0          0          0   entry.o
         0          0          0          0          0          0   entry10a.o
         0          0          0          0          0          0   entry11a.o
         8          4          0          0          0          0   entry2.o
         4          0          0          0          0          0   entry5.o
         0          0          0          0          0          0   entry7b.o
         0          0          0          0          0          0   entry8b.o
         8          4          0          0          0          0   entry9a.o
        30          0          0          0          0          0   handlers.o
        36          8          0          0          0         68   init.o
         0          0          0          0          0          0   iusefp.o
        30          0          0          0          0         68   llshl.o
        36          0          0          0          0         68   llsshr.o
        32          0          0          0          0         68   llushr.o
        36          0          0          0          0         68   memcpya.o
        36          0          0          0          0        108   memseta.o
        14          0          0          0          0         68   strlen.o
        24          0          0          0          0         76   strncpy.o
        36          0          0          0          0         80   strstr.o
        48          0          0          0          0         68   cdcmple.o
        48          0          0          0          0         68   cdrcmple.o
        56          0          0          0          0         88   d2f.o
       334          0          0          0          0        148   dadd.o
       186          0          0          0          0        176   depilogue.o
        38          0          0          0          0         68   f2d.o
       110          0          0          0          0        168   fepilogue.o

    ----------------------------------------------------------------------
      1244         16          0          0          0       1456   Library Totals
         8          0          0          0          0          0   (incl. Padding)

    ----------------------------------------------------------------------

      Code (inc. data)   RO Data    RW Data    ZI Data      Debug   Library Name

       416         16          0          0          0        672   mc_w.l
       820          0          0          0          0        784   mf_w.l

    ----------------------------------------------------------------------
      1244         16          0          0          0       1456   Library Totals

    ----------------------------------------------------------------------

==============================================================================


      Code (inc. data)   RO Data    RW Data    ZI Data      Debug   

     19008        900        464        648       3784     552973   Grand Totals
     19008        900        464        252       3784     552973   ELF Image Totals (compressed)
     19008        900        464        252          0          0   ROM Totals

==============================================================================

    Total RO  Size (Code + RO Data)                19472 (  19.02kB)
    Total RW  Size (RW Data + ZI Data)              4432 (   4.33kB)
    Total ROM Size (Code + RO Data + RW Data)      19724 (  19.26kB)

==============================================================================

